Archive member included to satisfy reference by file (symbol)

app/libapp.a(main.c.obj)      (--whole-archive)
app/libapp.a(lte.c.obj)       (--whole-archive)
app/libapp.a(coap_onem2m.c.obj)
                              (--whole-archive)
app/libapp.a(i2c.c.obj)       (--whole-archive)
zephyr/libzephyr.a(cbprintf_packaged.c.obj)
                              (--whole-archive)
zephyr/libzephyr.a(dec.c.obj)
                              (--whole-archive)
zephyr/libzephyr.a(hex.c.obj)
                              (--whole-archive)
zephyr/libzephyr.a(printk.c.obj)
                              (--whole-archive)
zephyr/libzephyr.a(rb.c.obj)  (--whole-archive)
zephyr/libzephyr.a(sem.c.obj)
                              (--whole-archive)
zephyr/libzephyr.a(thread_entry.c.obj)
                              (--whole-archive)
zephyr/libzephyr.a(timeutil.c.obj)
                              (--whole-archive)
zephyr/libzephyr.a(heap.c.obj)
                              (--whole-archive)
zephyr/libzephyr.a(heap-validate.c.obj)
                              (--whole-archive)
zephyr/libzephyr.a(bitarray.c.obj)
                              (--whole-archive)
zephyr/libzephyr.a(multi_heap.c.obj)
                              (--whole-archive)
zephyr/libzephyr.a(fdtable.c.obj)
                              (--whole-archive)
zephyr/libzephyr.a(onoff.c.obj)
                              (--whole-archive)
zephyr/libzephyr.a(notify.c.obj)
                              (--whole-archive)
zephyr/libzephyr.a(cbprintf_complete.c.obj)
                              (--whole-archive)
zephyr/libzephyr.a(cbprintf.c.obj)
                              (--whole-archive)
zephyr/libzephyr.a(json.c.obj)
                              (--whole-archive)
zephyr/libzephyr.a(assert.c.obj)
                              (--whole-archive)
zephyr/libzephyr.a(mpsc_pbuf.c.obj)
                              (--whole-archive)
zephyr/libzephyr.a(reboot.c.obj)
                              (--whole-archive)
zephyr/libzephyr.a(configs.c.obj)
                              (--whole-archive)
zephyr/libzephyr.a(log_core.c.obj)
                              (--whole-archive)
zephyr/libzephyr.a(log_mgmt.c.obj)
                              (--whole-archive)
zephyr/libzephyr.a(log_cache.c.obj)
                              (--whole-archive)
zephyr/libzephyr.a(log_msg.c.obj)
                              (--whole-archive)
zephyr/libzephyr.a(log_output.c.obj)
                              (--whole-archive)
zephyr/libzephyr.a(log_backend_uart.c.obj)
                              (--whole-archive)
zephyr/libzephyr.a(mem_attr.c.obj)
                              (--whole-archive)
zephyr/libzephyr.a(tracing_none.c.obj)
                              (--whole-archive)
zephyr/libzephyr.a(addr_utils.c.obj)
                              (--whole-archive)
zephyr/libzephyr.a(coap.c.obj)
                              (--whole-archive)
zephyr/libzephyr.a(coap_link_format.c.obj)
                              (--whole-archive)
zephyr/libzephyr.a(flash_map_partition_manager.c.obj)
                              (--whole-archive)
zephyr/arch/common/libarch__common.a(sw_isr_common.c.obj)
                              (--whole-archive)
zephyr/arch/arch/arm/core/libarch__arm__core.a(fatal.c.obj)
                              (--whole-archive)
zephyr/arch/arch/arm/core/libarch__arm__core.a(nmi.c.obj)
                              (--whole-archive)
zephyr/arch/arch/arm/core/libarch__arm__core.a(nmi_on_reset.S.obj)
                              (--whole-archive)
zephyr/arch/arch/arm/core/cortex_m/libarch__arm__core__cortex_m.a(exc_exit.S.obj)
                              (--whole-archive)
zephyr/arch/arch/arm/core/cortex_m/libarch__arm__core__cortex_m.a(fault.c.obj)
                              (--whole-archive)
zephyr/arch/arch/arm/core/cortex_m/libarch__arm__core__cortex_m.a(fault_s.S.obj)
                              (--whole-archive)
zephyr/arch/arch/arm/core/cortex_m/libarch__arm__core__cortex_m.a(fpu.c.obj)
                              (--whole-archive)
zephyr/arch/arch/arm/core/cortex_m/libarch__arm__core__cortex_m.a(reset.S.obj)
                              (--whole-archive)
zephyr/arch/arch/arm/core/cortex_m/libarch__arm__core__cortex_m.a(scb.c.obj)
                              (--whole-archive)
zephyr/arch/arch/arm/core/cortex_m/libarch__arm__core__cortex_m.a(thread_abort.c.obj)
                              (--whole-archive)
zephyr/arch/arch/arm/core/cortex_m/libarch__arm__core__cortex_m.a(vector_table.S.obj)
                              (--whole-archive)
zephyr/arch/arch/arm/core/cortex_m/libarch__arm__core__cortex_m.a(swap.c.obj)
                              (--whole-archive)
zephyr/arch/arch/arm/core/cortex_m/libarch__arm__core__cortex_m.a(swap_helper.S.obj)
                              (--whole-archive)
zephyr/arch/arch/arm/core/cortex_m/libarch__arm__core__cortex_m.a(irq_manage.c.obj)
                              (--whole-archive)
[...]
Memory Configuration

Name             Origin             Length             Attributes
FLASH            0x0000000000008000 0x00000000000f8000 xr
RAM              0x000000002000c568 0x0000000000033a98 xw
IDT_LIST         0x00000000ffff7fff 0x0000000000008000 xw
*default*        0x0000000000000000 0xffffffffffffffff

Linker script and memory map

LOAD zephyr/CMakeFiles/zephyr_pre0.dir/misc/empty_file.c.obj
LOAD zephyr/CMakeFiles/offsets.dir/./arch/arm/core/offsets/offsets.c.obj
LOAD tfm/api_ns/interface/lib/s_veneers.o
LOAD app/libapp.a
LOAD zephyr/libzephyr.a
LOAD zephyr/arch/common/libarch__common.a
LOAD zephyr/arch/arch/arm/core/libarch__arm__core.a
LOAD zephyr/arch/arch/arm/core/cortex_m/libarch__arm__core__cortex_m.a
LOAD zephyr/arch/arch/arm/core/cortex_m/cmse/libarch__arm__core__cortex_m__cmse.a
LOAD zephyr/arch/arch/arm/core/mpu/libarch__arm__core__mpu.a
LOAD zephyr/lib/libc/newlib/liblib__libc__newlib.a
LOAD zephyr/lib/libc/common/liblib__libc__common.a
LOAD zephyr/soc/soc/arm/nordic_nrf/libsoc__arm__nordic_nrf.a
LOAD zephyr/subsys/random/libsubsys__random.a
LOAD zephyr/subsys/net/libsubsys__net.a
LOAD zephyr/subsys/net/l2/offloaded_netdev/libsubsys__net__l2__offloaded_netdev.a
LOAD zephyr/subsys/net/ip/libsubsys__net__ip.a
LOAD zephyr/drivers/clock_control/libdrivers__clock_control.a
LOAD zephyr/drivers/console/libdrivers__console.a
LOAD zephyr/drivers/entropy/libdrivers__entropy.a
LOAD zephyr/drivers/gpio/libdrivers__gpio.a
LOAD zephyr/drivers/i2c/libdrivers__i2c.a
LOAD zephyr/drivers/pinctrl/libdrivers__pinctrl.a
LOAD zephyr/drivers/serial/libdrivers__serial.a
LOAD zephyr/drivers/timer/libdrivers__timer.a
LOAD modules/nrf/lib/nrf_modem_lib/lib..__nrf__lib__nrf_modem_lib.a
LOAD modules/nrf/lib/dk_buttons_and_leds/lib..__nrf__lib__dk_buttons_and_leds.a
LOAD modules/nrf/lib/at_monitor/lib..__nrf__lib__at_monitor.a
LOAD modules/nrf/lib/at_cmd_parser/lib..__nrf__lib__at_cmd_parser.a
LOAD modules/nrf/lib/lte_link_control/lib..__nrf__lib__lte_link_control.a
LOAD modules/nrf/lib/fatal_error/lib..__nrf__lib__fatal_error.a
LOAD modules/nrf/lib/modem_antenna/lib..__nrf__lib__modem_antenna.a
LOAD modules/nrf/subsys/nrf_security/src/zephyr/libmbedtls_zephyr.a
LOAD modules/nrf/modules/trusted-firmware-m/lib..__nrf__modules__trusted-firmware-m.a
LOAD modules/nrf/modules/trusted-firmware-m/libtfm_api_nrf.a
LOAD modules/trusted-firmware-m/libtfm_api.a
LOAD modules/cjson/libcjson.a
LOAD modules/hal_nordic/nrfx/libmodules__hal_nordic__nrfx.a
LOAD /home/jet_mouse/ncs/v2.6.1/nrfxlib/nrf_modem/lib/nRF9120/hard-float/libmodem.a
LOAD zephyr/kernel/libkernel.a
LOAD /home/jet_mouse/ncs/toolchains/e9dba88316/opt/zephyr-sdk/arm-zephyr-eabi/bin/../lib/gcc/arm-zephyr-eabi/12.2.0/thumb/v8-m.main+fp/hard/libgcc.a
LOAD zephyr/arch/common/libisr_tables.a
LOAD /home/jet_mouse/ncs/toolchains/e9dba88316/opt/zephyr-sdk/arm-zephyr-eabi/arm-zephyr-eabi/lib/thumb/v8-m.main+fp/hard/libm_nano.a
LOAD /home/jet_mouse/ncs/toolchains/e9dba88316/opt/zephyr-sdk/arm-zephyr-eabi/arm-zephyr-eabi/lib/thumb/v8-m.main+fp/hard/libc_nano.a
LOAD /home/jet_mouse/ncs/toolchains/e9dba88316/opt/zephyr-sdk/arm-zephyr-eabi/bin/../lib/gcc/arm-zephyr-eabi/12.2.0/thumb/v8-m.main+fp/hard/libgcc.a
LOAD /home/jet_mouse/ncs/toolchains/e9dba88316/opt/zephyr-sdk/arm-zephyr-eabi/arm-zephyr-eabi/lib/thumb/v8-m.main+fp/hard/libc_nano.a
LOAD modules/nrf/subsys/nrf_security/src/libmbedcrypto.a
LOAD /home/jet_mouse/ncs/v2.6.1/nrfxlib/crypto/nrf_oberon/lib/cortex-m33/hard-float/liboberon_mbedtls_3.0.14.a
LOAD modules/nrf/subsys/nrf_security/src/libmbedcrypto_base.a
LOAD /home/jet_mouse/ncs/v2.6.1/nrfxlib/crypto/nrf_oberon/lib/cortex-m33/hard-float/liboberon_3.0.14.a
LOAD /home/jet_mouse/ncs/toolchains/e9dba88316/opt/zephyr-sdk/arm-zephyr-eabi/arm-zephyr-eabi/lib/thumb/v8-m.main+fp/hard/libc_nano.a
                0x0000000000000020                _region_min_align = 0x20

.rel.plt        0x0000000000008000        0x0
 *(SORT_BY_ALIGNMENT(.rel.plt))
                [!provide]                        PROVIDE (__rel_iplt_start = .)
 *(SORT_BY_ALIGNMENT(.rel.iplt))
 .rel.iplt      0x0000000000008000        0x0 app/libapp.a(main.c.obj)
                [!provide]                        PROVIDE (__rel_iplt_end = .)

.rela.plt       0x0000000000000000        0x0
 *(SORT_BY_ALIGNMENT(.rela.plt))
                [!provide]                        PROVIDE (__rela_iplt_start = .)
 *(SORT_BY_ALIGNMENT(.rela.iplt))
                [!provide]                        PROVIDE (__rela_iplt_end = .)

.rel.dyn
 *(SORT_BY_ALIGNMENT(.rel.*))

.rela.dyn
 *(SORT_BY_ALIGNMENT(.rela.*))

/DISCARD/
 *(SORT_BY_ALIGNMENT(.plt))

/DISCARD/
 *(SORT_BY_ALIGNMENT(.iplt))
                0x0000000000008000                __rom_region_start = 0x8000

rom_start       0x0000000000008000      0x144
                0x0000000000008000                __rom_start_address = .
 FILL mask 0x00
                0x0000000000008000                . = (. + (0x0 - (. - __rom_start_address)))
                0x0000000000008000                . = ALIGN (0x4)
                0x0000000000008000                . = ALIGN (0x80)
                0x0000000000008000                . = ALIGN (0x200)
                0x0000000000008000                _vector_start = .
 *(SORT_BY_ALIGNMENT(.exc_vector_table))
 *(SORT_BY_ALIGNMENT(.exc_vector_table.*))
 .exc_vector_table._vector_table_section
                0x0000000000008000       0x40 zephyr/arch/arch/arm/core/cortex_m/libarch__arm__core__cortex_m.a(vector_table.S.obj)
                0x0000000000008000                _vector_table
 *(SORT_BY_ALIGNMENT(.vectors))
                0x0000000000008144                _vector_end = .
                0x0000000000008040                . = ALIGN (0x4)
 *(SORT_BY_ALIGNMENT(.gnu.linkonce.irq_vector_table*))
 .gnu.linkonce.irq_vector_table
                0x0000000000008040      0x104 zephyr/arch/common/libisr_tables.a(isr_tables.c.obj)
                0x0000000000008040                _irq_vector_table
                0x0000000000008144                _vector_end = .

text            0x0000000000008148    0x1599c
                0x0000000000008148                __text_region_start = .
 *(SORT_BY_ALIGNMENT(.text))
 .text          0x0000000000008148      0x378 /home/jet_mouse/ncs/toolchains/e9dba88316/opt/zephyr-sdk/arm-zephyr-eabi/bin/../lib/gcc/arm-zephyr-eabi/12.2.0/thumb/v8-m.main+fp/hard/libgcc.a(_arm_addsubdf3.o)
                0x0000000000008148                __aeabi_drsub
                0x0000000000008150                __aeabi_dsub
                0x0000000000008150                __subdf3
                0x0000000000008154                __adddf3
                0x0000000000008154                __aeabi_dadd
                0x00000000000083cc                __aeabi_ui2d
                0x00000000000083cc                __floatunsidf
                0x00000000000083ec                __floatsidf
                0x00000000000083ec                __aeabi_i2d
                0x0000000000008410                __extendsfdf2
                0x0000000000008410                __aeabi_f2d
                0x0000000000008454                __aeabi_ul2d
                0x0000000000008454                __floatundidf
                0x0000000000008464                __floatdidf
                0x0000000000008464                __aeabi_l2d
 .text          0x00000000000084c0      0x424 /home/jet_mouse/ncs/toolchains/e9dba88316/opt/zephyr-sdk/arm-zephyr-eabi/bin/../lib/gcc/arm-zephyr-eabi/12.2.0/thumb/v8-m.main+fp/hard/libgcc.a(_arm_muldivdf3.o)
                0x00000000000084c0                __aeabi_dmul
                0x00000000000084c0                __muldf3
                0x0000000000008714                __aeabi_ddiv
                0x0000000000008714                __divdf3
 .text          0x00000000000088e4      0x110 /home/jet_mouse/ncs/toolchains/e9dba88316/opt/zephyr-sdk/arm-zephyr-eabi/bin/../lib/gcc/arm-zephyr-eabi/12.2.0/thumb/v8-m.main+fp/hard/libgcc.a(_arm_cmpdf2.o)
                0x00000000000088e4                __gtdf2
                0x00000000000088e4                __gedf2
                0x00000000000088ec                __ltdf2
                0x00000000000088ec                __ledf2
                0x00000000000088f4                __cmpdf2
                0x00000000000088f4                __eqdf2
                0x00000000000088f4                __nedf2
                0x0000000000008970                __aeabi_cdrcmple
                0x0000000000008980                __aeabi_cdcmple
                0x0000000000008980                __aeabi_cdcmpeq
                0x0000000000008990                __aeabi_dcmpeq
                0x00000000000089a4                __aeabi_dcmplt
                0x00000000000089b8                __aeabi_dcmple
                0x00000000000089cc                __aeabi_dcmpge
                0x00000000000089e0                __aeabi_dcmpgt
 .text          0x00000000000089f4       0x2c /home/jet_mouse/ncs/toolchains/e9dba88316/opt/zephyr-sdk/arm-zephyr-eabi/bin/../lib/gcc/arm-zephyr-eabi/12.2.0/thumb/v8-m.main+fp/hard/libgcc.a(_arm_unorddf2.o)
                0x00000000000089f4                __aeabi_dcmpun
                0x00000000000089f4                __unorddf2
 .text          0x0000000000008a20       0x50 /home/jet_mouse/ncs/toolchains/e9dba88316/opt/zephyr-sdk/arm-zephyr-eabi/bin/../lib/gcc/arm-zephyr-eabi/12.2.0/thumb/v8-m.main+fp/hard/libgcc.a(_arm_fixdfsi.o)
                0x0000000000008a20                __fixdfsi
                0x0000000000008a20                __aeabi_d2iz
 .text          0x0000000000008a70       0xa0 /home/jet_mouse/ncs/toolchains/e9dba88316/opt/zephyr-sdk/arm-zephyr-eabi/bin/../lib/gcc/arm-zephyr-eabi/12.2.0/thumb/v8-m.main+fp/hard/libgcc.a(_arm_truncdfsf2.o)
                0x0000000000008a70                __aeabi_d2f
                0x0000000000008a70                __truncdfsf2
 .text          0x0000000000008b10       0x30 /home/jet_mouse/ncs/toolchains/e9dba88316/opt/zephyr-sdk/arm-zephyr-eabi/bin/../lib/gcc/arm-zephyr-eabi/12.2.0/thumb/v8-m.main+fp/hard/libgcc.a(_aeabi_uldivmod.o)
                0x0000000000008b10                __aeabi_uldivmod
 .text          0x0000000000008b40        0x4 /home/jet_mouse/ncs/toolchains/e9dba88316/opt/zephyr-sdk/arm-zephyr-eabi/bin/../lib/gcc/arm-zephyr-eabi/12.2.0/thumb/v8-m.main+fp/hard/libgcc.a(_dvmd_tls.o)
                0x0000000000008b40                __aeabi_ldiv0
                0x0000000000008b40                __aeabi_idiv0
 .text          0x0000000000008b44      0x29c /home/jet_mouse/ncs/toolchains/e9dba88316/opt/zephyr-sdk/arm-zephyr-eabi/bin/../lib/gcc/arm-zephyr-eabi/12.2.0/thumb/v8-m.main+fp/hard/libgcc.a(_udivmoddi4.o)
                0x0000000000008b44                __udivmoddi4
 .text          0x0000000000008de0       0x14 /home/jet_mouse/ncs/toolchains/e9dba88316/opt/zephyr-sdk/arm-zephyr-eabi/arm-zephyr-eabi/lib/thumb/v8-m.main+fp/hard/libc_nano.a(lib_a-strcmp.o)
                0x0000000000008de0                strcmp
 .text          0x0000000000008df4       0x10 /home/jet_mouse/ncs/toolchains/e9dba88316/opt/zephyr-sdk/arm-zephyr-eabi/arm-zephyr-eabi/lib/thumb/v8-m.main+fp/hard/libc_nano.a(lib_a-strlen.o)
                0x0000000000008df4                strlen
 *(SORT_BY_ALIGNMENT(.text.*))
 *fill*         0x0000000000008e04        0x4 
 .text.main     0x0000000000008e08      0x1b8 app/libapp.a(main.c.obj)
                0x0000000000008e08                main
 .text.z_cbvprintf_impl
                0x0000000000008fc0      0xcd4 zephyr/libzephyr.a(cbprintf_complete.c.obj)
                0x0000000000008fc0                z_cbvprintf_impl
 *fill*         0x0000000000009c94        0x4 
 .text.parse_edrx
                0x0000000000009c98      0x1d0 modules/nrf/lib/lte_link_control/lib..__nrf__lib__lte_link_control.a(lte_lc_helpers.c.obj)
                0x0000000000009c98                parse_edrx
 .text.work_queue_main
                0x0000000000009e68      0x140 zephyr/kernel/libkernel.a(work.c.obj)
 .text._dtoa_r  0x0000000000009fa8      0xc54 /home/jet_mouse/ncs/toolchains/e9dba88316/opt/zephyr-sdk/arm-zephyr-eabi/arm-zephyr-eabi/lib/thumb/v8-m.main+fp/hard/libc_nano.a(lib_a-dtoa.o)
                0x0000000000009fa8                _dtoa_r
 .text.button_handler
                0x000000000000abfc       0x90 app/libapp.a(main.c.obj)
 .text.lte_handler
                0x000000000000ac8c       0xa8 app/libapp.a(lte.c.obj)
                0x000000000000ac8c                lte_handler
 .text.modem_configure
                0x000000000000ad34       0x80 app/libapp.a(lte.c.obj)
                0x000000000000ad34                modem_configure
 .text.create_request_payload
                0x000000000000adb4      0x21c app/libapp.a(coap_onem2m.c.obj)
                0x000000000000adb4                create_request_payload
 .text.server_resolve
                0x000000000000afd0       0xc4 app/libapp.a(coap_onem2m.c.obj)
                0x000000000000afd0                server_resolve
 .text.client_init
                0x000000000000b094       0x78 app/libapp.a(coap_onem2m.c.obj)
                0x000000000000b094                client_init
 .text.client_post_send
                0x000000000000b10c      0x1e4 app/libapp.a(coap_onem2m.c.obj)
                0x000000000000b10c                client_post_send
 .text.client_handle_response
                0x000000000000b2f0       0xe8 app/libapp.a(coap_onem2m.c.obj)
                0x000000000000b2f0                client_handle_response
 .text.onem2m_parse
                0x000000000000b3d8        0xc app/libapp.a(coap_onem2m.c.obj)
                0x000000000000b3d8                onem2m_parse
 .text.onem2m_receive
                0x000000000000b3e4       0x24 app/libapp.a(coap_onem2m.c.obj)
                0x000000000000b3e4                onem2m_receive
 .text.onem2m_close_socket
                0x000000000000b408        0xc app/libapp.a(coap_onem2m.c.obj)
                0x000000000000b408                onem2m_close_socket
 .text.init_temp_probe
                0x000000000000b414       0x60 app/libapp.a(i2c.c.obj)
                0x000000000000b414                init_temp_probe
 .text.cbvprintf_package
                0x000000000000b474      0x3a4 zephyr/libzephyr.a(cbprintf_packaged.c.obj)
                0x000000000000b474                cbvprintf_package
 .text.cbprintf_package_convert
                0x000000000000b818      0x3b4 zephyr/libzephyr.a(cbprintf_packaged.c.obj)
                0x000000000000b818                cbprintf_package_convert
 .text.__printk_hook_install
                0x000000000000bbcc        0xc zephyr/libzephyr.a(printk.c.obj)
                0x000000000000bbcc                __printk_hook_install
 .text.vsnprintk
                0x000000000000bbd8       0x2c zephyr/libzephyr.a(printk.c.obj)
                0x000000000000bbd8                vsnprintk
 .text._check_fd
                0x000000000000bc04       0x2c zephyr/libzephyr.a(fdtable.c.obj)
 .text.z_get_fd_obj_and_vtable
                0x000000000000bc30       0x34 zephyr/libzephyr.a(fdtable.c.obj)
                0x000000000000bc30                z_get_fd_obj_and_vtable
 .text.z_reserve_fd
                0x000000000000bc64       0x78 zephyr/libzephyr.a(fdtable.c.obj)
                0x000000000000bc64                z_reserve_fd
 .text.z_finalize_fd
                0x000000000000bcdc       0x34 zephyr/libzephyr.a(fdtable.c.obj)
                0x000000000000bcdc                z_finalize_fd
 .text.z_free_fd
                0x000000000000bd10       0x40 zephyr/libzephyr.a(fdtable.c.obj)
                0x000000000000bd10                z_free_fd
 .text.process_event
                0x000000000000bd50      0x21c zephyr/libzephyr.a(onoff.c.obj)
 .text.extract_decimal
                0x000000000000bf6c       0x2c zephyr/libzephyr.a(cbprintf_complete.c.obj)
 .text.encode_uint
                0x000000000000bf98       0x98 zephyr/libzephyr.a(cbprintf_complete.c.obj)
 .text.activate_foreach_backend
                0x000000000000c030       0x64 zephyr/libzephyr.a(log_core.c.obj)
 .text.enable_logger
                0x000000000000c094       0x5c zephyr/libzephyr.a(log_core.c.obj)
 .text.log_process_thread_timer_expiry_fn
                0x000000000000c0f0        0xc zephyr/libzephyr.a(log_core.c.obj)
 .text.z_log_init
                0x000000000000c0fc       0x90 zephyr/libzephyr.a(log_core.c.obj)
 .text.log_format_func_t_get
                0x000000000000c18c        0xc zephyr/libzephyr.a(log_core.c.obj)
                0x000000000000c18c                log_format_func_t_get
 .text.log_set_timestamp_func
                0x000000000000c198       0x20 zephyr/libzephyr.a(log_core.c.obj)
                0x000000000000c198                log_set_timestamp_func
 .text.z_log_notify_backend_enabled
                0x000000000000c1b8       0x1c zephyr/libzephyr.a(log_core.c.obj)
                0x000000000000c1b8                z_log_notify_backend_enabled
 .text.z_log_dropped
                0x000000000000c1d4       0x28 zephyr/libzephyr.a(log_core.c.obj)
                0x000000000000c1d4                z_log_dropped
 .text.z_log_dropped_read_and_clear
                0x000000000000c1fc       0x18 zephyr/libzephyr.a(log_core.c.obj)
                0x000000000000c1fc                z_log_dropped_read_and_clear
 .text.dropped_notify
                0x000000000000c214       0x30 zephyr/libzephyr.a(log_core.c.obj)
                0x000000000000c214                dropped_notify
 .text.z_log_msg_init
                0x000000000000c244       0x20 zephyr/libzephyr.a(log_core.c.obj)
                0x000000000000c244                z_log_msg_init
 .text.log_core_init
                0x000000000000c264       0x34 zephyr/libzephyr.a(log_core.c.obj)
                0x000000000000c264                log_core_init
 .text.z_log_msg_alloc
                0x000000000000c298       0x10 zephyr/libzephyr.a(log_core.c.obj)
                0x000000000000c298                z_log_msg_alloc
 .text.z_log_msg_local_claim
                0x000000000000c2a8        0xc zephyr/libzephyr.a(log_core.c.obj)
                0x000000000000c2a8                z_log_msg_local_claim
 .text.z_log_msg_free
                0x000000000000c2b4       0x10 zephyr/libzephyr.a(log_core.c.obj)
                0x000000000000c2b4                z_log_msg_free
 .text.z_log_msg_pending
                0x000000000000c2c4        0xc zephyr/libzephyr.a(log_core.c.obj)
                0x000000000000c2c4                z_log_msg_pending
 .text.z_impl_log_process
                0x000000000000c2d0       0xb4 zephyr/libzephyr.a(log_core.c.obj)
                0x000000000000c2d0                z_impl_log_process
 .text.z_impl_log_panic
                0x000000000000c384       0x44 zephyr/libzephyr.a(log_core.c.obj)
                0x000000000000c384                z_impl_log_panic
 .text.log_process_thread_func
                0x000000000000c3c8       0x9c zephyr/libzephyr.a(log_core.c.obj)
 .text.z_log_msg_post_finalize
                0x000000000000c464       0x78 zephyr/libzephyr.a(log_core.c.obj)
 .text.z_log_msg_commit
                0x000000000000c4dc       0x24 zephyr/libzephyr.a(log_core.c.obj)
                0x000000000000c4dc                z_log_msg_commit
 .text.log_source_name_get
                0x000000000000c500       0x1c zephyr/libzephyr.a(log_mgmt.c.obj)
                0x000000000000c500                log_source_name_get
 .text.log_backend_enable
                0x000000000000c51c       0x28 zephyr/libzephyr.a(log_mgmt.c.obj)
                0x000000000000c51c                log_backend_enable
 .text.z_impl_z_log_msg_static_create
                0x000000000000c544      0x108 zephyr/libzephyr.a(log_msg.c.obj)
                0x000000000000c544                z_impl_z_log_msg_static_create
 .text.z_log_msg_runtime_vcreate
                0x000000000000c64c       0x8c zephyr/libzephyr.a(log_msg.c.obj)
                0x000000000000c64c                z_log_msg_runtime_vcreate
 .text.print_formatted
                0x000000000000c6d8       0x24 zephyr/libzephyr.a(log_output.c.obj)
 .text.newline_print
                0x000000000000c6fc       0x1c zephyr/libzephyr.a(log_output.c.obj)
 .text.log_output_process
                0x000000000000c718      0x2a8 zephyr/libzephyr.a(log_output.c.obj)
                0x000000000000c718                log_output_process
 .text.log_output_msg_process
                0x000000000000c9c0       0x70 zephyr/libzephyr.a(log_output.c.obj)
                0x000000000000c9c0                log_output_msg_process
 .text.log_output_dropped_process
                0x000000000000ca30       0x58 zephyr/libzephyr.a(log_output.c.obj)
                0x000000000000ca30                log_output_dropped_process
 .text.log_output_timestamp_freq_set
                0x000000000000ca88       0x2c zephyr/libzephyr.a(log_output.c.obj)
                0x000000000000ca88                log_output_timestamp_freq_set
 .text.char_out
                0x000000000000cab4       0x24 zephyr/libzephyr.a(log_backend_uart.c.obj)
 .text.mem_attr_get_regions
                0x000000000000cad8        0xc zephyr/libzephyr.a(mem_attr.c.obj)
                0x000000000000cad8                mem_attr_get_regions
 .text.coap_header_get_code
                0x000000000000cae4       0x50 zephyr/libzephyr.a(coap.c.obj)
                0x000000000000cae4                coap_header_get_code
 .text.net_coap_init
                0x000000000000cb34       0x10 zephyr/libzephyr.a(coap.c.obj)
                0x000000000000cb34                net_coap_init
 .text.coap_next_id
                0x000000000000cb44       0x10 zephyr/libzephyr.a(coap.c.obj)
                0x000000000000cb44                coap_next_id
 .text.z_arm_fatal_error
                0x000000000000cb54      0x104 zephyr/arch/arch/arm/core/libarch__arm__core.a(fatal.c.obj)
                0x000000000000cb54                z_arm_fatal_error
 .text.z_SysNmiOnReset
                0x000000000000cc58        0x8 zephyr/arch/arch/arm/core/libarch__arm__core.a(nmi_on_reset.S.obj)
                0x000000000000cc58                z_SysNmiOnReset
 .text._HandlerModeExit
                0x000000000000cc60       0x1c zephyr/arch/arch/arm/core/cortex_m/libarch__arm__core__cortex_m.a(exc_exit.S.obj)
                0x000000000000cc60                z_arm_exc_exit
                0x000000000000cc60                z_arm_int_exit
 .text.mem_manage_fault.constprop.0
                0x000000000000cc7c       0xd0 zephyr/arch/arch/arm/core/cortex_m/libarch__arm__core__cortex_m.a(fault.c.obj)
 .text.usage_fault.constprop.0
                0x000000000000cd4c       0xbc zephyr/arch/arch/arm/core/cortex_m/libarch__arm__core__cortex_m.a(fault.c.obj)
 .text.bus_fault.constprop.0
                0x000000000000ce08       0xd0 zephyr/arch/arch/arm/core/cortex_m/libarch__arm__core__cortex_m.a(fault.c.obj)
 .text.z_arm_fault
                0x000000000000ced8      0x1d4 zephyr/arch/arch/arm/core/cortex_m/libarch__arm__core__cortex_m.a(fault.c.obj)
                0x000000000000ced8                z_arm_fault
 .text.z_arm_fault_init
                0x000000000000d0ac       0x18 zephyr/arch/arch/arm/core/cortex_m/libarch__arm__core__cortex_m.a(fault.c.obj)
                0x000000000000d0ac                z_arm_fault_init
 .text.__fault  0x000000000000d0c4       0x14 zephyr/arch/arch/arm/core/cortex_m/libarch__arm__core__cortex_m.a(fault_s.S.obj)
                0x000000000000d0c4                z_arm_bus_fault
                0x000000000000d0c4                z_arm_usage_fault
                0x000000000000d0c4                z_arm_mpu_fault
                0x000000000000d0c4                z_arm_exc_spurious
                0x000000000000d0c4                z_arm_debug_monitor
                0x000000000000d0c4                z_arm_hard_fault
 .text._reset_section
                0x000000000000d0d8       0x60 zephyr/arch/arch/arm/core/cortex_m/libarch__arm__core__cortex_m.a(reset.S.obj)
                0x000000000000d0d8                z_arm_reset
                0x000000000000d0d8                __start
 .text.sys_arch_reboot
                0x000000000000d138       0x24 zephyr/arch/arch/arm/core/cortex_m/libarch__arm__core__cortex_m.a(scb.c.obj)
                0x000000000000d138                sys_arch_reboot
 .text.z_arm_clear_arm_mpu_config
                0x000000000000d15c       0x24 zephyr/arch/arch/arm/core/cortex_m/libarch__arm__core__cortex_m.a(scb.c.obj)
                0x000000000000d15c                z_arm_clear_arm_mpu_config
 .text.z_arm_init_arch_hw_at_boot
                0x000000000000d180       0x4c zephyr/arch/arch/arm/core/cortex_m/libarch__arm__core__cortex_m.a(scb.c.obj)
                0x000000000000d180                z_arm_init_arch_hw_at_boot
 .text.z_impl_k_thread_abort
                0x000000000000d1cc       0x2c zephyr/arch/arch/arm/core/cortex_m/libarch__arm__core__cortex_m.a(thread_abort.c.obj)
                0x000000000000d1cc                z_impl_k_thread_abort
 .text.arch_swap
                0x000000000000d1f8       0x30 zephyr/arch/arch/arm/core/cortex_m/libarch__arm__core__cortex_m.a(swap.c.obj)
                0x000000000000d1f8                arch_swap
 .text.z_arm_pendsv
                0x000000000000d228       0x94 zephyr/arch/arch/arm/core/cortex_m/libarch__arm__core__cortex_m.a(swap_helper.S.obj)
                0x000000000000d228                z_arm_pendsv
 .text.z_arm_svc
                0x000000000000d2bc       0x20 zephyr/arch/arch/arm/core/cortex_m/libarch__arm__core__cortex_m.a(swap_helper.S.obj)
                0x000000000000d2bc                z_arm_svc
 .text.arch_irq_enable
                0x000000000000d2dc       0x1c zephyr/arch/arch/arm/core/cortex_m/libarch__arm__core__cortex_m.a(irq_manage.c.obj)
                0x000000000000d2dc                arch_irq_enable
 .text.arch_irq_disable
                0x000000000000d2f8       0x28 zephyr/arch/arch/arm/core/cortex_m/libarch__arm__core__cortex_m.a(irq_manage.c.obj)
                0x000000000000d2f8                arch_irq_disable
 .text.arch_irq_is_enabled
                0x000000000000d320       0x1c zephyr/arch/arch/arm/core/cortex_m/libarch__arm__core__cortex_m.a(irq_manage.c.obj)
                0x000000000000d320                arch_irq_is_enabled
 .text.z_arm_irq_priority_set
                0x000000000000d33c       0x2c zephyr/arch/arch/arm/core/cortex_m/libarch__arm__core__cortex_m.a(irq_manage.c.obj)
                0x000000000000d33c                z_arm_irq_priority_set
 .text.z_arm_prep_c
                0x000000000000d368       0x5c zephyr/arch/arch/arm/core/cortex_m/libarch__arm__core__cortex_m.a(prep_c.c.obj)
                0x000000000000d368                z_arm_prep_c
 .text.arch_new_thread
                0x000000000000d3c4       0x40 zephyr/arch/arch/arm/core/cortex_m/libarch__arm__core__cortex_m.a(thread.c.obj)
                0x000000000000d3c4                arch_new_thread
 .text.arch_float_disable
                0x000000000000d404       0x4c zephyr/arch/arch/arm/core/cortex_m/libarch__arm__core__cortex_m.a(thread.c.obj)
                0x000000000000d404                arch_float_disable
 .text.arch_switch_to_main_thread
                0x000000000000d450       0x44 zephyr/arch/arch/arm/core/cortex_m/libarch__arm__core__cortex_m.a(thread.c.obj)
                0x000000000000d450                arch_switch_to_main_thread
 .text.z_arm_cpu_idle_init
                0x000000000000d494        0xc zephyr/arch/arch/arm/core/cortex_m/libarch__arm__core__cortex_m.a(cpu_idle.S.obj)
                0x000000000000d494                z_arm_cpu_idle_init
 .text.arch_cpu_idle
                0x000000000000d4a0       0x1c zephyr/arch/arch/arm/core/cortex_m/libarch__arm__core__cortex_m.a(cpu_idle.S.obj)
                0x000000000000d4a0                arch_cpu_idle
 .text.arch_cpu_atomic_idle
                0x000000000000d4bc       0x18 zephyr/arch/arch/arm/core/cortex_m/libarch__arm__core__cortex_m.a(cpu_idle.S.obj)
                0x000000000000d4bc                arch_cpu_atomic_idle
 .text.z_arm_interrupt_init
                0x000000000000d4d4       0x18 zephyr/arch/arch/arm/core/cortex_m/libarch__arm__core__cortex_m.a(irq_init.c.obj)
                0x000000000000d4d4                z_arm_interrupt_init
 .text._isr_wrapper
                0x000000000000d4ec       0x28 zephyr/arch/arch/arm/core/cortex_m/libarch__arm__core__cortex_m.a(isr_wrapper.S.obj)
                0x000000000000d4ec                _isr_wrapper
 .text.z_arm_configure_static_mpu_regions
                0x000000000000d514       0x38 zephyr/arch/arch/arm/core/mpu/libarch__arm__core__mpu.a(arm_core_mpu.c.obj)
                0x000000000000d514                z_arm_configure_static_mpu_regions
 .text.region_init
                0x000000000000d54c       0x34 zephyr/arch/arch/arm/core/mpu/libarch__arm__core__mpu.a(arm_mpu.c.obj)
 .text.region_allocate_and_init
                0x000000000000d580       0x28 zephyr/arch/arch/arm/core/mpu/libarch__arm__core__mpu.a(arm_mpu.c.obj)
 .text.mpu_configure_regions_and_partition.constprop.0
                0x000000000000d5a8      0x164 zephyr/arch/arch/arm/core/mpu/libarch__arm__core__mpu.a(arm_mpu.c.obj)
 .text.arm_core_mpu_enable
                0x000000000000d70c       0x18 zephyr/arch/arch/arm/core/mpu/libarch__arm__core__mpu.a(arm_mpu.c.obj)
                0x000000000000d70c                arm_core_mpu_enable
 .text.arm_core_mpu_disable
                0x000000000000d724       0x14 zephyr/arch/arch/arm/core/mpu/libarch__arm__core__mpu.a(arm_mpu.c.obj)
                0x000000000000d724                arm_core_mpu_disable
 .text.arm_core_mpu_configure_static_mpu_regions
                0x000000000000d738       0x14 zephyr/arch/arch/arm/core/mpu/libarch__arm__core__mpu.a(arm_mpu.c.obj)
                0x000000000000d738                arm_core_mpu_configure_static_mpu_regions
 .text.arm_core_mpu_mark_areas_for_dynamic_regions
                0x000000000000d74c       0xb8 zephyr/arch/arch/arm/core/mpu/libarch__arm__core__mpu.a(arm_mpu.c.obj)
                0x000000000000d74c                arm_core_mpu_mark_areas_for_dynamic_regions
 .text.z_arm_mpu_init
                0x000000000000d804      0x108 zephyr/arch/arch/arm/core/mpu/libarch__arm__core__mpu.a(arm_mpu.c.obj)
                0x000000000000d804                z_arm_mpu_init
 .text.__stdout_hook_install
                0x000000000000d90c        0xc zephyr/lib/libc/newlib/liblib__libc__newlib.a(libc-hooks.c.obj)
                0x000000000000d90c                __stdout_hook_install
 .text.z_impl_zephyr_read_stdin
                0x000000000000d918       0x28 zephyr/lib/libc/newlib/liblib__libc__newlib.a(libc-hooks.c.obj)
                0x000000000000d918                z_impl_zephyr_read_stdin
 .text.z_impl_zephyr_write_stdout
                0x000000000000d940       0x30 zephyr/lib/libc/newlib/liblib__libc__newlib.a(libc-hooks.c.obj)
                0x000000000000d940                z_impl_zephyr_write_stdout
 .text._sbrk    0x000000000000d970       0x28 zephyr/lib/libc/newlib/liblib__libc__newlib.a(libc-hooks.c.obj)
                0x000000000000d970                _sbrk
                0x000000000000d970                sbrk
 .text.__chk_fail
                0x000000000000d998       0x1c zephyr/lib/libc/newlib/liblib__libc__newlib.a(libc-hooks.c.obj)
                0x000000000000d998                __chk_fail
 .text.abort    0x000000000000d9b4       0x18 zephyr/lib/libc/common/liblib__libc__common.a(abort.c.obj)
                0x000000000000d9b4                abort
 .text.nordicsemi_nrf91_init
                0x000000000000d9cc       0x10 zephyr/soc/soc/arm/nordic_nrf/libsoc__arm__nordic_nrf.a(soc.c.obj)
 .text.arch_busy_wait
                0x000000000000d9dc       0x14 zephyr/soc/soc/arm/nordic_nrf/libsoc__arm__nordic_nrf.a(soc.c.obj)
                0x000000000000d9dc                arch_busy_wait
 .text.z_arm_platform_init
                0x000000000000d9f0        0x4 zephyr/soc/soc/arm/nordic_nrf/libsoc__arm__nordic_nrf.a(soc_nrf_common.S.obj)
                0x000000000000d9f0                z_arm_platform_init
 .text.z_impl_sys_rand32_get
                0x000000000000d9f4       0x28 zephyr/subsys/random/libsubsys__random.a(rand32_entropy_device.c.obj)
                0x000000000000d9f4                z_impl_sys_rand32_get
 .text.z_impl_zsock_socket
                0x000000000000da1c       0x54 zephyr/subsys/net/libsubsys__net.a(sockets.c.obj)
                0x000000000000da1c                z_impl_zsock_socket
 .text.socket_offload_dns_register
                0x000000000000da70        0xc zephyr/subsys/net/libsubsys__net.a(socket_offload.c.obj)
                0x000000000000da70                socket_offload_dns_register
 .text.socket_offload_getaddrinfo
                0x000000000000da7c       0x14 zephyr/subsys/net/libsubsys__net.a(socket_offload.c.obj)
                0x000000000000da7c                socket_offload_getaddrinfo
 .text.socket_offload_freeaddrinfo
                0x000000000000da90        0xc zephyr/subsys/net/libsubsys__net.a(socket_offload.c.obj)
                0x000000000000da90                socket_offload_freeaddrinfo
 .text.net_if_init
                0x000000000000da9c       0xb8 zephyr/subsys/net/ip/libsubsys__net__ip.a(net_if.c.obj)
                0x000000000000da9c                net_if_init
 .text.net_if_post_init
                0x000000000000db54       0x28 zephyr/subsys/net/ip/libsubsys__net__ip.a(net_if.c.obj)
                0x000000000000db54                net_if_post_init
 .text.z_impl_net_addr_ntop
                0x000000000000db7c      0x210 zephyr/subsys/net/ip/libsubsys__net__ip.a(utils.c.obj)
                0x000000000000db7c                z_impl_net_addr_ntop
 .text.onoff_stop
                0x000000000000dd8c       0x30 zephyr/drivers/clock_control/libdrivers__clock_control.a(clock_control_nrf.c.obj)
 .text.onoff_start
                0x000000000000ddbc       0x44 zephyr/drivers/clock_control/libdrivers__clock_control.a(clock_control_nrf.c.obj)
 .text.clk_init
                0x000000000000de00       0x58 zephyr/drivers/clock_control/libdrivers__clock_control.a(clock_control_nrf.c.obj)
 .text.clkstarted_handle.constprop.0
                0x000000000000de58       0x34 zephyr/drivers/clock_control/libdrivers__clock_control.a(clock_control_nrf.c.obj)
 .text.clock_event_handler
                0x000000000000de8c       0x1c zephyr/drivers/clock_control/libdrivers__clock_control.a(clock_control_nrf.c.obj)
 .text.generic_hfclk_start
                0x000000000000dea8       0x64 zephyr/drivers/clock_control/libdrivers__clock_control.a(clock_control_nrf.c.obj)
 .text.api_blocking_start
                0x000000000000df0c       0x3c zephyr/drivers/clock_control/libdrivers__clock_control.a(clock_control_nrf.c.obj)
 .text.generic_hfclk_stop
                0x000000000000df48       0x34 zephyr/drivers/clock_control/libdrivers__clock_control.a(clock_control_nrf.c.obj)
 .text.z_nrf_clock_control_lf_on
                0x000000000000df7c       0xf8 zephyr/drivers/clock_control/libdrivers__clock_control.a(clock_control_nrf.c.obj)
                0x000000000000df7c                z_nrf_clock_control_lf_on
 .text.uart_console_init
                0x000000000000e074       0x28 zephyr/drivers/console/libdrivers__console.a(uart_console.c.obj)
 .text.console_out
                0x000000000000e09c       0x28 zephyr/drivers/console/libdrivers__console.a(uart_console.c.obj)
 .text.gpio_nrfx_init
                0x000000000000e0c4       0x48 zephyr/drivers/gpio/libdrivers__gpio.a(gpio_nrfx.c.obj)
 .text.nrfx_gpio_handler
                0x000000000000e10c       0x3c zephyr/drivers/gpio/libdrivers__gpio.a(gpio_nrfx.c.obj)
 .text.gpio_nrfx_pin_configure
                0x000000000000e148      0x180 zephyr/drivers/gpio/libdrivers__gpio.a(gpio_nrfx.c.obj)
 .text.gpio_nrfx_pin_interrupt_configure
                0x000000000000e2c8       0xf4 zephyr/drivers/gpio/libdrivers__gpio.a(gpio_nrfx.c.obj)
 .text.i2c_nrfx_twim_configure
                0x000000000000e3bc       0x44 zephyr/drivers/i2c/libdrivers__i2c.a(i2c_nrfx_twim.c.obj)
 .text.i2c_nrfx_twim_init
                0x000000000000e400       0x7c zephyr/drivers/i2c/libdrivers__i2c.a(i2c_nrfx_twim.c.obj)
 .text.i2c_nrfx_twim_recover_bus
                0x000000000000e47c       0x3c zephyr/drivers/i2c/libdrivers__i2c.a(i2c_nrfx_twim.c.obj)
 .text.event_handler
                0x000000000000e4b8       0x34 zephyr/drivers/i2c/libdrivers__i2c.a(i2c_nrfx_twim.c.obj)
 .text.i2c_nrfx_twim_transfer
                0x000000000000e4ec      0x1d4 zephyr/drivers/i2c/libdrivers__i2c.a(i2c_nrfx_twim.c.obj)
 .text.pinctrl_configure_pins
                0x000000000000e6c0      0x178 zephyr/drivers/pinctrl/libdrivers__pinctrl.a(pinctrl_nrf.c.obj)
                0x000000000000e6c0                pinctrl_configure_pins
 .text.uarte_0_init
                0x000000000000e838      0x258 zephyr/drivers/serial/libdrivers__serial.a(uart_nrfx_uarte.c.obj)
 .text.uarte_nrfx_poll_out
                0x000000000000ea90       0xcc zephyr/drivers/serial/libdrivers__serial.a(uart_nrfx_uarte.c.obj)
 .text.compare_int_lock
                0x000000000000eb5c       0x40 zephyr/drivers/timer/libdrivers__timer.a(nrf_rtc_timer.c.obj)
 .text.sys_clock_timeout_handler
                0x000000000000eb9c       0x48 zephyr/drivers/timer/libdrivers__timer.a(nrf_rtc_timer.c.obj)
 .text.compare_int_unlock
                0x000000000000ebe4       0x4c zephyr/drivers/timer/libdrivers__timer.a(nrf_rtc_timer.c.obj)
 .text.z_nrf_rtc_timer_read
                0x000000000000ec30       0x44 zephyr/drivers/timer/libdrivers__timer.a(nrf_rtc_timer.c.obj)
                0x000000000000ec30                z_nrf_rtc_timer_read
 .text.compare_set
                0x000000000000ec74      0x124 zephyr/drivers/timer/libdrivers__timer.a(nrf_rtc_timer.c.obj)
 .text.sys_clock_driver_init
                0x000000000000ed98       0x90 zephyr/drivers/timer/libdrivers__timer.a(nrf_rtc_timer.c.obj)
 .text.rtc_nrf_isr
                0x000000000000ee28       0xd0 zephyr/drivers/timer/libdrivers__timer.a(nrf_rtc_timer.c.obj)
                0x000000000000ee28                rtc_nrf_isr
 .text.sys_clock_set_timeout
                0x000000000000eef8       0x5c zephyr/drivers/timer/libdrivers__timer.a(nrf_rtc_timer.c.obj)
                0x000000000000eef8                sys_clock_set_timeout
 .text.sys_clock_elapsed
                0x000000000000ef54       0x14 zephyr/drivers/timer/libdrivers__timer.a(nrf_rtc_timer.c.obj)
                0x000000000000ef54                sys_clock_elapsed
 .text.nrf_modem_lib_dfu_handler
                0x000000000000ef68       0x24 modules/nrf/lib/nrf_modem_lib/lib..__nrf__lib__nrf_modem_lib.a(nrf_modem_lib.c.obj)
 .text.nrf_modem_lib_init
                0x000000000000ef8c       0x50 modules/nrf/lib/nrf_modem_lib/lib..__nrf__lib__nrf_modem_lib.a(nrf_modem_lib.c.obj)
                0x000000000000ef8c                nrf_modem_lib_init
 .text.thread_monitor_entry_get
                0x000000000000efdc       0x48 modules/nrf/lib/nrf_modem_lib/lib..__nrf__lib__nrf_modem_lib.a(nrf_modem_os.c.obj)
 .text.on_init  0x000000000000f024       0x20 modules/nrf/lib/nrf_modem_lib/lib..__nrf__lib__nrf_modem_lib.a(nrf_modem_os.c.obj)
 .text.nrf_modem_os_timedwait
                0x000000000000f044      0x184 modules/nrf/lib/nrf_modem_lib/lib..__nrf__lib__nrf_modem_lib.a(nrf_modem_os.c.obj)
                0x000000000000f044                nrf_modem_os_timedwait
 .text.nrf_modem_os_sem_init
                0x000000000000f1c8       0x44 modules/nrf/lib/nrf_modem_lib/lib..__nrf__lib__nrf_modem_lib.a(nrf_modem_os.c.obj)
                0x000000000000f1c8                nrf_modem_os_sem_init
 .text.nrf_modem_os_mutex_init
                0x000000000000f20c       0x34 modules/nrf/lib/nrf_modem_lib/lib..__nrf__lib__nrf_modem_lib.a(nrf_modem_os.c.obj)
                0x000000000000f20c                nrf_modem_os_mutex_init
 .text.nrf_modem_os_event_notify
                0x000000000000f240       0x38 modules/nrf/lib/nrf_modem_lib/lib..__nrf__lib__nrf_modem_lib.a(nrf_modem_os.c.obj)
                0x000000000000f240                nrf_modem_os_event_notify
 .text.nrf_modem_os_alloc
                0x000000000000f278       0x10 modules/nrf/lib/nrf_modem_lib/lib..__nrf__lib__nrf_modem_lib.a(nrf_modem_os.c.obj)
                0x000000000000f278                nrf_modem_os_alloc
 .text.nrf_modem_os_free
                0x000000000000f288        0xc modules/nrf/lib/nrf_modem_lib/lib..__nrf__lib__nrf_modem_lib.a(nrf_modem_os.c.obj)
                0x000000000000f288                nrf_modem_os_free
 .text.nrf_modem_os_shm_tx_alloc
                0x000000000000f294       0x10 modules/nrf/lib/nrf_modem_lib/lib..__nrf__lib__nrf_modem_lib.a(nrf_modem_os.c.obj)
                0x000000000000f294                nrf_modem_os_shm_tx_alloc
 .text.nrf_modem_os_shm_tx_free
                0x000000000000f2a4        0xc modules/nrf/lib/nrf_modem_lib/lib..__nrf__lib__nrf_modem_lib.a(nrf_modem_os.c.obj)
                0x000000000000f2a4                nrf_modem_os_shm_tx_free
 .text.nrf_modem_os_init
                0x000000000000f2b0       0x30 modules/nrf/lib/nrf_modem_lib/lib..__nrf__lib__nrf_modem_lib.a(nrf_modem_os.c.obj)
                0x000000000000f2b0                nrf_modem_os_init
 .text.nrf_modem_os_shutdown
                0x000000000000f2e0       0x18 modules/nrf/lib/nrf_modem_lib/lib..__nrf__lib__nrf_modem_lib.a(nrf_modem_os.c.obj)
                0x000000000000f2e0                nrf_modem_os_shutdown
 .text.cfun_callback
                0x000000000000f2f8       0x24 modules/nrf/lib/nrf_modem_lib/lib..__nrf__lib__nrf_modem_lib.a(cfun_hooks.c.obj)
 .text.nrf_modem_lib_cfun_hooks_init
                0x000000000000f31c       0x10 modules/nrf/lib/nrf_modem_lib/lib..__nrf__lib__nrf_modem_lib.a(cfun_hooks.c.obj)
 .text.z_to_nrf_optname
                0x000000000000f32c      0x140 modules/nrf/lib/nrf_modem_lib/lib..__nrf__lib__nrf_modem_lib.a(nrf91_sockets.c.obj)
 .text.nrf91_socket_offload_init
                0x000000000000f46c       0x24 modules/nrf/lib/nrf_modem_lib/lib..__nrf__lib__nrf_modem_lib.a(nrf91_sockets.c.obj)
 .text.nrf91_socket_is_supported
                0x000000000000f490       0x38 modules/nrf/lib/nrf_modem_lib/lib..__nrf__lib__nrf_modem_lib.a(nrf91_sockets.c.obj)
 .text.pollcb   0x000000000000f4c8       0x30 modules/nrf/lib/nrf_modem_lib/lib..__nrf__lib__nrf_modem_lib.a(nrf91_sockets.c.obj)
 .text.nrf91_socket_offload_getaddrinfo
                0x000000000000f4f8      0x114 modules/nrf/lib/nrf_modem_lib/lib..__nrf__lib__nrf_modem_lib.a(nrf91_sockets.c.obj)
 .text.nrf91_socket_offload_sendmsg
                0x000000000000f60c      0x110 modules/nrf/lib/nrf_modem_lib/lib..__nrf__lib__nrf_modem_lib.a(nrf91_sockets.c.obj)
 .text.allocate_ctx
                0x000000000000f71c       0x44 modules/nrf/lib/nrf_modem_lib/lib..__nrf__lib__nrf_modem_lib.a(nrf91_sockets.c.obj)
 .text.release_ctx
                0x000000000000f760       0x2c modules/nrf/lib/nrf_modem_lib/lib..__nrf__lib__nrf_modem_lib.a(nrf91_sockets.c.obj)
 .text.nrf91_socket_offload_accept
                0x000000000000f78c       0xc0 modules/nrf/lib/nrf_modem_lib/lib..__nrf__lib__nrf_modem_lib.a(nrf91_sockets.c.obj)
 .text.nrf91_iface_api_init
                0x000000000000f84c       0x38 modules/nrf/lib/nrf_modem_lib/lib..__nrf__lib__nrf_modem_lib.a(nrf91_sockets.c.obj)
 .text.nrf91_socket_offload_ioctl
                0x000000000000f884      0x10c modules/nrf/lib/nrf_modem_lib/lib..__nrf__lib__nrf_modem_lib.a(nrf91_sockets.c.obj)
 .text.nrf91_socket_create
                0x000000000000f990       0x90 modules/nrf/lib/nrf_modem_lib/lib..__nrf__lib__nrf_modem_lib.a(nrf91_sockets.c.obj)
 .text.nrf_modem_fault_handler
                0x000000000000fa20       0x20 modules/nrf/lib/nrf_modem_lib/lib..__nrf__lib__nrf_modem_lib.a(fault.c.obj)
                0x000000000000fa20                nrf_modem_fault_handler
 .text.dk_set_led.part.0
                0x000000000000fa40       0x18 modules/nrf/lib/dk_buttons_and_leds/lib..__nrf__lib__dk_buttons_and_leds.a(dk_buttons_and_leds.c.obj)
 .text.get_buttons.part.0
                0x000000000000fa58       0x18 modules/nrf/lib/dk_buttons_and_leds/lib..__nrf__lib__dk_buttons_and_leds.a(dk_buttons_and_leds.c.obj)
 .text.get_buttons
                0x000000000000fa70       0x5c modules/nrf/lib/dk_buttons_and_leds/lib..__nrf__lib__dk_buttons_and_leds.a(dk_buttons_and_leds.c.obj)
 .text.dk_set_leds_state.part.0
                0x000000000000facc       0x58 modules/nrf/lib/dk_buttons_and_leds/lib..__nrf__lib__dk_buttons_and_leds.a(dk_buttons_and_leds.c.obj)
 .text.callback_ctrl
                0x000000000000fb24       0x98 modules/nrf/lib/dk_buttons_and_leds/lib..__nrf__lib__dk_buttons_and_leds.a(dk_buttons_and_leds.c.obj)
 .text.button_pressed
                0x000000000000fbbc       0x68 modules/nrf/lib/dk_buttons_and_leds/lib..__nrf__lib__dk_buttons_and_leds.a(dk_buttons_and_leds.c.obj)
 .text.buttons_scan_fn
                0x000000000000fc24      0x104 modules/nrf/lib/dk_buttons_and_leds/lib..__nrf__lib__dk_buttons_and_leds.a(dk_buttons_and_leds.c.obj)
 .text.dk_leds_init
                0x000000000000fd28       0x40 modules/nrf/lib/dk_buttons_and_leds/lib..__nrf__lib__dk_buttons_and_leds.a(dk_buttons_and_leds.c.obj)
                0x000000000000fd28                dk_leds_init
 .text.dk_read_buttons
                0x000000000000fd68       0x20 modules/nrf/lib/dk_buttons_and_leds/lib..__nrf__lib__dk_buttons_and_leds.a(dk_buttons_and_leds.c.obj)
                0x000000000000fd68                dk_read_buttons
 .text.dk_buttons_init
                0x000000000000fd88      0x11c modules/nrf/lib/dk_buttons_and_leds/lib..__nrf__lib__dk_buttons_and_leds.a(dk_buttons_and_leds.c.obj)
                0x000000000000fd88                dk_buttons_init
 .text.dk_set_led
                0x000000000000fea4       0x3c modules/nrf/lib/dk_buttons_and_leds/lib..__nrf__lib__dk_buttons_and_leds.a(dk_buttons_and_leds.c.obj)
                0x000000000000fea4                dk_set_led
 .text.at_monitor_sys_init
                0x000000000000fee0       0x28 modules/nrf/lib/at_monitor/lib..__nrf__lib__at_monitor.a(at_monitor.c.obj)
 .text.at_monitor_dispatch
                0x000000000000ff08       0xbc modules/nrf/lib/at_monitor/lib..__nrf__lib__at_monitor.a(at_monitor.c.obj)
                0x000000000000ff08                at_monitor_dispatch
 .text.at_monitor_task
                0x000000000000ffc4       0x64 modules/nrf/lib/at_monitor/lib..__nrf__lib__at_monitor.a(at_monitor.c.obj)
 .text.is_valid_notification_char
                0x0000000000010028       0x2c modules/nrf/lib/at_cmd_parser/lib..__nrf__lib__at_cmd_parser.a(at_cmd_parser.c.obj)
 .text.is_separator
                0x0000000000010054       0x1c modules/nrf/lib/at_cmd_parser/lib..__nrf__lib__at_cmd_parser.a(at_cmd_parser.c.obj)
 .text.is_result
                0x0000000000010070       0x30 modules/nrf/lib/at_cmd_parser/lib..__nrf__lib__at_cmd_parser.a(at_cmd_parser.c.obj)
 .text.at_parse_process_element
                0x00000000000100a0      0x1c4 modules/nrf/lib/at_cmd_parser/lib..__nrf__lib__at_cmd_parser.a(at_cmd_parser.c.obj)
 .text.is_command
                0x0000000000010264       0x5c modules/nrf/lib/at_cmd_parser/lib..__nrf__lib__at_cmd_parser.a(at_cmd_parser.c.obj)
 .text.at_parse_detect_type
                0x00000000000102c0      0x1c0 modules/nrf/lib/at_cmd_parser/lib..__nrf__lib__at_cmd_parser.a(at_cmd_parser.c.obj)
 .text.at_parser_max_params_from_str
                0x0000000000010480      0x158 modules/nrf/lib/at_cmd_parser/lib..__nrf__lib__at_cmd_parser.a(at_cmd_parser.c.obj)
                0x0000000000010480                at_parser_max_params_from_str
 .text.at_handler_cscon
                0x00000000000105d8       0x44 modules/nrf/lib/lte_link_control/lib..__nrf__lib__lte_link_control.a(lte_lc.c.obj)
 .text.at_handler_cedrxp
                0x000000000001061c       0x40 modules/nrf/lib/lte_link_control/lib..__nrf__lib__lte_link_control.a(lte_lc.c.obj)
 .text.at_handler_xt3412
                0x000000000001065c       0x50 modules/nrf/lib/lte_link_control/lib..__nrf__lib__lte_link_control.a(lte_lc.c.obj)
 .text.at_handler_ncellmeas
                0x00000000000106ac      0x11c modules/nrf/lib/lte_link_control/lib..__nrf__lib__lte_link_control.a(lte_lc.c.obj)
 .text.at_handler_xmodemsleep
                0x00000000000107c8       0x68 modules/nrf/lib/lte_link_control/lib..__nrf__lib__lte_link_control.a(lte_lc.c.obj)
 .text.at_handler_mdmev
                0x0000000000010830       0x40 modules/nrf/lib/lte_link_control/lib..__nrf__lib__lte_link_control.a(lte_lc.c.obj)
 .text.enable_notifications
                0x0000000000010870       0x44 modules/nrf/lib/lte_link_control/lib..__nrf__lib__lte_link_control.a(lte_lc.c.obj)
 .text.lte_lc_connect_async.part.0
                0x00000000000108b4       0x1c modules/nrf/lib/lte_link_control/lib..__nrf__lib__lte_link_control.a(lte_lc.c.obj)
 .text.lte_lc_psm_param_set
                0x00000000000108d0       0x6c modules/nrf/lib/lte_link_control/lib..__nrf__lib__lte_link_control.a(lte_lc.c.obj)
                0x00000000000108d0                lte_lc_psm_param_set
 .text.lte_lc_psm_req
                0x000000000001093c       0x7c modules/nrf/lib/lte_link_control/lib..__nrf__lib__lte_link_control.a(lte_lc.c.obj)
                0x000000000001093c                lte_lc_psm_req
 .text.lte_lc_psm_get
                0x00000000000109b8      0x104 modules/nrf/lib/lte_link_control/lib..__nrf__lib__lte_link_control.a(lte_lc.c.obj)
                0x00000000000109b8                lte_lc_psm_get
 .text.at_handler_cereg
                0x0000000000010abc      0x1a0 modules/nrf/lib/lte_link_control/lib..__nrf__lib__lte_link_control.a(lte_lc.c.obj)
 .text.lte_lc_proprietary_psm_req
                0x0000000000010c5c       0x1c modules/nrf/lib/lte_link_control/lib..__nrf__lib__lte_link_control.a(lte_lc.c.obj)
                0x0000000000010c5c                lte_lc_proprietary_psm_req
 .text.lte_lc_edrx_req
                0x0000000000010c78       0xd0 modules/nrf/lib/lte_link_control/lib..__nrf__lib__lte_link_control.a(lte_lc.c.obj)
                0x0000000000010c78                lte_lc_edrx_req
 .text.lte_lc_nw_reg_status_get
                0x0000000000010d48       0x58 modules/nrf/lib/lte_link_control/lib..__nrf__lib__lte_link_control.a(lte_lc.c.obj)
                0x0000000000010d48                lte_lc_nw_reg_status_get
 .text.lte_lc_system_mode_set
                0x0000000000010da0       0x7c modules/nrf/lib/lte_link_control/lib..__nrf__lib__lte_link_control.a(lte_lc.c.obj)
                0x0000000000010da0                lte_lc_system_mode_set
 .text.lte_lc_func_mode_get
                0x0000000000010e1c       0x4c modules/nrf/lib/lte_link_control/lib..__nrf__lib__lte_link_control.a(lte_lc.c.obj)
                0x0000000000010e1c                lte_lc_func_mode_get
 .text.lte_lc_func_mode_set
                0x0000000000010e68       0x88 modules/nrf/lib/lte_link_control/lib..__nrf__lib__lte_link_control.a(lte_lc.c.obj)
                0x0000000000010e68                lte_lc_func_mode_set
 .text.connect_lte
                0x0000000000010ef0       0xc0 modules/nrf/lib/lte_link_control/lib..__nrf__lib__lte_link_control.a(lte_lc.c.obj)
 .text.k_mutex_unlock.constprop.0.isra.0
                0x0000000000010fb0        0xc modules/nrf/lib/lte_link_control/lib..__nrf__lib__lte_link_control.a(lte_lc_helpers.c.obj)
 .text.event_handler_list_is_empty
                0x0000000000010fbc       0x10 modules/nrf/lib/lte_link_control/lib..__nrf__lib__lte_link_control.a(lte_lc_helpers.c.obj)
                0x0000000000010fbc                event_handler_list_is_empty
 .text.event_handler_list_append_handler
                0x0000000000010fcc       0x58 modules/nrf/lib/lte_link_control/lib..__nrf__lib__lte_link_control.a(lte_lc_helpers.c.obj)
                0x0000000000010fcc                event_handler_list_append_handler
 .text.event_handler_list_dispatch
                0x0000000000011024       0x48 modules/nrf/lib/lte_link_control/lib..__nrf__lib__lte_link_control.a(lte_lc_helpers.c.obj)
                0x0000000000011024                event_handler_list_dispatch
 .text.response_is_valid
                0x000000000001106c       0x40 modules/nrf/lib/lte_link_control/lib..__nrf__lib__lte_link_control.a(lte_lc_helpers.c.obj)
                0x000000000001106c                response_is_valid
 .text.parse_psm
                0x00000000000110ac      0x11c modules/nrf/lib/lte_link_control/lib..__nrf__lib__lte_link_control.a(lte_lc_helpers.c.obj)
                0x00000000000110ac                parse_psm
 .text.parse_rrc_mode
                0x00000000000111c8       0x98 modules/nrf/lib/lte_link_control/lib..__nrf__lib__lte_link_control.a(lte_lc_helpers.c.obj)
                0x00000000000111c8                parse_rrc_mode
 .text.parse_cereg
                0x0000000000011260      0x1a4 modules/nrf/lib/lte_link_control/lib..__nrf__lib__lte_link_control.a(lte_lc_helpers.c.obj)
                0x0000000000011260                parse_cereg
 .text.parse_xt3412
                0x0000000000011404       0xa8 modules/nrf/lib/lte_link_control/lib..__nrf__lib__lte_link_control.a(lte_lc_helpers.c.obj)
                0x0000000000011404                parse_xt3412
 .text.neighborcell_count_get
                0x00000000000114ac       0x40 modules/nrf/lib/lte_link_control/lib..__nrf__lib__lte_link_control.a(lte_lc_helpers.c.obj)
                0x00000000000114ac                neighborcell_count_get
 .text.parse_ncellmeas
                0x00000000000114ec      0x2b8 modules/nrf/lib/lte_link_control/lib..__nrf__lib__lte_link_control.a(lte_lc_helpers.c.obj)
                0x00000000000114ec                parse_ncellmeas
 .text.parse_ncellmeas_gci
                0x00000000000117a4      0x4fc modules/nrf/lib/lte_link_control/lib..__nrf__lib__lte_link_control.a(lte_lc_helpers.c.obj)
                0x00000000000117a4                parse_ncellmeas_gci
 .text.parse_xmodemsleep
                0x0000000000011ca0       0xbc modules/nrf/lib/lte_link_control/lib..__nrf__lib__lte_link_control.a(lte_lc_helpers.c.obj)
                0x0000000000011ca0                parse_xmodemsleep
 .text.parse_mdmev
                0x0000000000011d5c       0x5c modules/nrf/lib/lte_link_control/lib..__nrf__lib__lte_link_control.a(lte_lc_helpers.c.obj)
                0x0000000000011d5c                parse_mdmev
 .text.lte_lc_on_modem_cfun
                0x0000000000011db8       0x24 modules/nrf/lib/lte_link_control/lib..__nrf__lib__lte_link_control.a(lte_lc_modem_hooks.c.obj)
 .text.on_modem_init.part.0
                0x0000000000011ddc       0x70 modules/nrf/lib/lte_link_control/lib..__nrf__lib__lte_link_control.a(lte_lc_modem_hooks.c.obj)
 .text.on_modem_init
                0x0000000000011e4c       0x44 modules/nrf/lib/lte_link_control/lib..__nrf__lib__lte_link_control.a(lte_lc_modem_hooks.c.obj)
 .text.k_sys_fatal_error_handler
                0x0000000000011e90       0x20 modules/nrf/lib/fatal_error/lib..__nrf__lib__fatal_error.a(fatal_error.c.obj)
                0x0000000000011e90                k_sys_fatal_error_handler
 .text.set_antenna_configuration.part.0
                0x0000000000011eb0       0x2c modules/nrf/lib/modem_antenna/lib..__nrf__lib__modem_antenna.a(modem_antenna.c.obj)
 .text.on_modem_lib_init
                0x0000000000011edc       0x3c modules/nrf/lib/modem_antenna/lib..__nrf__lib__modem_antenna.a(modem_antenna.c.obj)
 .text.ns_fault_init
                0x0000000000011f18       0x30 modules/nrf/modules/trusted-firmware-m/lib..__nrf__modules__trusted-firmware-m.a(fault.c.obj)
 .text.arm_fault
                0x0000000000011f48      0x24c modules/nrf/modules/trusted-firmware-m/lib..__nrf__modules__trusted-firmware-m.a(fault.c.obj)
                0x0000000000011f48                arm_fault
 .text.tfm_ns_fault_handler_callback
                0x0000000000012194       0x48 modules/nrf/modules/trusted-firmware-m/lib..__nrf__modules__trusted-firmware-m.a(fault.c.obj)
                0x0000000000012194                tfm_ns_fault_handler_callback
 .text.tfm_ns_interface_dispatch
                0x00000000000121dc       0x68 modules/trusted-firmware-m/libtfm_api.a(interface.c.obj)
                0x00000000000121dc                tfm_ns_interface_dispatch
 .text.tfm_platform_ioctl
                0x0000000000012244       0x4c modules/trusted-firmware-m/libtfm_api.a(tfm_platform_api.c.obj)
                0x0000000000012244                tfm_platform_ioctl
 .text.psa_generate_random
                0x0000000000012290       0x40 modules/trusted-firmware-m/libtfm_api.a(tfm_crypto_api.c.obj)
                0x0000000000012290                psa_generate_random
 .text.psa_call
                0x00000000000122d0       0x38 modules/trusted-firmware-m/libtfm_api.a(tfm_tz_psa_ns_api.c.obj)
                0x00000000000122d0                psa_call
 .text.SystemInit
                0x0000000000012308       0x1c modules/hal_nordic/nrfx/libmodules__hal_nordic__nrfx.a(system_nrf91.c.obj)
                0x0000000000012308                SystemInit
 .text.nrfx_flag32_alloc
                0x0000000000012324       0x40 modules/hal_nordic/nrfx/libmodules__hal_nordic__nrfx.a(nrfx_flag32_allocator.c.obj)
                0x0000000000012324                nrfx_flag32_alloc
 .text.nrfx_flag32_free
                0x0000000000012364       0x38 modules/hal_nordic/nrfx/libmodules__hal_nordic__nrfx.a(nrfx_flag32_allocator.c.obj)
                0x0000000000012364                nrfx_flag32_free
 .text.nrfx_gppi_channels_enable
                0x000000000001239c        0xc modules/hal_nordic/nrfx/libmodules__hal_nordic__nrfx.a(nrfx_gppi_dppi.c.obj)
                0x000000000001239c                nrfx_gppi_channels_enable
 .text.clock_stop
                0x00000000000123a8       0xb0 modules/hal_nordic/nrfx/libmodules__hal_nordic__nrfx.a(nrfx_clock.c.obj)
 .text.nrfx_clock_init
                0x0000000000012458       0x20 modules/hal_nordic/nrfx/libmodules__hal_nordic__nrfx.a(nrfx_clock.c.obj)
                0x0000000000012458                nrfx_clock_init
 .text.nrfx_clock_enable
                0x0000000000012478       0x28 modules/hal_nordic/nrfx/libmodules__hal_nordic__nrfx.a(nrfx_clock.c.obj)
                0x0000000000012478                nrfx_clock_enable
 .text.nrfx_clock_start
                0x00000000000124a0       0xb8 modules/hal_nordic/nrfx/libmodules__hal_nordic__nrfx.a(nrfx_clock.c.obj)
                0x00000000000124a0                nrfx_clock_start
 .text.nrfx_power_clock_irq_handler
                0x0000000000012558       0x64 modules/hal_nordic/nrfx/libmodules__hal_nordic__nrfx.a(nrfx_clock.c.obj)
                0x0000000000012558                nrfx_power_clock_irq_handler
 .text.nrfx_dppi_channel_alloc
                0x00000000000125bc        0xc modules/hal_nordic/nrfx/libmodules__hal_nordic__nrfx.a(nrfx_dppi.c.obj)
                0x00000000000125bc                nrfx_dppi_channel_alloc
 .text.nrf_gpio_pin_port_decode
                0x00000000000125c8       0x18 modules/hal_nordic/nrfx/libmodules__hal_nordic__nrfx.a(nrfx_gpiote.c.obj)
 .text.release_handler
                0x00000000000125e0       0x6c modules/hal_nordic/nrfx/libmodules__hal_nordic__nrfx.a(nrfx_gpiote.c.obj)
 .text.pin_te_get.isra.0
                0x000000000001264c       0x18 modules/hal_nordic/nrfx/libmodules__hal_nordic__nrfx.a(nrfx_gpiote.c.obj)
 .text.pin_is_input.isra.0
                0x0000000000012664       0x20 modules/hal_nordic/nrfx/libmodules__hal_nordic__nrfx.a(nrfx_gpiote.c.obj)
 .text.pin_in_use_by_te.isra.0
                0x0000000000012684       0x1c modules/hal_nordic/nrfx/libmodules__hal_nordic__nrfx.a(nrfx_gpiote.c.obj)
 .text.latch_pending_read_and_check
                0x00000000000126a0       0x1c modules/hal_nordic/nrfx/libmodules__hal_nordic__nrfx.a(nrfx_gpiote.c.obj)
 .text.__nrfy_internal_gpiote_events_process.constprop.0
                0x00000000000126bc       0x5c modules/hal_nordic/nrfx/libmodules__hal_nordic__nrfx.a(nrfx_gpiote.c.obj)
 .text.irq_handler.constprop.0
                0x0000000000012718      0x15c modules/hal_nordic/nrfx/libmodules__hal_nordic__nrfx.a(nrfx_gpiote.c.obj)
 .text.pin_uninit
                0x0000000000012874       0xa0 modules/hal_nordic/nrfx/libmodules__hal_nordic__nrfx.a(nrfx_gpiote.c.obj)
 .text.nrfx_gpiote_input_configure
                0x0000000000012914      0x1f8 modules/hal_nordic/nrfx/libmodules__hal_nordic__nrfx.a(nrfx_gpiote.c.obj)
                0x0000000000012914                nrfx_gpiote_input_configure
 .text.nrfx_gpiote_output_configure
                0x0000000000012b0c      0x130 modules/hal_nordic/nrfx/libmodules__hal_nordic__nrfx.a(nrfx_gpiote.c.obj)
                0x0000000000012b0c                nrfx_gpiote_output_configure
 .text.nrfx_gpiote_global_callback_set
                0x0000000000012c3c       0x1c modules/hal_nordic/nrfx/libmodules__hal_nordic__nrfx.a(nrfx_gpiote.c.obj)
                0x0000000000012c3c                nrfx_gpiote_global_callback_set
 .text.nrfx_gpiote_channel_get
                0x0000000000012c58       0x38 modules/hal_nordic/nrfx/libmodules__hal_nordic__nrfx.a(nrfx_gpiote.c.obj)
                0x0000000000012c58                nrfx_gpiote_channel_get
 .text.nrfx_gpiote_init
                0x0000000000012c90       0x80 modules/hal_nordic/nrfx/libmodules__hal_nordic__nrfx.a(nrfx_gpiote.c.obj)
                0x0000000000012c90                nrfx_gpiote_init
 .text.nrfx_gpiote_init_check
                0x0000000000012d10       0x1c modules/hal_nordic/nrfx/libmodules__hal_nordic__nrfx.a(nrfx_gpiote.c.obj)
                0x0000000000012d10                nrfx_gpiote_init_check
 .text.nrfx_gpiote_channel_free
                0x0000000000012d2c       0x18 modules/hal_nordic/nrfx/libmodules__hal_nordic__nrfx.a(nrfx_gpiote.c.obj)
                0x0000000000012d2c                nrfx_gpiote_channel_free
 .text.nrfx_gpiote_channel_alloc
                0x0000000000012d44       0x18 modules/hal_nordic/nrfx/libmodules__hal_nordic__nrfx.a(nrfx_gpiote.c.obj)
                0x0000000000012d44                nrfx_gpiote_channel_alloc
 .text.nrfx_gpiote_trigger_enable
                0x0000000000012d5c       0x9c modules/hal_nordic/nrfx/libmodules__hal_nordic__nrfx.a(nrfx_gpiote.c.obj)
                0x0000000000012d5c                nrfx_gpiote_trigger_enable
 .text.nrfx_gpiote_1_irq_handler
                0x0000000000012df8        0xc modules/hal_nordic/nrfx/libmodules__hal_nordic__nrfx.a(nrfx_gpiote.c.obj)
                0x0000000000012df8                nrfx_gpiote_1_irq_handler
 .text.nrfx_ipc_init
                0x0000000000012e04       0x30 modules/hal_nordic/nrfx/libmodules__hal_nordic__nrfx.a(nrfx_ipc.c.obj)
                0x0000000000012e04                nrfx_ipc_init
 .text.nrfx_ipc_config_load
                0x0000000000012e34       0x40 modules/hal_nordic/nrfx/libmodules__hal_nordic__nrfx.a(nrfx_ipc.c.obj)
                0x0000000000012e34                nrfx_ipc_config_load
 .text.nrfx_ipc_uninit
                0x0000000000012e74       0x64 modules/hal_nordic/nrfx/libmodules__hal_nordic__nrfx.a(nrfx_ipc.c.obj)
                0x0000000000012e74                nrfx_ipc_uninit
 .text.nrfx_ipc_receive_event_enable
                0x0000000000012ed8       0x10 modules/hal_nordic/nrfx/libmodules__hal_nordic__nrfx.a(nrfx_ipc.c.obj)
                0x0000000000012ed8                nrfx_ipc_receive_event_enable
 .text.nrfx_ipc_receive_event_disable
                0x0000000000012ee8       0x10 modules/hal_nordic/nrfx/libmodules__hal_nordic__nrfx.a(nrfx_ipc.c.obj)
                0x0000000000012ee8                nrfx_ipc_receive_event_disable
 .text.nrfx_ipc_irq_handler
                0x0000000000012ef8       0x40 modules/hal_nordic/nrfx/libmodules__hal_nordic__nrfx.a(nrfx_ipc.c.obj)
                0x0000000000012ef8                nrfx_ipc_irq_handler
 .text.twim_configure
                0x0000000000012f38       0x40 modules/hal_nordic/nrfx/libmodules__hal_nordic__nrfx.a(nrfx_twim.c.obj)
 .text.nrfx_twim_init
                0x0000000000012f78       0xc4 modules/hal_nordic/nrfx/libmodules__hal_nordic__nrfx.a(nrfx_twim.c.obj)
                0x0000000000012f78                nrfx_twim_init
 .text.nrfx_twim_enable
                0x000000000001303c       0x20 modules/hal_nordic/nrfx/libmodules__hal_nordic__nrfx.a(nrfx_twim.c.obj)
                0x000000000001303c                nrfx_twim_enable
 .text.nrfx_twim_disable
                0x000000000001305c       0x3c modules/hal_nordic/nrfx/libmodules__hal_nordic__nrfx.a(nrfx_twim.c.obj)
                0x000000000001305c                nrfx_twim_disable
 .text.nrfx_twim_xfer
                0x0000000000013098      0x350 modules/hal_nordic/nrfx/libmodules__hal_nordic__nrfx.a(nrfx_twim.c.obj)
                0x0000000000013098                nrfx_twim_xfer
 .text.nrfx_twim_2_irq_handler
                0x00000000000133e8      0x188 modules/hal_nordic/nrfx/libmodules__hal_nordic__nrfx.a(nrfx_twim.c.obj)
                0x00000000000133e8                nrfx_twim_2_irq_handler
 .text.nrf_gpio_pin_port_decode
                0x0000000000013570       0x18 modules/hal_nordic/nrfx/libmodules__hal_nordic__nrfx.a(nrfx_twi_twim.c.obj)
 .text.nrfx_twi_twim_bus_recover
                0x0000000000013588       0xd4 modules/hal_nordic/nrfx/libmodules__hal_nordic__nrfx.a(nrfx_twi_twim.c.obj)
                0x0000000000013588                nrfx_twi_twim_bus_recover
 .text.rpc_handle_data_message
                0x000000000001365c       0x38 /home/jet_mouse/ncs/v2.6.1/nrfxlib/nrf_modem/lib/nRF9120/hard-float/libmodem.a(rpc_framework.c.obj)
                0x000000000001365c                rpc_handle_data_message
 .text.rpc_transport_init
                0x0000000000013694        0xc /home/jet_mouse/ncs/v2.6.1/nrfxlib/nrf_modem/lib/nRF9120/hard-float/libmodem.a(rpc_transport.c.obj)
                0x0000000000013694                rpc_transport_init
 .text.rpc_transport_msg_alloc
                0x00000000000136a0        0xc /home/jet_mouse/ncs/v2.6.1/nrfxlib/nrf_modem/lib/nRF9120/hard-float/libmodem.a(rpc_transport.c.obj)
                0x00000000000136a0                rpc_transport_msg_alloc
 .text.rpc_transport_msg_data_tx_size
                0x00000000000136ac        0xc /home/jet_mouse/ncs/v2.6.1/nrfxlib/nrf_modem/lib/nRF9120/hard-float/libmodem.a(rpc_transport.c.obj)
                0x00000000000136ac                rpc_transport_msg_data_tx_size
 .text.rpc_transport_msg_data_rx_free
                0x00000000000136b8        0xc /home/jet_mouse/ncs/v2.6.1/nrfxlib/nrf_modem/lib/nRF9120/hard-float/libmodem.a(rpc_transport.c.obj)
                0x00000000000136b8                rpc_transport_msg_data_rx_free
 .text.rpc_transport_msg_send
                0x00000000000136c4        0xc /home/jet_mouse/ncs/v2.6.1/nrfxlib/nrf_modem/lib/nRF9120/hard-float/libmodem.a(rpc_transport.c.obj)
                0x00000000000136c4                rpc_transport_msg_send
 .text.rpc_transport_data_rx_suspend
                0x00000000000136d0        0xc /home/jet_mouse/ncs/v2.6.1/nrfxlib/nrf_modem/lib/nRF9120/hard-float/libmodem.a(rpc_transport.c.obj)
                0x00000000000136d0                rpc_transport_data_rx_suspend
 .text.rpc_transport_data_rx_resume
                0x00000000000136dc        0xc /home/jet_mouse/ncs/v2.6.1/nrfxlib/nrf_modem/lib/nRF9120/hard-float/libmodem.a(rpc_transport.c.obj)
                0x00000000000136dc                rpc_transport_data_rx_resume
 .text.rpc_transport_ipc_msg_data_tx_size
                0x00000000000136e8        0xc /home/jet_mouse/ncs/v2.6.1/nrfxlib/nrf_modem/lib/nRF9120/hard-float/libmodem.a(rpc_transport_ipc.c.obj)
 .text.rpc_transport_ipc_msg_tx_free
                0x00000000000136f4       0x38 /home/jet_mouse/ncs/v2.6.1/nrfxlib/nrf_modem/lib/nRF9120/hard-float/libmodem.a(rpc_transport_ipc.c.obj)
 .text.handle_modem_rpc_msg
                0x000000000001372c       0x68 /home/jet_mouse/ncs/v2.6.1/nrfxlib/nrf_modem/lib/nRF9120/hard-float/libmodem.a(rpc_transport_ipc.c.obj)
 .text.rpc_message_handler
                0x0000000000013794       0x24 /home/jet_mouse/ncs/v2.6.1/nrfxlib/nrf_modem/lib/nRF9120/hard-float/libmodem.a(rpc_transport_ipc.c.obj)
 .text.ipc_irq_handler
                0x00000000000137b8       0xec /home/jet_mouse/ncs/v2.6.1/nrfxlib/nrf_modem/lib/nRF9120/hard-float/libmodem.a(rpc_transport_ipc.c.obj)
                0x00000000000137b8                ipc_irq_handler
 .text.rpc_transport_ipc_data_msg_send
                0x00000000000138a4       0x6c /home/jet_mouse/ncs/v2.6.1/nrfxlib/nrf_modem/lib/nRF9120/hard-float/libmodem.a(rpc_transport_ipc.c.obj)
 .text.rpc_transport_ipc_ctrl_msg_alloc
                0x0000000000013910       0x44 /home/jet_mouse/ncs/v2.6.1/nrfxlib/nrf_modem/lib/nRF9120/hard-float/libmodem.a(rpc_transport_ipc.c.obj)
 .text.rpc_transport_ipc_data_msg_alloc
                0x0000000000013954       0x24 /home/jet_mouse/ncs/v2.6.1/nrfxlib/nrf_modem/lib/nRF9120/hard-float/libmodem.a(rpc_transport_ipc.c.obj)
 .text.rpc_transport_ipc_init
                0x0000000000013978      0x1d4 /home/jet_mouse/ncs/v2.6.1/nrfxlib/nrf_modem/lib/nRF9120/hard-float/libmodem.a(rpc_transport_ipc.c.obj)
 .text.rpc_transport_ipc_ctrl_msg_send
                0x0000000000013b4c       0x6c /home/jet_mouse/ncs/v2.6.1/nrfxlib/nrf_modem/lib/nRF9120/hard-float/libmodem.a(rpc_transport_ipc.c.obj)
 .text.rpc_transport_ipc_request_shutdown
                0x0000000000013bb8       0x38 /home/jet_mouse/ncs/v2.6.1/nrfxlib/nrf_modem/lib/nRF9120/hard-float/libmodem.a(rpc_transport_ipc.c.obj)
 .text.rpc_transport_ipc_msg_data_rx_free
                0x0000000000013bf0       0x30 /home/jet_mouse/ncs/v2.6.1/nrfxlib/nrf_modem/lib/nRF9120/hard-float/libmodem.a(rpc_transport_ipc.c.obj)
 .text.cfun_post_modem
                0x0000000000013c20       0x14 /home/jet_mouse/ncs/v2.6.1/nrfxlib/nrf_modem/lib/nRF9120/hard-float/libmodem.a(nrf_modem_at.c.obj)
 .text.cfun_pre_modem
                0x0000000000013c34       0x44 /home/jet_mouse/ncs/v2.6.1/nrfxlib/nrf_modem/lib/nRF9120/hard-float/libmodem.a(nrf_modem_at.c.obj)
 .text.at_cmd_send
                0x0000000000013c78       0x74 /home/jet_mouse/ncs/v2.6.1/nrfxlib/nrf_modem/lib/nRF9120/hard-float/libmodem.a(nrf_modem_at.c.obj)
 .text.at_response_match
                0x0000000000013cec       0x48 /home/jet_mouse/ncs/v2.6.1/nrfxlib/nrf_modem/lib/nRF9120/hard-float/libmodem.a(nrf_modem_at.c.obj)
 .text.at_cmd_vsprintf
                0x0000000000013d34       0x50 /home/jet_mouse/ncs/v2.6.1/nrfxlib/nrf_modem/lib/nRF9120/hard-float/libmodem.a(nrf_modem_at.c.obj)
 .text.nrf_modem_at_notif_handler_set
                0x0000000000013d84        0xc /home/jet_mouse/ncs/v2.6.1/nrfxlib/nrf_modem/lib/nRF9120/hard-float/libmodem.a(nrf_modem_at.c.obj)
                0x0000000000013d84                nrf_modem_at_notif_handler_set
 .text.nrf_modem_at_cfun_handler_set
                0x0000000000013d90        0xc /home/jet_mouse/ncs/v2.6.1/nrfxlib/nrf_modem/lib/nRF9120/hard-float/libmodem.a(nrf_modem_at.c.obj)
                0x0000000000013d90                nrf_modem_at_cfun_handler_set
 .text.nrf_modem_at_printf
                0x0000000000013d9c       0xc8 /home/jet_mouse/ncs/v2.6.1/nrfxlib/nrf_modem/lib/nRF9120/hard-float/libmodem.a(nrf_modem_at.c.obj)
                0x0000000000013d9c                nrf_modem_at_printf
 .text.nrf_modem_at_cmd
                0x0000000000013e64      0x180 /home/jet_mouse/ncs/v2.6.1/nrfxlib/nrf_modem/lib/nRF9120/hard-float/libmodem.a(nrf_modem_at.c.obj)
                0x0000000000013e64                nrf_modem_at_cmd
 .text.nrf_modem_at_scanf
                0x0000000000013fe4       0xf4 /home/jet_mouse/ncs/v2.6.1/nrfxlib/nrf_modem/lib/nRF9120/hard-float/libmodem.a(nrf_modem_at.c.obj)
                0x0000000000013fe4                nrf_modem_at_scanf
 .text.rpc_at_event_handler
                0x00000000000140d8       0x88 /home/jet_mouse/ncs/v2.6.1/nrfxlib/nrf_modem/lib/nRF9120/hard-float/libmodem.a(nrf_modem_at.c.obj)
                0x00000000000140d8                rpc_at_event_handler
 .text.rpc_at_init
                0x0000000000014160       0x40 /home/jet_mouse/ncs/v2.6.1/nrfxlib/nrf_modem/lib/nRF9120/hard-float/libmodem.a(nrf_modem_at.c.obj)
                0x0000000000014160                rpc_at_init
 .text.sock_unref.isra.0
                0x00000000000141a0       0x40 /home/jet_mouse/ncs/v2.6.1/nrfxlib/nrf_modem/lib/nRF9120/hard-float/libmodem.a(sock.c.obj)
 .text.sock_init
                0x00000000000141e0       0x3c /home/jet_mouse/ncs/v2.6.1/nrfxlib/nrf_modem/lib/nRF9120/hard-float/libmodem.a(sock.c.obj)
                0x00000000000141e0                sock_init
 .text.sock_open
                0x000000000001421c       0x68 /home/jet_mouse/ncs/v2.6.1/nrfxlib/nrf_modem/lib/nRF9120/hard-float/libmodem.a(sock.c.obj)
                0x000000000001421c                sock_open
 .text.sock_find
                0x0000000000014284       0x24 /home/jet_mouse/ncs/v2.6.1/nrfxlib/nrf_modem/lib/nRF9120/hard-float/libmodem.a(sock.c.obj)
                0x0000000000014284                sock_find
 .text._sock_close
                0x00000000000142a8       0x30 /home/jet_mouse/ncs/v2.6.1/nrfxlib/nrf_modem/lib/nRF9120/hard-float/libmodem.a(sock.c.obj)
                0x00000000000142a8                _sock_close
 .text.sock_shutdown
                0x00000000000142d8       0x28 /home/jet_mouse/ncs/v2.6.1/nrfxlib/nrf_modem/lib/nRF9120/hard-float/libmodem.a(sock.c.obj)
                0x00000000000142d8                sock_shutdown
 .text.sock_rpc_flow_control_set
                0x0000000000014300       0x50 /home/jet_mouse/ncs/v2.6.1/nrfxlib/nrf_modem/lib/nRF9120/hard-float/libmodem.a(sock.c.obj)
                0x0000000000014300                sock_rpc_flow_control_set
 .text.sock_proto_is_valid
                0x0000000000014350       0x30 /home/jet_mouse/ncs/v2.6.1/nrfxlib/nrf_modem/lib/nRF9120/hard-float/libmodem.a(sock.c.obj)
                0x0000000000014350                sock_proto_is_valid
 .text.on_getaddrinfo_res
                0x0000000000014380       0x14 /home/jet_mouse/ncs/v2.6.1/nrfxlib/nrf_modem/lib/nRF9120/hard-float/libmodem.a(dns.c.obj)
                0x0000000000014380                on_getaddrinfo_res
 .text.addrinfo_init
                0x0000000000014394       0x1c /home/jet_mouse/ncs/v2.6.1/nrfxlib/nrf_modem/lib/nRF9120/hard-float/libmodem.a(dns.c.obj)
                0x0000000000014394                addrinfo_init
 .text.nrf_getaddrinfo
                0x00000000000143b0      0x300 /home/jet_mouse/ncs/v2.6.1/nrfxlib/nrf_modem/lib/nRF9120/hard-float/libmodem.a(dns.c.obj)
                0x00000000000143b0                nrf_getaddrinfo
 .text.rpc_ip_event_handler
                0x00000000000146b0      0x2d8 /home/jet_mouse/ncs/v2.6.1/nrfxlib/nrf_modem/lib/nRF9120/hard-float/libmodem.a(ip.c.obj)
                0x00000000000146b0                rpc_ip_event_handler
 .text.nrf_close
                0x0000000000014988       0x64 /home/jet_mouse/ncs/v2.6.1/nrfxlib/nrf_modem/lib/nRF9120/hard-float/libmodem.a(ip.c.obj)
                0x0000000000014988                nrf_close
 .text.nrf_setsockopt
                0x00000000000149ec      0x258 /home/jet_mouse/ncs/v2.6.1/nrfxlib/nrf_modem/lib/nRF9120/hard-float/libmodem.a(ip.c.obj)
                0x00000000000149ec                nrf_setsockopt
 .text.nrf_getsockopt
                0x0000000000014c44      0x1b4 /home/jet_mouse/ncs/v2.6.1/nrfxlib/nrf_modem/lib/nRF9120/hard-float/libmodem.a(ip.c.obj)
                0x0000000000014c44                nrf_getsockopt
 .text.rpc_ip_init
                0x0000000000014df8       0x24 /home/jet_mouse/ncs/v2.6.1/nrfxlib/nrf_modem/lib/nRF9120/hard-float/libmodem.a(ip.c.obj)
                0x0000000000014df8                rpc_ip_init
 .text.on_tls_attach_res
                0x0000000000014e1c       0x30 /home/jet_mouse/ncs/v2.6.1/nrfxlib/nrf_modem/lib/nRF9120/hard-float/libmodem.a(tls.c.obj)
                0x0000000000014e1c                on_tls_attach_res
 .text.on_tls_handshake_ntf
                0x0000000000014e4c       0x3c /home/jet_mouse/ncs/v2.6.1/nrfxlib/nrf_modem/lib/nRF9120/hard-float/libmodem.a(tls.c.obj)
                0x0000000000014e4c                on_tls_handshake_ntf
 .text.tls_attach
                0x0000000000014e88       0xf4 /home/jet_mouse/ncs/v2.6.1/nrfxlib/nrf_modem/lib/nRF9120/hard-float/libmodem.a(tls.c.obj)
                0x0000000000014e88                tls_attach
 .text.nrf_af_to_rpc_af
                0x0000000000014f7c       0x10 /home/jet_mouse/ncs/v2.6.1/nrfxlib/nrf_modem/lib/nRF9120/hard-float/libmodem.a(tables.c.obj)
                0x0000000000014f7c                nrf_af_to_rpc_af
 .text.nrf_so_to_rpc_so
                0x0000000000014f8c       0x18 /home/jet_mouse/ncs/v2.6.1/nrfxlib/nrf_modem/lib/nRF9120/hard-float/libmodem.a(tables.c.obj)
                0x0000000000014f8c                nrf_so_to_rpc_so
 .text.rpc_error_to_nrf_errno
                0x0000000000014fa4       0x18 /home/jet_mouse/ncs/v2.6.1/nrfxlib/nrf_modem/lib/nRF9120/hard-float/libmodem.a(tables.c.obj)
                0x0000000000014fa4                rpc_error_to_nrf_errno
 .text.nrf_rai_to_rpc_rai
                0x0000000000014fbc       0x18 /home/jet_mouse/ncs/v2.6.1/nrfxlib/nrf_modem/lib/nRF9120/hard-float/libmodem.a(tables.c.obj)
                0x0000000000014fbc                nrf_rai_to_rpc_rai
 .text._req_forward
                0x0000000000014fd4       0x40 /home/jet_mouse/ncs/v2.6.1/nrfxlib/nrf_modem/lib/nRF9120/hard-float/libmodem.a(reqres.c.obj)
                0x0000000000014fd4                _req_forward
 .text.rpc_gnss_event_handler
                0x0000000000015014      0x138 /home/jet_mouse/ncs/v2.6.1/nrfxlib/nrf_modem/lib/nRF9120/hard-float/libmodem.a(nrf_modem_gnss.c.obj)
                0x0000000000015014                rpc_gnss_event_handler
 .text.rpc_gnss_init
                0x000000000001514c       0x44 /home/jet_mouse/ncs/v2.6.1/nrfxlib/nrf_modem/lib/nRF9120/hard-float/libmodem.a(nrf_modem_gnss.c.obj)
                0x000000000001514c                rpc_gnss_init
 .text.rpc_gnss_deinit
                0x0000000000015190       0x3c /home/jet_mouse/ncs/v2.6.1/nrfxlib/nrf_modem/lib/nRF9120/hard-float/libmodem.a(nrf_modem_gnss.c.obj)
                0x0000000000015190                rpc_gnss_deinit
 .text.rpc_softsim_event_handler
                0x00000000000151cc       0x24 /home/jet_mouse/ncs/v2.6.1/nrfxlib/nrf_modem/lib/nRF9120/hard-float/libmodem.a(nrf_modem_softsim.c.obj)
                0x00000000000151cc                rpc_softsim_event_handler
 .text.modem_off
                0x00000000000151f0       0x28 /home/jet_mouse/ncs/v2.6.1/nrfxlib/nrf_modem/lib/nRF9120/hard-float/libmodem.a(nrf_modem.c.obj)
 .text.nrf_modem_platform_init
                0x0000000000015218       0x3c /home/jet_mouse/ncs/v2.6.1/nrfxlib/nrf_modem/lib/nRF9120/hard-float/libmodem.a(nrf_modem.c.obj)
 .text.atomic_set.constprop.0.isra.0
                0x0000000000015254       0x14 /home/jet_mouse/ncs/v2.6.1/nrfxlib/nrf_modem/lib/nRF9120/hard-float/libmodem.a(nrf_modem.c.obj)
 .text.nrf_modem_init
                0x0000000000015268       0xcc /home/jet_mouse/ncs/v2.6.1/nrfxlib/nrf_modem/lib/nRF9120/hard-float/libmodem.a(nrf_modem.c.obj)
                0x0000000000015268                nrf_modem_init
 .text.nrf_modem_fault_handler_set
                0x0000000000015334        0xc /home/jet_mouse/ncs/v2.6.1/nrfxlib/nrf_modem/lib/nRF9120/hard-float/libmodem.a(nrf_modem_fault.c.obj)
                0x0000000000015334                nrf_modem_fault_handler_set
 .text.nrf_modem_fault_handler_internal
                0x0000000000015340       0x18 /home/jet_mouse/ncs/v2.6.1/nrfxlib/nrf_modem/lib/nRF9120/hard-float/libmodem.a(nrf_modem_fault.c.obj)
                0x0000000000015340                nrf_modem_fault_handler_internal
 .text.nrf_modem_state_set
                0x0000000000015358        0xc /home/jet_mouse/ncs/v2.6.1/nrfxlib/nrf_modem/lib/nRF9120/hard-float/libmodem.a(nrf_modem_state.c.obj)
                0x0000000000015358                nrf_modem_state_set
 .text.nrf_modem_state_is_initialized
                0x0000000000015364       0x10 /home/jet_mouse/ncs/v2.6.1/nrfxlib/nrf_modem/lib/nRF9120/hard-float/libmodem.a(nrf_modem_state.c.obj)
                0x0000000000015364                nrf_modem_state_is_initialized
 .text.ipc_trace_init
                0x0000000000015374       0x38 /home/jet_mouse/ncs/v2.6.1/nrfxlib/nrf_modem/lib/nRF9120/hard-float/libmodem.a(ipc_trace.c.obj)
                0x0000000000015374                ipc_trace_init
 .text.ipc_trace_handler
                0x00000000000153ac       0xc8 /home/jet_mouse/ncs/v2.6.1/nrfxlib/nrf_modem/lib/nRF9120/hard-float/libmodem.a(ipc_trace.c.obj)
                0x00000000000153ac                ipc_trace_handler
 .text.z_impl_z_errno
                0x0000000000015474        0xc zephyr/kernel/libkernel.a(errno.c.obj)
                0x0000000000015474                z_impl_z_errno
 .text.z_fatal_error
                0x0000000000015480       0xec zephyr/kernel/libkernel.a(fatal.c.obj)
                0x0000000000015480                z_fatal_error
 .text.z_sys_init_run_level
                0x000000000001556c       0x48 zephyr/kernel/libkernel.a(init.c.obj)
 .text.bg_thread_main
                0x00000000000155b4       0x34 zephyr/kernel/libkernel.a(init.c.obj)
 .text.z_bss_zero
                0x00000000000155e8       0x18 zephyr/kernel/libkernel.a(init.c.obj)
                0x00000000000155e8                z_bss_zero
 .text.z_init_cpu
                0x0000000000015600       0x7c zephyr/kernel/libkernel.a(init.c.obj)
                0x0000000000015600                z_init_cpu
 .text.z_cstart
                0x000000000001567c       0xe4 zephyr/kernel/libkernel.a(init.c.obj)
                0x000000000001567c                z_cstart
 .text.statics_init
                0x0000000000015760       0x24 zephyr/kernel/libkernel.a(kheap.c.obj)
 .text.z_setup_new_thread
                0x0000000000015784       0x60 zephyr/kernel/libkernel.a(thread.c.obj)
                0x0000000000015784                z_setup_new_thread
 .text.z_impl_k_thread_create
                0x00000000000157e4       0x58 zephyr/kernel/libkernel.a(thread.c.obj)
                0x00000000000157e4                z_impl_k_thread_create
 .text.z_init_static_threads
                0x000000000001583c       0x98 zephyr/kernel/libkernel.a(thread.c.obj)
                0x000000000001583c                z_init_static_threads
 .text.z_impl_k_mutex_unlock
                0x00000000000158d4       0x78 zephyr/kernel/libkernel.a(mutex.c.obj)
                0x00000000000158d4                z_impl_k_mutex_unlock
 .text.z_impl_k_mutex_lock
                0x000000000001594c       0xf4 zephyr/kernel/libkernel.a(mutex.c.obj)
                0x000000000001594c                z_impl_k_mutex_lock
 .text.z_impl_k_queue_get
                0x0000000000015a40       0x68 zephyr/kernel/libkernel.a(queue.c.obj)
                0x0000000000015a40                z_impl_k_queue_get
 .text.z_impl_k_sem_give
                0x0000000000015aa8       0x4c zephyr/kernel/libkernel.a(sem.c.obj)
                0x0000000000015aa8                z_impl_k_sem_give
 .text.z_impl_k_sem_take
                0x0000000000015af4       0x50 zephyr/kernel/libkernel.a(sem.c.obj)
                0x0000000000015af4                z_impl_k_sem_take
 .text.z_impl_k_sem_reset
                0x0000000000015b44       0x44 zephyr/kernel/libkernel.a(sem.c.obj)
                0x0000000000015b44                z_impl_k_sem_reset
 .text.submit_to_queue_locked
                0x0000000000015b88       0xb4 zephyr/kernel/libkernel.a(work.c.obj)
 .text.k_work_submit
                0x0000000000015c3c        0xc zephyr/kernel/libkernel.a(work.c.obj)
                0x0000000000015c3c                k_work_submit
 .text.k_work_queue_start
                0x0000000000015c48       0x70 zephyr/kernel/libkernel.a(work.c.obj)
                0x0000000000015c48                k_work_queue_start
 .text.k_work_schedule_for_queue
                0x0000000000015cb8       0x54 zephyr/kernel/libkernel.a(work.c.obj)
                0x0000000000015cb8                k_work_schedule_for_queue
 .text.k_work_schedule
                0x0000000000015d0c        0xc zephyr/kernel/libkernel.a(work.c.obj)
                0x0000000000015d0c                k_work_schedule
 .text.k_work_reschedule_for_queue
                0x0000000000015d18       0x5c zephyr/kernel/libkernel.a(work.c.obj)
                0x0000000000015d18                k_work_reschedule_for_queue
 .text.k_work_reschedule
                0x0000000000015d74        0xc zephyr/kernel/libkernel.a(work.c.obj)
                0x0000000000015d74                k_work_reschedule
 .text.sliceable
                0x0000000000015d80       0x3c zephyr/kernel/libkernel.a(sched.c.obj)
 .text.slice_timeout
                0x0000000000015dbc       0x20 zephyr/kernel/libkernel.a(sched.c.obj)
 .text.z_reset_time_slice
                0x0000000000015ddc       0x50 zephyr/kernel/libkernel.a(sched.c.obj)
                0x0000000000015ddc                z_reset_time_slice
 .text.update_cache
                0x0000000000015e2c       0x3c zephyr/kernel/libkernel.a(sched.c.obj)
 .text.move_thread_to_end_of_prio_q
                0x0000000000015e68       0x74 zephyr/kernel/libkernel.a(sched.c.obj)
 .text.ready_thread
                0x0000000000015edc       0x68 zephyr/kernel/libkernel.a(sched.c.obj)
 .text.unready_thread
                0x0000000000015f44       0x30 zephyr/kernel/libkernel.a(sched.c.obj)
 .text.pend_locked
                0x0000000000015f74       0x30 zephyr/kernel/libkernel.a(sched.c.obj)
 .text.z_thread_halt
                0x0000000000015fa4       0xac zephyr/kernel/libkernel.a(sched.c.obj)
 .text.z_time_slice
                0x0000000000016050       0x60 zephyr/kernel/libkernel.a(sched.c.obj)
                0x0000000000016050                z_time_slice
 .text.z_pend_curr
                0x00000000000160b0       0x3c zephyr/kernel/libkernel.a(sched.c.obj)
                0x00000000000160b0                z_pend_curr
 .text.z_set_prio
                0x00000000000160ec       0x8c zephyr/kernel/libkernel.a(sched.c.obj)
                0x00000000000160ec                z_set_prio
 .text.z_reschedule
                0x0000000000016178       0x24 zephyr/kernel/libkernel.a(sched.c.obj)
                0x0000000000016178                z_reschedule
 .text.z_sched_start
                0x000000000001619c       0x3c zephyr/kernel/libkernel.a(sched.c.obj)
                0x000000000001619c                z_sched_start
 .text.k_sched_lock
                0x00000000000161d8       0x28 zephyr/kernel/libkernel.a(sched.c.obj)
                0x00000000000161d8                k_sched_lock
 .text.k_sched_unlock
                0x0000000000016200       0x38 zephyr/kernel/libkernel.a(sched.c.obj)
                0x0000000000016200                k_sched_unlock
 .text.z_sched_init
                0x0000000000016238       0x10 zephyr/kernel/libkernel.a(sched.c.obj)
                0x0000000000016238                z_sched_init
 .text.z_impl_k_yield
                0x0000000000016248       0x7c zephyr/kernel/libkernel.a(sched.c.obj)
                0x0000000000016248                z_impl_k_yield
 .text.z_tick_sleep
                0x00000000000162c4       0x88 zephyr/kernel/libkernel.a(sched.c.obj)
 .text.z_impl_k_sleep
                0x000000000001634c       0x34 zephyr/kernel/libkernel.a(sched.c.obj)
                0x000000000001634c                z_impl_k_sleep
 .text.z_impl_k_sched_current_thread_query
                0x0000000000016380        0xc zephyr/kernel/libkernel.a(sched.c.obj)
                0x0000000000016380                z_impl_k_sched_current_thread_query
 .text.z_sched_wait
                0x000000000001638c       0x24 zephyr/kernel/libkernel.a(sched.c.obj)
                0x000000000001638c                z_sched_wait
 .text.z_data_copy
                0x00000000000163b0       0x34 zephyr/kernel/libkernel.a(xip.c.obj)
                0x00000000000163b0                z_data_copy
 .text.elapsed  0x00000000000163e4       0x14 zephyr/kernel/libkernel.a(timeout.c.obj)
 .text.next_timeout
                0x00000000000163f8       0x40 zephyr/kernel/libkernel.a(timeout.c.obj)
 .text.remove_timeout
                0x0000000000016438       0x38 zephyr/kernel/libkernel.a(timeout.c.obj)
 .text.z_add_timeout
                0x0000000000016470       0xec zephyr/kernel/libkernel.a(timeout.c.obj)
                0x0000000000016470                z_add_timeout
 .text.sys_clock_announce
                0x000000000001655c       0xd4 zephyr/kernel/libkernel.a(timeout.c.obj)
                0x000000000001655c                sys_clock_announce
 .text.sys_clock_tick_get
                0x0000000000016630       0x34 zephyr/kernel/libkernel.a(timeout.c.obj)
                0x0000000000016630                sys_clock_tick_get
 .text.z_timer_expiration_handler
                0x0000000000016664       0xe4 zephyr/kernel/libkernel.a(timer.c.obj)
                0x0000000000016664                z_timer_expiration_handler
 .text.z_impl_k_timer_start
                0x0000000000016748       0x74 zephyr/kernel/libkernel.a(timer.c.obj)
                0x0000000000016748                z_impl_k_timer_start
 .text.z_impl_k_poll_signal_raise
                0x00000000000167bc       0x50 zephyr/kernel/libkernel.a(poll.c.obj)
                0x00000000000167bc                z_impl_k_poll_signal_raise
 .text.k_aligned_alloc
                0x000000000001680c       0x10 zephyr/kernel/libkernel.a(mempool.c.obj)
                0x000000000001680c                k_aligned_alloc
 .text.k_thread_system_pool_assign
                0x000000000001681c        0xc zephyr/kernel/libkernel.a(mempool.c.obj)
                0x000000000001681c                k_thread_system_pool_assign
 .text.z_thread_aligned_alloc
                0x0000000000016828       0x30 zephyr/kernel/libkernel.a(mempool.c.obj)
                0x0000000000016828                z_thread_aligned_alloc
 .text.boot_banner
                0x0000000000016858        0xc zephyr/kernel/libkernel.a(banner.c.obj)
                0x0000000000016858                boot_banner
 .text.k_sys_work_q_init
                0x0000000000016864       0x34 zephyr/kernel/libkernel.a(system_work_q.c.obj)
 .text.malloc   0x0000000000016898       0x10 /home/jet_mouse/ncs/toolchains/e9dba88316/opt/zephyr-sdk/arm-zephyr-eabi/arm-zephyr-eabi/lib/thumb/v8-m.main+fp/hard/libc_nano.a(lib_a-malloc.o)
                0x0000000000016898                malloc
 .text._free_r  0x00000000000168a8       0x94 /home/jet_mouse/ncs/toolchains/e9dba88316/opt/zephyr-sdk/arm-zephyr-eabi/arm-zephyr-eabi/lib/thumb/v8-m.main+fp/hard/libc_nano.a(lib_a-nano-freer.o)
                0x00000000000168a8                _free_r
 .text._malloc_r
                0x000000000001693c       0xb4 /home/jet_mouse/ncs/toolchains/e9dba88316/opt/zephyr-sdk/arm-zephyr-eabi/arm-zephyr-eabi/lib/thumb/v8-m.main+fp/hard/libc_nano.a(lib_a-nano-mallocr.o)
                0x000000000001693c                _malloc_r
 .text._printf_float
                0x00000000000169f0      0x468 /home/jet_mouse/ncs/toolchains/e9dba88316/opt/zephyr-sdk/arm-zephyr-eabi/arm-zephyr-eabi/lib/thumb/v8-m.main+fp/hard/libc_nano.a(lib_a-nano-vfprintf_float.o)
                0x00000000000169f0                _printf_float
 .text._printf_i
                0x0000000000016e58      0x25c /home/jet_mouse/ncs/toolchains/e9dba88316/opt/zephyr-sdk/arm-zephyr-eabi/arm-zephyr-eabi/lib/thumb/v8-m.main+fp/hard/libc_nano.a(lib_a-nano-vfprintf_i.o)
                0x0000000000016e58                _printf_i
 .text._sbrk_r  0x00000000000170b4       0x20 /home/jet_mouse/ncs/toolchains/e9dba88316/opt/zephyr-sdk/arm-zephyr-eabi/arm-zephyr-eabi/lib/thumb/v8-m.main+fp/hard/libc_nano.a(lib_a-sbrkr.o)
                0x00000000000170b4                _sbrk_r
 .text.snprintf
                0x00000000000170d4       0x68 /home/jet_mouse/ncs/toolchains/e9dba88316/opt/zephyr-sdk/arm-zephyr-eabi/arm-zephyr-eabi/lib/thumb/v8-m.main+fp/hard/libc_nano.a(lib_a-snprintf.o)
                0x00000000000170d4                snprintf
                0x00000000000170d4                sniprintf
 .text.strncasecmp
                0x000000000001713c       0x44 /home/jet_mouse/ncs/toolchains/e9dba88316/opt/zephyr-sdk/arm-zephyr-eabi/arm-zephyr-eabi/lib/thumb/v8-m.main+fp/hard/libc_nano.a(lib_a-strncasecmp.o)
                0x000000000001713c                strncasecmp
 .text._strtol_l.constprop.0
                0x0000000000017180       0xfc /home/jet_mouse/ncs/toolchains/e9dba88316/opt/zephyr-sdk/arm-zephyr-eabi/arm-zephyr-eabi/lib/thumb/v8-m.main+fp/hard/libc_nano.a(lib_a-strtol.o)
 .text.strtol   0x000000000001727c       0x14 /home/jet_mouse/ncs/toolchains/e9dba88316/opt/zephyr-sdk/arm-zephyr-eabi/arm-zephyr-eabi/lib/thumb/v8-m.main+fp/hard/libc_nano.a(lib_a-strtol.o)
                0x000000000001727c                strtol
 .text._strtoll_l.constprop.0
                0x0000000000017290      0x128 /home/jet_mouse/ncs/toolchains/e9dba88316/opt/zephyr-sdk/arm-zephyr-eabi/arm-zephyr-eabi/lib/thumb/v8-m.main+fp/hard/libc_nano.a(lib_a-strtoll.o)
 .text.strtoll  0x00000000000173b8       0x14 /home/jet_mouse/ncs/toolchains/e9dba88316/opt/zephyr-sdk/arm-zephyr-eabi/arm-zephyr-eabi/lib/thumb/v8-m.main+fp/hard/libc_nano.a(lib_a-strtoll.o)
                0x00000000000173b8                strtoll
 .text._strtoul_l.constprop.0
                0x00000000000173cc       0xe4 /home/jet_mouse/ncs/toolchains/e9dba88316/opt/zephyr-sdk/arm-zephyr-eabi/arm-zephyr-eabi/lib/thumb/v8-m.main+fp/hard/libc_nano.a(lib_a-strtoul.o)
 .text.strtoul  0x00000000000174b0       0x14 /home/jet_mouse/ncs/toolchains/e9dba88316/opt/zephyr-sdk/arm-zephyr-eabi/arm-zephyr-eabi/lib/thumb/v8-m.main+fp/hard/libc_nano.a(lib_a-strtoul.o)
                0x00000000000174b0                strtoul
 .text.vsnprintf
                0x00000000000174c4       0x1c /home/jet_mouse/ncs/toolchains/e9dba88316/opt/zephyr-sdk/arm-zephyr-eabi/arm-zephyr-eabi/lib/thumb/v8-m.main+fp/hard/libc_nano.a(lib_a-vsnprintf.o)
                0x00000000000174c4                vsnprintf
                0x00000000000174c4                vsniprintf
 .text._vsscanf_r