Archive member included to satisfy reference by file (symbol)

platform/libplatform_s.a(system_nrf91.o)
                              secure_fw/CMakeFiles/tfm_s.dir/__/platform/ext/target/nordic_nrf/common/core/startup.o (SystemInit)
platform/libplatform_s.a(exception_info.o)
                              secure_fw/CMakeFiles/tfm_s.dir/__/platform/ext/target/nordic_nrf/common/core/startup_nrf91.o (store_and_dump_context)
secure_fw/partitions/lib/runtime/libtfm_sprt.a(crt_memcpy.o)
                              platform/libplatform_s.a(exception_info.o) (memcpy)
secure_fw/partitions/lib/runtime/libtfm_sprt.a(crt_memset.o)
                              /home/jet_mouse/ncs/toolchains/e9dba88316/opt/zephyr-sdk/arm-zephyr-eabi/bin/../lib/gcc/arm-zephyr-eabi/12.2.0/../../../../arm-zephyr-eabi/lib/thumb/v8-m.main+fp/hard/crt0.o (memset)
secure_fw/partitions/lib/runtime/libtfm_sprt.a(psa_interface_sfn.o)
                              secure_fw/CMakeFiles/tfm_s.dir/partitions/ns_agent_tz/psa_api_veneers_v80m.o (psa_framework_version)
secure_fw/spm/libtfm_spm.a(utilities.o)
                              secure_fw/CMakeFiles/tfm_s.dir/__/platform/ext/target/nordic_nrf/common/core/startup.o (tfm_core_panic)
secure_fw/spm/libtfm_spm.a(main.o)
                              /home/jet_mouse/ncs/toolchains/e9dba88316/opt/zephyr-sdk/arm-zephyr-eabi/bin/../lib/gcc/arm-zephyr-eabi/12.2.0/../../../../arm-zephyr-eabi/lib/thumb/v8-m.main+fp/hard/crt0.o (main)
secure_fw/spm/libtfm_spm.a(psa_api.o)
                              secure_fw/partitions/lib/runtime/libtfm_sprt.a(psa_interface_sfn.o) (spm_handle_programmer_errors)
secure_fw/spm/libtfm_spm.a(psa_call_api.o)
                              secure_fw/partitions/lib/runtime/libtfm_sprt.a(psa_interface_sfn.o) (tfm_spm_client_psa_call)
secure_fw/spm/libtfm_spm.a(psa_version_api.o)
                              secure_fw/partitions/lib/runtime/libtfm_sprt.a(psa_interface_sfn.o) (tfm_spm_client_psa_framework_version)
secure_fw/spm/libtfm_spm.a(psa_read_write_skip_api.o)
                              secure_fw/partitions/lib/runtime/libtfm_sprt.a(psa_interface_sfn.o) (tfm_spm_partition_psa_read)
secure_fw/spm/libtfm_spm.a(backend_sfn.o)
                              secure_fw/partitions/lib/runtime/libtfm_sprt.a(psa_interface_sfn.o) (p_current_partition)
secure_fw/spm/libtfm_spm.a(tfm_svcalls.o)
                              secure_fw/spm/libtfm_spm.a(main.o) (tfm_core_handler_mode)
secure_fw/spm/libtfm_spm.a(spm_local_connection.o)
                              secure_fw/spm/libtfm_spm.a(psa_api.o) (spm_free_connection)
secure_fw/spm/libtfm_spm.a(tfm_arch_v8m_main.o)
                              secure_fw/spm/libtfm_spm.a(main.o) (tfm_arch_set_secure_exception_priorities)
secure_fw/spm/libtfm_spm.a(ns_agent_tz_v80m.o)
                              secure_fw/CMakeFiles/tfm_s.dir/partitions/ns_agent_tz/load_info_ns_agent_tz.o (ns_agent_tz_main)
secure_fw/spm/libtfm_spm.a(tfm_hal_isolation.o)
                              secure_fw/spm/libtfm_spm.a(psa_call_api.o) (tfm_hal_memory_check)
secure_fw/spm/libtfm_spm.a(tfm_hal_platform_common.o)
                              secure_fw/spm/libtfm_spm.a(backend_sfn.o) (tfm_hal_get_ns_entry_point)
secure_fw/spm/libtfm_spm.a(faults.o)
                              secure_fw/CMakeFiles/tfm_s.dir/__/platform/ext/target/nordic_nrf/common/core/startup_nrf91.o (SPU_IRQHandler)
secure_fw/spm/libtfm_spm.a(target_cfg.o)
                              secure_fw/spm/libtfm_spm.a(tfm_hal_platform_common.o) (enable_fault_handlers)
secure_fw/spm/libtfm_spm.a(tfm_boot_data.o)
                              secure_fw/spm/libtfm_spm.a(main.o) (tfm_core_validate_boot_data)
secure_fw/spm/libtfm_spm.a(tfm_arch.o)
                              secure_fw/spm/libtfm_spm.a(tfm_svcalls.o) (tfm_arch_free_msp_and_exc_ret)
secure_fw/spm/libtfm_spm.a(spm_ipc.o)
                              secure_fw/spm/libtfm_spm.a(psa_version_api.o) (tfm_spm_get_service_by_sid)
secure_fw/spm/libtfm_spm.a(rom_loader.o)
                              secure_fw/spm/libtfm_spm.a(spm_ipc.o) (load_a_partition_assuredly)
secure_fw/spm/libtfm_spm.a(tfm_spm_ns_ctx.o)
                              secure_fw/spm/libtfm_spm.a(spm_ipc.o) (tfm_nspm_get_current_client_id)
secure_fw/partitions/crypto/libtfm_psa_rot_partition_crypto.a(crypto_init.o)
                              secure_fw/CMakeFiles/tfm_s.dir/__/generated/secure_fw/partitions/crypto/auto_generated/load_info_tfm_crypto.o (tfm_crypto_init)
secure_fw/partitions/crypto/libtfm_psa_rot_partition_crypto.a(crypto_alloc.o)
                              secure_fw/partitions/crypto/libtfm_psa_rot_partition_crypto.a(crypto_init.o) (tfm_crypto_init_alloc)
secure_fw/partitions/crypto/libtfm_psa_rot_partition_crypto.a(crypto_cipher.o)
                              secure_fw/partitions/crypto/libtfm_psa_rot_partition_crypto.a(crypto_init.o) (tfm_crypto_cipher_interface)
secure_fw/partitions/crypto/libtfm_psa_rot_partition_crypto.a(crypto_hash.o)
[...]
Memory Configuration

Name             Origin             Length             Attributes
FLASH            0x0000000000000000 0x0000000000008000 xr
RAM              0x0000000020000000 0x0000000000008000 xrw
*default*        0x0000000000000000 0xffffffffffffffff

Linker script and memory map

LOAD /home/jet_mouse/ncs/toolchains/e9dba88316/opt/zephyr-sdk/arm-zephyr-eabi/bin/../lib/gcc/arm-zephyr-eabi/12.2.0/thumb/v8-m.main+fp/hard/crti.o
LOAD /home/jet_mouse/ncs/toolchains/e9dba88316/opt/zephyr-sdk/arm-zephyr-eabi/bin/../lib/gcc/arm-zephyr-eabi/12.2.0/thumb/v8-m.main+fp/hard/crtbegin.o
LOAD /home/jet_mouse/ncs/toolchains/e9dba88316/opt/zephyr-sdk/arm-zephyr-eabi/bin/../lib/gcc/arm-zephyr-eabi/12.2.0/../../../../arm-zephyr-eabi/lib/thumb/v8-m.main+fp/hard/crt0.o
LOAD secure_fw/CMakeFiles/tfm_s.dir/partitions/ns_agent_tz/psa_api_veneers_v80m.o
LOAD secure_fw/CMakeFiles/tfm_s.dir/__/platform/ext/target/nordic_nrf/common/core/startup.o
LOAD secure_fw/CMakeFiles/tfm_s.dir/__/platform/ext/target/nordic_nrf/common/core/startup_nrf91.o
LOAD secure_fw/CMakeFiles/tfm_s.dir/__/platform/ext/common/faults.o
LOAD secure_fw/CMakeFiles/tfm_s.dir/__/generated/secure_fw/partitions/crypto/auto_generated/load_info_tfm_crypto.o
LOAD secure_fw/CMakeFiles/tfm_s.dir/__/generated/secure_fw/partitions/platform/auto_generated/load_info_tfm_platform.o
LOAD secure_fw/CMakeFiles/tfm_s.dir/partitions/ns_agent_tz/load_info_ns_agent_tz.o
LOAD secure_fw/CMakeFiles/tfm_s.dir/__/platform/ext/common/syscalls_stub.o
LOAD platform/libplatform_s.a
LOAD secure_fw/partitions/lib/runtime/libtfm_sprt.a
LOAD secure_fw/spm/libtfm_spm.a
LOAD secure_fw/partitions/crypto/libtfm_psa_rot_partition_crypto.a
LOAD platform/libplatform_crypto_keys.a
LOAD secure_fw/partitions/crypto/mbedcrypto/nrf_security_src/libcrypto_service_mbedcrypto.a
LOAD secure_fw/partitions/platform/libtfm_psa_rot_partition_platform.a
LOAD platform/libplatform_s.a
LOAD secure_fw/partitions/lib/runtime/libtfm_sprt.a
LOAD secure_fw/spm/libtfm_spm.a
LOAD secure_fw/partitions/crypto/libtfm_psa_rot_partition_crypto.a
LOAD platform/libplatform_crypto_keys.a
LOAD secure_fw/partitions/crypto/mbedcrypto/nrf_security_src/libcrypto_service_mbedcrypto.a
LOAD secure_fw/partitions/platform/libtfm_psa_rot_partition_platform.a
LOAD platform/libplatform_s.a
LOAD secure_fw/partitions/lib/runtime/libtfm_sprt.a
LOAD secure_fw/spm/libtfm_spm.a
LOAD secure_fw/partitions/crypto/libtfm_psa_rot_partition_crypto.a
LOAD platform/libplatform_crypto_keys.a
LOAD secure_fw/partitions/crypto/mbedcrypto/nrf_security_src/libcrypto_service_mbedcrypto.a
LOAD secure_fw/partitions/platform/libtfm_psa_rot_partition_platform.a
LOAD /home/jet_mouse/ncs/v2.7.0/nrfxlib/crypto/nrf_cc310_platform/lib/cortex-m33/hard-float/no-interrupts/libnrf_cc310_platform_0.9.19.a
LOAD /home/jet_mouse/ncs/v2.7.0/nrfxlib/crypto/nrf_oberon/lib/cortex-m33/hard-float/liboberon_mbedtls_3.0.15.a
LOAD secure_fw/partitions/crypto/mbedcrypto/nrf_security_src/libmbedcrypto_base.a
LOAD /home/jet_mouse/ncs/v2.7.0/nrfxlib/crypto/nrf_oberon/lib/cortex-m33/hard-float/liboberon_3.0.15.a
LOAD /home/jet_mouse/ncs/toolchains/e9dba88316/opt/zephyr-sdk/arm-zephyr-eabi/bin/../lib/gcc/arm-zephyr-eabi/12.2.0/../../../../arm-zephyr-eabi/lib/thumb/v8-m.main+fp/hard/libc_nano.a
START GROUP
LOAD /home/jet_mouse/ncs/toolchains/e9dba88316/opt/zephyr-sdk/arm-zephyr-eabi/bin/../lib/gcc/arm-zephyr-eabi/12.2.0/thumb/v8-m.main+fp/hard/libgcc.a
LOAD /home/jet_mouse/ncs/toolchains/e9dba88316/opt/zephyr-sdk/arm-zephyr-eabi/bin/../lib/gcc/arm-zephyr-eabi/12.2.0/../../../../arm-zephyr-eabi/lib/thumb/v8-m.main+fp/hard/libc_nano.a
END GROUP
START GROUP
LOAD /home/jet_mouse/ncs/toolchains/e9dba88316/opt/zephyr-sdk/arm-zephyr-eabi/bin/../lib/gcc/arm-zephyr-eabi/12.2.0/thumb/v8-m.main+fp/hard/libgcc.a
LOAD /home/jet_mouse/ncs/toolchains/e9dba88316/opt/zephyr-sdk/arm-zephyr-eabi/bin/../lib/gcc/arm-zephyr-eabi/12.2.0/../../../../arm-zephyr-eabi/lib/thumb/v8-m.main+fp/hard/libc_nano.a
END GROUP
LOAD /home/jet_mouse/ncs/toolchains/e9dba88316/opt/zephyr-sdk/arm-zephyr-eabi/bin/../lib/gcc/arm-zephyr-eabi/12.2.0/thumb/v8-m.main+fp/hard/crtend.o
LOAD /home/jet_mouse/ncs/toolchains/e9dba88316/opt/zephyr-sdk/arm-zephyr-eabi/bin/../lib/gcc/arm-zephyr-eabi/12.2.0/thumb/v8-m.main+fp/hard/crtn.o
                0x0000000000000800                __msp_stack_size__ = 0x800
START GROUP
LOAD /home/jet_mouse/ncs/toolchains/e9dba88316/opt/zephyr-sdk/arm-zephyr-eabi/bin/../lib/gcc/arm-zephyr-eabi/12.2.0/thumb/v8-m.main+fp/hard/libgcc.a
LOAD /home/jet_mouse/ncs/toolchains/e9dba88316/opt/zephyr-sdk/arm-zephyr-eabi/bin/../lib/gcc/arm-zephyr-eabi/12.2.0/../../../../arm-zephyr-eabi/lib/thumb/v8-m.main+fp/hard/libc.a
LOAD /home/jet_mouse/ncs/toolchains/e9dba88316/opt/zephyr-sdk/arm-zephyr-eabi/bin/../lib/gcc/arm-zephyr-eabi/12.2.0/../../../../arm-zephyr-eabi/lib/thumb/v8-m.main+fp/hard/libm.a
LOAD /home/jet_mouse/ncs/toolchains/e9dba88316/opt/zephyr-sdk/arm-zephyr-eabi/bin/../lib/gcc/arm-zephyr-eabi/12.2.0/../../../../arm-zephyr-eabi/lib/thumb/v8-m.main+fp/hard/libnosys.a
LOAD /home/jet_mouse/ncs/toolchains/e9dba88316/opt/zephyr-sdk/arm-zephyr-eabi/bin/../lib/gcc/arm-zephyr-eabi/12.2.0/../../../../arm-zephyr-eabi/lib/thumb/v8-m.main+fp/hard/libc_nano.a
END GROUP

.TFM_VECTORS    0x0000000000000000      0x144
                0x0000000000000000                __vectors_start__ = .
 *(.vectors)
 .vectors       0x0000000000000000      0x144 secure_fw/CMakeFiles/tfm_s.dir/__/platform/ext/target/nordic_nrf/common/core/startup_nrf91.o
                0x0000000000000000                __Vectors
                0x0000000000000144                . = ALIGN (0x4)
                0x0000000000000144                __vectors_end__ = .
                0x0000000000000001                ASSERT ((. <= (ADDR (.TFM_VECTORS) + 0x144)), .TFM_VECTORS section size overflow.)
                0x0000000000000144                . = (ADDR (.TFM_VECTORS) + 0x144)

.TFM_SP_LOAD_LIST
                0x0000000000000144       0xbc
 *(.part_load_priority_00)
 .part_load_priority_00
                0x0000000000000144       0x30 secure_fw/CMakeFiles/tfm_s.dir/partitions/ns_agent_tz/load_info_ns_agent_tz.o
                0x0000000000000144                tfm_sp_ns_agent_tz_load
 *(.part_load_priority_01)
 *(.part_load_priority_02)
 .part_load_priority_02
                0x0000000000000174       0x48 secure_fw/CMakeFiles/tfm_s.dir/__/generated/secure_fw/partitions/crypto/auto_generated/load_info_tfm_crypto.o
                0x0000000000000174                tfm_sp_crypto_load
 .part_load_priority_02
                0x00000000000001bc       0x44 secure_fw/CMakeFiles/tfm_s.dir/__/generated/secure_fw/partitions/platform/auto_generated/load_info_tfm_platform.o
                0x00000000000001bc                tfm_sp_platform_load
 *(.part_load_priority_03)
                0x0000000000000144                Image$$TFM_SP_LOAD_LIST$$RO$$Base = ADDR (.TFM_SP_LOAD_LIST)
                0x0000000000000200                Image$$TFM_SP_LOAD_LIST$$RO$$Limit = (ADDR (.TFM_SP_LOAD_LIST) + SIZEOF (.TFM_SP_LOAD_LIST))
                0x0000000000000200                . = ALIGN (0x20)
                0x0000000000000200                Image$$TFM_PSA_CODE_START$$Base = .

.TFM_PSA_ROT_LINKER
                0x0000000000000200      0x420
 *tfm_psa_rot_partition*:(SORT_BY_ALIGNMENT(.text*))
 .text.tfm_crypto_clear_scratch
                0x0000000000000200       0x20 secure_fw/partitions/crypto/libtfm_psa_rot_partition_crypto.a(crypto_init.o)
 .text.tfm_crypto_api_dispatcher
                0x0000000000000220       0xb0 secure_fw/partitions/crypto/libtfm_psa_rot_partition_crypto.a(crypto_init.o)
                0x0000000000000220                tfm_crypto_api_dispatcher
 .text.tfm_crypto_sfn
                0x00000000000002d0      0x170 secure_fw/partitions/crypto/libtfm_psa_rot_partition_crypto.a(crypto_init.o)
                0x00000000000002d0                tfm_crypto_sfn
 .text.tfm_crypto_init_alloc
                0x0000000000000440       0x14 secure_fw/partitions/crypto/libtfm_psa_rot_partition_crypto.a(crypto_alloc.o)
                0x0000000000000440                tfm_crypto_init_alloc
 .text.tfm_crypto_library_get_info
                0x0000000000000454       0x1c secure_fw/partitions/crypto/libtfm_psa_rot_partition_crypto.a(crypto_library.o)
                0x0000000000000454                tfm_crypto_library_get_info
 .text.tfm_crypto_core_library_init
                0x0000000000000470       0x14 secure_fw/partitions/crypto/libtfm_psa_rot_partition_crypto.a(crypto_library.o)
                0x0000000000000470                tfm_crypto_core_library_init
 .text.tfm_crypto_init
                0x0000000000000484       0x1c secure_fw/partitions/crypto/libtfm_psa_rot_partition_crypto.a(crypto_init.o)
                0x0000000000000484                tfm_crypto_init
 .text.tfm_crypto_cipher_interface
                0x00000000000004a0        0x6 secure_fw/partitions/crypto/libtfm_psa_rot_partition_crypto.a(crypto_cipher.o)
                0x00000000000004a0                tfm_crypto_cipher_interface
 .text.tfm_crypto_hash_interface
                0x00000000000004a6        0x6 secure_fw/partitions/crypto/libtfm_psa_rot_partition_crypto.a(crypto_hash.o)
                0x00000000000004a6                tfm_crypto_hash_interface
 .text.tfm_crypto_mac_interface
                0x00000000000004ac        0x6 secure_fw/partitions/crypto/libtfm_psa_rot_partition_crypto.a(crypto_mac.o)
                0x00000000000004ac                tfm_crypto_mac_interface
 .text.tfm_crypto_aead_interface
                0x00000000000004b2        0x6 secure_fw/partitions/crypto/libtfm_psa_rot_partition_crypto.a(crypto_aead.o)
                0x00000000000004b2                tfm_crypto_aead_interface
 .text.tfm_crypto_asymmetric_sign_interface
                0x00000000000004b8        0x6 secure_fw/partitions/crypto/libtfm_psa_rot_partition_crypto.a(crypto_asymmetric.o)
                0x00000000000004b8                tfm_crypto_asymmetric_sign_interface
 .text.tfm_crypto_asymmetric_encrypt_interface
                0x00000000000004be        0x6 secure_fw/partitions/crypto/libtfm_psa_rot_partition_crypto.a(crypto_asymmetric.o)
                0x00000000000004be                tfm_crypto_asymmetric_encrypt_interface
 .text.tfm_crypto_key_derivation_interface
                0x00000000000004c4        0x6 secure_fw/partitions/crypto/libtfm_psa_rot_partition_crypto.a(crypto_key_derivation.o)
                0x00000000000004c4                tfm_crypto_key_derivation_interface
 .text.tfm_crypto_key_management_interface
                0x00000000000004ca        0x6 secure_fw/partitions/crypto/libtfm_psa_rot_partition_crypto.a(crypto_key_management.o)
                0x00000000000004ca                tfm_crypto_key_management_interface
 .text.tfm_crypto_random_interface
                0x00000000000004d0        0x8 secure_fw/partitions/crypto/libtfm_psa_rot_partition_crypto.a(crypto_rng.o)
                0x00000000000004d0                tfm_crypto_random_interface
 .text.tfm_crypto_pake_interface
                0x00000000000004d8        0x6 secure_fw/partitions/crypto/libtfm_psa_rot_partition_crypto.a(crypto_pake.o)
                0x00000000000004d8                tfm_crypto_pake_interface
 .text.tfm_platform_service_sfn
                0x00000000000004de      0x114 secure_fw/partitions/platform/libtfm_psa_rot_partition_platform.a(platform_sp.o)
                0x00000000000004de                tfm_platform_service_sfn
 .text.platform_sp_init
                0x00000000000005f2        0x4 secure_fw/partitions/platform/libtfm_psa_rot_partition_platform.a(platform_sp.o)
                0x00000000000005f2                platform_sp_init
 *tfm_psa_rot_partition*:(SORT_BY_ALIGNMENT(.rodata*))
 .rodata.tfm_crypto_library_get_info.str1.1
                0x00000000000005f6        0xf secure_fw/partitions/crypto/libtfm_psa_rot_partition_crypto.a(crypto_library.o)
 *(TFM_*_PSA-ROT_ATTR_FN)
                0x0000000000000620                . = ALIGN (0x20)
 *fill*         0x0000000000000605       0x1b 
                0x0000000000000200                Image$$TFM_PSA_ROT_LINKER$$RO$$Base = ADDR (.TFM_PSA_ROT_LINKER)
                0x0000000000000620                Image$$TFM_PSA_ROT_LINKER$$RO$$Limit = (ADDR (.TFM_PSA_ROT_LINKER) + SIZEOF (.TFM_PSA_ROT_LINKER))
                0x0000000000000200                Image$$TFM_PSA_ROT_LINKER$$Base = ADDR (.TFM_PSA_ROT_LINKER)
                0x0000000000000620                Image$$TFM_PSA_ROT_LINKER$$Limit = (ADDR (.TFM_PSA_ROT_LINKER) + SIZEOF (.TFM_PSA_ROT_LINKER))
                0x0000000000000620                Image$$TFM_PSA_CODE_END$$Base = .
                0x0000000000000620                Image$$TFM_APP_CODE_START$$Base = .

.TFM_APP_ROT_LINKER
                0x0000000000000620        0x0
 *tfm_app_rot_partition*:(SORT_BY_ALIGNMENT(.text*))
 *tfm_app_rot_partition*:(SORT_BY_ALIGNMENT(.rodata*))
 *(TFM_*_APP-ROT_ATTR_FN)
                0x0000000000000620                . = ALIGN (0x20)
                0x0000000000000620                Image$$TFM_APP_ROT_LINKER$$RO$$Base = ADDR (.TFM_APP_ROT_LINKER)
                0x0000000000000620                Image$$TFM_APP_ROT_LINKER$$RO$$Limit = (ADDR (.TFM_APP_ROT_LINKER) + SIZEOF (.TFM_APP_ROT_LINKER))
                0x0000000000000620                Image$$TFM_APP_ROT_LINKER$$Base = ADDR (.TFM_APP_ROT_LINKER)
                0x0000000000000620                Image$$TFM_APP_ROT_LINKER$$Limit = (ADDR (.TFM_APP_ROT_LINKER) + SIZEOF (.TFM_APP_ROT_LINKER))
                0x0000000000000620                Image$$TFM_APP_CODE_END$$Base = .

.ARM.extab
 *(.ARM.extab* .gnu.linkonce.armextab.*)
                0x0000000000000620                __exidx_start = .

.ARM.exidx      0x0000000000000620        0x8
 *(.ARM.exidx* .gnu.linkonce.armexidx.*)
 .ARM.exidx     0x0000000000000620        0x8 /home/jet_mouse/ncs/toolchains/e9dba88316/opt/zephyr-sdk/arm-zephyr-eabi/bin/../lib/gcc/arm-zephyr-eabi/12.2.0/../../../../arm-zephyr-eabi/lib/thumb/v8-m.main+fp/hard/crt0.o
                                         0x10 (size before relaxing)
                0x0000000000000628                __exidx_end = .

.ER_TFM_CODE    0x0000000000000628     0x1a94
                0x0000000000000628                . = ALIGN (0x4)
                0x0000000000000628                __copy_table_start__ = .
                0x0000000000000628        0x4 LONG 0x7c40 LOADADDR (.TFM_DATA)
                0x000000000000062c        0x4 LONG 0x20001080 ADDR (.TFM_DATA)
                0x0000000000000630        0x4 LONG 0x3f (SIZEOF (.TFM_DATA) / 0x4)
                0x0000000000000634        0x4 LONG 0x7c40 LOADADDR (.TFM_PSA_ROT_LINKER_DATA)
                0x0000000000000638        0x4 LONG 0x20000c20 ADDR (.TFM_PSA_ROT_LINKER_DATA)
                0x000000000000063c        0x4 LONG 0x0 (SIZEOF (.TFM_PSA_ROT_LINKER_DATA) / 0x4)
                0x0000000000000640        0x4 LONG 0x7c40 LOADADDR (.TFM_APP_ROT_LINKER_DATA)
                0x0000000000000644        0x4 LONG 0x20000c00 ADDR (.TFM_APP_ROT_LINKER_DATA)
                0x0000000000000648        0x4 LONG 0x0 (SIZEOF (.TFM_APP_ROT_LINKER_DATA) / 0x4)
                0x000000000000064c                __copy_table_end__ = .
                0x000000000000064c                . = ALIGN (0x4)
                0x000000000000064c                __zero_table_start__ = .
                0x000000000000064c        0x4 LONG 0x2000117c ADDR (.TFM_BSS)
                0x0000000000000650        0x4 LONG 0x5aa (SIZEOF (.TFM_BSS) / 0x4)
                0x0000000000000654        0x4 LONG 0x20000c20 ADDR (.TFM_PSA_ROT_LINKER_BSS)
                0x0000000000000658        0x4 LONG 0x118 (SIZEOF (.TFM_PSA_ROT_LINKER_BSS) / 0x4)
                0x000000000000065c        0x4 LONG 0x20000c00 ADDR (.TFM_APP_ROT_LINKER_BSS)
                0x0000000000000660        0x4 LONG 0x8 (SIZEOF (.TFM_APP_ROT_LINKER_BSS) / 0x4)
                0x0000000000000664                __zero_table_end__ = .
 *startup*(.text*)
 .text.default_irq_handler
                0x0000000000000664        0x4 secure_fw/CMakeFiles/tfm_s.dir/__/platform/ext/target/nordic_nrf/common/core/startup.o
                0x0000000000000664                default_irq_handler
 .text.Reset_Handler
                0x0000000000000668       0xa4 secure_fw/CMakeFiles/tfm_s.dir/__/platform/ext/target/nordic_nrf/common/core/startup.o
                0x0000000000000668                Reset_Handler
 .text.default_tfm_IRQHandler
                0x000000000000070c       0x1c secure_fw/CMakeFiles/tfm_s.dir/__/platform/ext/target/nordic_nrf/common/core/startup_nrf91.o
                0x000000000000070c                TIMER2_IRQHandler
                0x000000000000070c                DebugMon_Handler
                0x000000000000070c                RTC0_IRQHandler
                0x000000000000070c                SysTick_Handler
                0x000000000000070c                PWM1_IRQHandler
                0x000000000000070c                PendSV_Handler
                0x000000000000070c                NMI_Handler
                0x000000000000070c                PDM_IRQHandler
                0x000000000000070c                default_tfm_IRQHandler
                0x000000000000070c                IPC_IRQHandler
                0x000000000000070c                PWM3_IRQHandler
                0x000000000000070c                FPU_IRQHandler
                0x000000000000070c                EGU3_IRQHandler
                0x000000000000070c                KMU_IRQHandler
                0x000000000000070c                CRYPTOCELL_IRQHandler
                0x000000000000070c                I2S_IRQHandler
                0x000000000000070c                EGU2_IRQHandler
                0x000000000000070c                TIMER0_IRQHandler
                0x000000000000070c                EGU4_IRQHandler
                0x000000000000070c                EGU0_IRQHandler
                0x000000000000070c                GPIOTE1_IRQHandler
                0x000000000000070c                TIMER1_IRQHandler
                0x000000000000070c                PWM2_IRQHandler
                0x000000000000070c                EGU1_IRQHandler
                0x000000000000070c                EGU5_IRQHandler
                0x000000000000070c                UARTE3_SPIM3_SPIS3_TWIM3_TWIS3_IRQHandler
                0x000000000000070c                SAADC_IRQHandler
                0x000000000000070c                GPIOTE0_IRQHandler
                0x000000000000070c                WDT_IRQHandler
                0x000000000000070c                SPIM0_SPIS0_TWIM0_TWIS0_UARTE0_IRQHandler
                0x000000000000070c                SPIM2_SPIS2_TWIM2_TWIS2_UARTE2_IRQHandler
                0x000000000000070c                PWM0_IRQHandler
                0x000000000000070c                RTC1_IRQHandler
                0x000000000000070c                SPIM1_SPIS1_TWIM1_TWIS1_UARTE1_IRQHandler
                0x000000000000070c                CLOCK_POWER_IRQHandler
 *libplatform_s*:(SORT_BY_ALIGNMENT(.text*))
 .text.uicr_HFXOCNT_erased
                0x0000000000000728       0x40 platform/libplatform_s.a(system_nrf91.o)
 .text.uicr_HFXOSRC_erased
                0x0000000000000768       0x3c platform/libplatform_s.a(system_nrf91.o)
 .text.SystemInit
                0x00000000000007a4      0x1e0 platform/libplatform_s.a(system_nrf91.o)
                0x00000000000007a4                SystemInit
 .text.tfm_exception_info_get_context
                0x0000000000000984        0xc platform/libplatform_s.a(exception_info.o)
                0x0000000000000984                tfm_exception_info_get_context
 .text.store_and_dump_context
                0x0000000000000990       0x9c platform/libplatform_s.a(exception_info.o)
                0x0000000000000990                store_and_dump_context
 .text.mpu_armv8m_enable
                0x0000000000000a2c       0x34 platform/libplatform_s.a(mpu_armv8m_drv.o)
                0x0000000000000a2c                mpu_armv8m_enable
 .text.spu_enable_interrupts
                0x0000000000000a60       0x10 platform/libplatform_s.a(spu.o)
                0x0000000000000a60                spu_enable_interrupts
 .text.spu_events_get
                0x0000000000000a70       0x28 platform/libplatform_s.a(spu.o)
                0x0000000000000a70                spu_events_get
 .text.spu_clear_events
                0x0000000000000a98       0x24 platform/libplatform_s.a(spu.o)
                0x0000000000000a98                spu_clear_events
 .text.spu_regions_reset_unlocked_secure
                0x0000000000000abc       0x30 platform/libplatform_s.a(spu.o)
                0x0000000000000abc                spu_regions_reset_unlocked_secure
 .text.spu_regions_flash_config
                0x0000000000000aec       0x2c platform/libplatform_s.a(spu.o)
                0x0000000000000aec                spu_regions_flash_config
 .text.spu_regions_sram_config
                0x0000000000000b18       0x34 platform/libplatform_s.a(spu.o)
                0x0000000000000b18                spu_regions_sram_config
 .text.spu_regions_flash_config_non_secure_callable
                0x0000000000000b4c       0x30 platform/libplatform_s.a(spu.o)
                0x0000000000000b4c                spu_regions_flash_config_non_secure_callable
 .text.spu_regions_sram_get_last_address_in_region
                0x0000000000000b7c        0xc platform/libplatform_s.a(spu.o)
                0x0000000000000b7c                spu_regions_sram_get_last_address_in_region
 .text.spu_peripheral_config_secure
                0x0000000000000b88       0x1c platform/libplatform_s.a(spu.o)
                0x0000000000000b88                spu_peripheral_config_secure
 .text.spu_peripheral_config_non_secure
                0x0000000000000ba4       0x18 platform/libplatform_s.a(spu.o)
                0x0000000000000ba4                spu_peripheral_config_non_secure
 .text.nrf_exception_info_store_context
                0x0000000000000bbc       0x10 platform/libplatform_s.a(nrf_exception_info.o)
                0x0000000000000bbc                nrf_exception_info_store_context
 .text.nrf_exception_info_get_context
                0x0000000000000bcc        0xc platform/libplatform_s.a(nrf_exception_info.o)
                0x0000000000000bcc                nrf_exception_info_get_context
 .text.tfm_hal_platform_init
                0x0000000000000bd8       0x30 platform/libplatform_s.a(tfm_hal_platform.o)
                0x0000000000000bd8                tfm_hal_platform_init
 .text.ns_fault_service_set_handler
                0x0000000000000c08       0x14 platform/libplatform_s.a(ns_fault_service.o)
                0x0000000000000c08                ns_fault_service_set_handler
 .text.call_ns_callback
                0x0000000000000c1c       0xe8 platform/libplatform_s.a(ns_fault_service.o)
                0x0000000000000c1c                call_ns_callback
 .text.ns_fault_service_call_handler
                0x0000000000000d04       0x34 platform/libplatform_s.a(ns_fault_service.o)
                0x0000000000000d04                ns_fault_service_call_handler
 .text.tfm_platform_hal_system_reset
                0x0000000000000d38       0x24 platform/libplatform_s.a(tfm_platform_system.o)
                0x0000000000000d38                tfm_platform_hal_system_reset
 .text.tfm_platform_hal_read_service
                0x0000000000000d5c       0x84 platform/libplatform_s.a(tfm_platform_hal_ioctl.o)
                0x0000000000000d5c                tfm_platform_hal_read_service
 .text.nrf91_errata_6
                0x0000000000000de0       0x1e platform/libplatform_s.a(system_nrf91.o)
 .text.nrf91_errata_14
                0x0000000000000dfe       0x24 platform/libplatform_s.a(system_nrf91.o)
 .text.mpu_armv8m_region_enable
                0x0000000000000e22       0x6a platform/libplatform_s.a(mpu_armv8m_drv.o)
                0x0000000000000e22                mpu_armv8m_region_enable
 .text.mpu_armv8m_region_disable
                0x0000000000000e8c       0x14 platform/libplatform_s.a(mpu_armv8m_drv.o)
                0x0000000000000e8c                mpu_armv8m_region_disable
 .text.mpu_armv8m_clean
                0x0000000000000ea0       0x22 platform/libplatform_s.a(mpu_armv8m_drv.o)
                0x0000000000000ea0                mpu_armv8m_clean
 .text.spu_regions_flash_get_base_address_in_region
                0x0000000000000ec2        0x4 platform/libplatform_s.a(spu.o)
                0x0000000000000ec2                spu_regions_flash_get_base_address_in_region
 .text.spu_regions_flash_get_last_address_in_region
                0x0000000000000ec6        0xa platform/libplatform_s.a(spu.o)
                0x0000000000000ec6                spu_regions_flash_get_last_address_in_region
 .text.spu_regions_flash_get_start_id
                0x0000000000000ed0        0x4 platform/libplatform_s.a(spu.o)
                0x0000000000000ed0                spu_regions_flash_get_start_id
 .text.spu_regions_flash_get_last_id
                0x0000000000000ed4        0x4 platform/libplatform_s.a(spu.o)
                0x0000000000000ed4                spu_regions_flash_get_last_id
 .text.spu_regions_flash_get_region_size
                0x0000000000000ed8        0x6 platform/libplatform_s.a(spu.o)
                0x0000000000000ed8                spu_regions_flash_get_region_size
 .text.spu_regions_sram_get_base_address_in_region
                0x0000000000000ede        0xa platform/libplatform_s.a(spu.o)
                0x0000000000000ede                spu_regions_sram_get_base_address_in_region
 .text.spu_regions_sram_get_start_id
                0x0000000000000ee8        0x4 platform/libplatform_s.a(spu.o)
                0x0000000000000ee8                spu_regions_sram_get_start_id
 .text.spu_regions_sram_get_last_id
                0x0000000000000eec        0x4 platform/libplatform_s.a(spu.o)
                0x0000000000000eec                spu_regions_sram_get_last_id
 .text.spu_regions_sram_get_region_size
                0x0000000000000ef0        0x6 platform/libplatform_s.a(spu.o)
                0x0000000000000ef0                spu_regions_sram_get_region_size
 .text.tfm_plat_otp_init
                0x0000000000000ef6        0x4 platform/libplatform_s.a(dummy_otp.o)
                0x0000000000000ef6                tfm_plat_otp_init
 .text.tfm_hal_system_halt
                0x0000000000000efa        0xc platform/libplatform_s.a(tfm_hal_reset_halt.o)
                0x0000000000000efa                tfm_hal_system_halt
 .text.tfm_plat_provisioning_is_required
                0x0000000000000f06        0x4 platform/libplatform_s.a(dummy_provisioning.o)
                0x0000000000000f06                tfm_plat_provisioning_is_required
 .text.tfm_plat_provisioning_perform
                0x0000000000000f0a        0x4 platform/libplatform_s.a(dummy_provisioning.o)
                0x0000000000000f0a                tfm_plat_provisioning_perform
 .text.tfm_plat_provisioning_check_for_dummy_keys
                0x0000000000000f0e        0x2 platform/libplatform_s.a(dummy_provisioning.o)
                0x0000000000000f0e                tfm_plat_provisioning_check_for_dummy_keys
 .text.tfm_platform_hal_ioctl
                0x0000000000000f10       0x6e platform/libplatform_s.a(tfm_platform_system.o)
                0x0000000000000f10                tfm_platform_hal_ioctl
 *libtfm_spm*:(SORT_BY_ALIGNMENT(.text*))
 *fill*         0x0000000000000f7e        0x2 
 .text.startup.main
                0x0000000000000f80       0x50 secure_fw/spm/libtfm_spm.a(main.o)
                0x0000000000000f80                main
 .text.spm_associate_call_params
                0x0000000000000fd0      0x16c secure_fw/spm/libtfm_spm.a(psa_call_api.o)
                0x0000000000000fd0                spm_associate_call_params
 .text.tfm_spm_partition_psa_read
                0x000000000000113c       0x74 secure_fw/spm/libtfm_spm.a(psa_read_write_skip_api.o)
                0x000000000000113c                tfm_spm_partition_psa_read
 .text.tfm_spm_partition_psa_write
                0x00000000000011b0       0x74 secure_fw/spm/libtfm_spm.a(psa_read_write_skip_api.o)
                0x00000000000011b0                tfm_spm_partition_psa_write
 .text.spm_thread_fn
                0x0000000000001224       0x4c secure_fw/spm/libtfm_spm.a(backend_sfn.o)
 .text.backend_messaging
                0x0000000000001270       0x50 secure_fw/spm/libtfm_spm.a(backend_sfn.o)
                0x0000000000001270                backend_messaging
 .text.backend_replying
                0x00000000000012c0       0x10 secure_fw/spm/libtfm_spm.a(backend_sfn.o)
                0x00000000000012c0                backend_replying
 .text.backend_init_comp_assuredly
                0x00000000000012d0       0x5c secure_fw/spm/libtfm_spm.a(backend_sfn.o)
                0x00000000000012d0                backend_init_comp_assuredly
 .text.spm_svc_handler
                0x000000000000132c       0x70 secure_fw/spm/libtfm_spm.a(tfm_svcalls.o)
                0x000000000000132c                spm_svc_handler
 .text.SVC_Handler
                0x000000000000139c       0x68 secure_fw/spm/libtfm_spm.a(tfm_arch_v8m_main.o)
                0x000000000000139c                SVC_Handler
 .text.tfm_arch_set_secure_exception_priorities
                0x0000000000001404       0x28 secure_fw/spm/libtfm_spm.a(tfm_arch_v8m_main.o)
                0x0000000000001404                tfm_arch_set_secure_exception_priorities
 .text.tfm_arch_config_extensions
                0x000000000000142c       0x4c secure_fw/spm/libtfm_spm.a(tfm_arch_v8m_main.o)
                0x000000000000142c                tfm_arch_config_extensions
 .text.ns_agent_tz_main
                0x0000000000001478       0x60 secure_fw/spm/libtfm_spm.a(ns_agent_tz_v80m.o)
                0x0000000000001478                ns_agent_tz_main
 .text.tfm_hal_bind_boundary
                0x00000000000014d8       0x6c secure_fw/spm/libtfm_spm.a(tfm_hal_isolation.o)
                0x00000000000014d8                tfm_hal_bind_boundary
 .text.mpu_init_cfg
                0x0000000000001544       0xf0 secure_fw/spm/libtfm_spm.a(tfm_hal_isolation.o)
                0x0000000000001544                mpu_init_cfg
 .text.tfm_hal_get_ns_VTOR
                0x0000000000001634        0xc secure_fw/spm/libtfm_spm.a(tfm_hal_platform_common.o)
                0x0000000000001634                tfm_hal_get_ns_VTOR
 .text.tfm_hal_get_ns_MSP
                0x0000000000001640        0xc secure_fw/spm/libtfm_spm.a(tfm_hal_platform_common.o)
                0x0000000000001640                tfm_hal_get_ns_MSP
 .text.tfm_hal_get_ns_entry_point
                0x000000000000164c        0xc secure_fw/spm/libtfm_spm.a(tfm_hal_platform_common.o)
                0x000000000000164c                tfm_hal_get_ns_entry_point
 .text.SPU_Handler
                0x0000000000001658       0x3c secure_fw/spm/libtfm_spm.a(faults.o)
                0x0000000000001658                SPU_Handler
 .text.enable_fault_handlers
                0x0000000000001694       0x14 secure_fw/spm/libtfm_spm.a(target_cfg.o)
                0x0000000000001694                enable_fault_handlers
 .text.system_reset_cfg
                0x00000000000016a8       0x18 secure_fw/spm/libtfm_spm.a(target_cfg.o)
                0x00000000000016a8                system_reset_cfg
 .text.nvic_interrupt_target_state_cfg
                0x00000000000016c0       0x30 secure_fw/spm/libtfm_spm.a(target_cfg.o)
                0x00000000000016c0                nvic_interrupt_target_state_cfg
 .text.nvic_interrupt_enable
                0x00000000000016f0       0x18 secure_fw/spm/libtfm_spm.a(target_cfg.o)
                0x00000000000016f0                nvic_interrupt_enable
 .text.sau_and_idau_cfg
                0x0000000000001708       0x20 secure_fw/spm/libtfm_spm.a(target_cfg.o)
                0x0000000000001708                sau_and_idau_cfg
 .text.spu_init_cfg
                0x0000000000001728       0x68 secure_fw/spm/libtfm_spm.a(target_cfg.o)
                0x0000000000001728                spu_init_cfg
 .text.spu_periph_init_cfg
                0x0000000000001790       0x4c secure_fw/spm/libtfm_spm.a(target_cfg.o)
                0x0000000000001790                spu_periph_init_cfg
 .text.tfm_core_validate_boot_data
                0x00000000000017dc        0xc secure_fw/spm/libtfm_spm.a(tfm_boot_data.o)
                0x00000000000017dc                tfm_core_validate_boot_data
 .text.tfm_core_get_boot_data_handler
                0x00000000000017e8       0x34 secure_fw/spm/libtfm_spm.a(tfm_boot_data.o)
                0x00000000000017e8                tfm_core_get_boot_data_handler
 .text.tfm_arch_init_context
                0x000000000000181c       0x5c secure_fw/spm/libtfm_spm.a(tfm_arch.o)
                0x000000000000181c                tfm_arch_init_context
 .text.tfm_spm_get_service_by_sid
                0x0000000000001878       0x2c secure_fw/spm/libtfm_spm.a(spm_ipc.o)
                0x0000000000001878                tfm_spm_get_service_by_sid
 .text.tfm_spm_check_authorization
                0x00000000000018a4       0x44 secure_fw/spm/libtfm_spm.a(spm_ipc.o)
                0x00000000000018a4                tfm_spm_check_authorization
 .text.spm_init_connection
                0x00000000000018e8       0x30 secure_fw/spm/libtfm_spm.a(spm_ipc.o)
                0x00000000000018e8                spm_init_connection
 .text.tfm_spm_partition_get_running_partition_id
                0x0000000000001918       0x18 secure_fw/spm/libtfm_spm.a(spm_ipc.o)
                0x0000000000001918                tfm_spm_partition_get_running_partition_id
 .text.tfm_spm_is_ns_caller
                0x0000000000001930       0x20 secure_fw/spm/libtfm_spm.a(spm_ipc.o)
                0x0000000000001930                tfm_spm_is_ns_caller
 .text.spm_get_connection
                0x0000000000001950       0x78 secure_fw/spm/libtfm_spm.a(spm_ipc.o)
                0x0000000000001950                spm_get_connection
 .text.tfm_spm_init
                0x00000000000019c8       0x64 secure_fw/spm/libtfm_spm.a(spm_ipc.o)
                0x00000000000019c8                tfm_spm_init
 .text.load_a_partition_assuredly
                0x0000000000001a2c       0xc8 secure_fw/spm/libtfm_spm.a(rom_loader.o)
                0x0000000000001a2c                load_a_partition_assuredly
 .text.load_services_assuredly
                0x0000000000001af4       0xb4 secure_fw/spm/libtfm_spm.a(rom_loader.o)
                0x0000000000001af4                load_services_assuredly
 .text.tfm_nspm_ctx_init
                0x0000000000001ba8       0x18 secure_fw/spm/libtfm_spm.a(tfm_spm_ns_ctx.o)
                0x0000000000001ba8                tfm_nspm_ctx_init
 .text.tfm_core_panic
                0x0000000000001bc0        0x4 secure_fw/spm/libtfm_spm.a(utilities.o)
                0x0000000000001bc0                tfm_core_panic
 .text.spm_handle_programmer_errors
                0x0000000000001bc4       0x18 secure_fw/spm/libtfm_spm.a(psa_api.o)
                0x0000000000001bc4                spm_handle_programmer_errors
 .text.tfm_spm_partition_psa_reply
                0x0000000000001bdc       0x9a secure_fw/spm/libtfm_spm.a(psa_api.o)
                0x0000000000001bdc                tfm_spm_partition_psa_reply
 .text.tfm_spm_partition_psa_panic
                0x0000000000001c76        0xc secure_fw/spm/libtfm_spm.a(psa_api.o)
                0x0000000000001c76                tfm_spm_partition_psa_panic
 .text.tfm_spm_client_psa_call
                0x0000000000001c82       0x4e secure_fw/spm/libtfm_spm.a(psa_call_api.o)
                0x0000000000001c82                tfm_spm_client_psa_call
 .text.tfm_spm_client_psa_framework_version
                0x0000000000001cd0        0x6 secure_fw/spm/libtfm_spm.a(psa_version_api.o)
                0x0000000000001cd0                tfm_spm_client_psa_framework_version
 .text.tfm_spm_client_psa_version
                0x0000000000001cd6       0x2c secure_fw/spm/libtfm_spm.a(psa_version_api.o)
                0x0000000000001cd6                tfm_spm_client_psa_version
 .text.backend_system_run
                0x0000000000001d02        0x6 secure_fw/spm/libtfm_spm.a(backend_sfn.o)
                0x0000000000001d02                backend_system_run
 .text.tfm_core_handler_mode
                0x0000000000001d08        0x4 secure_fw/spm/libtfm_spm.a(tfm_svcalls.o)
                0x0000000000001d08                tfm_core_handler_mode
 .text.connection_to_handle
                0x0000000000001d0c        0x6 secure_fw/spm/libtfm_spm.a(spm_local_connection.o)
                0x0000000000001d0c                connection_to_handle
 .text.handle_to_connection
                0x0000000000001d12       0x12 secure_fw/spm/libtfm_spm.a(spm_local_connection.o)
                0x0000000000001d12                handle_to_connection
 .text.spm_init_connection_space
                0x0000000000001d24        0x2 secure_fw/spm/libtfm_spm.a(spm_local_connection.o)
                0x0000000000001d24                spm_init_connection_space
 .text.spm_allocate_connection
                0x0000000000001d26        0xe secure_fw/spm/libtfm_spm.a(spm_local_connection.o)
                0x0000000000001d26                spm_allocate_connection
 .text.spm_validate_connection
                0x0000000000001d34        0x4 secure_fw/spm/libtfm_spm.a(spm_local_connection.o)
                0x0000000000001d34                spm_validate_connection
 .text.spm_free_connection
                0x0000000000001d38        0xc secure_fw/spm/libtfm_spm.a(spm_local_connection.o)
                0x0000000000001d38                spm_free_connection
 .text.tfm_arch_clear_fp_data
                0x0000000000001d44       0x8a secure_fw/spm/libtfm_spm.a(tfm_arch_v8m_main.o)
                0x0000000000001d44                tfm_arch_clear_fp_data
 .text.tfm_hal_memory_check
                0x0000000000001dce      0x126 secure_fw/spm/libtfm_spm.a(tfm_hal_isolation.o)
                0x0000000000001dce                tfm_hal_memory_check
 .text.tfm_hal_set_up_static_boundaries
                0x0000000000001ef4       0x2a secure_fw/spm/libtfm_spm.a(tfm_hal_isolation.o)
                0x0000000000001ef4                tfm_hal_set_up_static_boundaries
 .text.tfm_hal_platform_common_init
                0x0000000000001f1e       0x32 secure_fw/spm/libtfm_spm.a(tfm_hal_platform_common.o)
                0x0000000000001f1e                tfm_hal_platform_common_init
 .text.SPU_IRQHandler
                0x0000000000001f50       0x1c secure_fw/spm/libtfm_spm.a(faults.o)
                0x0000000000001f50                SPU_IRQHandler
 .text.init_debug
                0x0000000000001f6c        0x4 secure_fw/spm/libtfm_spm.a(target_cfg.o)
                0x0000000000001f6c                init_debug
 .text.tfm_arch_free_msp_and_exc_ret
                0x0000000000001f70        0xc secure_fw/spm/libtfm_spm.a(tfm_arch.o)
                0x0000000000001f70                tfm_arch_free_msp_and_exc_ret
 .text.tfm_arch_refresh_hardware_context
                0x0000000000001f7c       0x16 secure_fw/spm/libtfm_spm.a(tfm_arch.o)
                0x0000000000001f7c                tfm_arch_refresh_hardware_context
 .text.tfm_spm_check_client_version
                0x0000000000001f92       0x24 secure_fw/spm/libtfm_spm.a(spm_ipc.o)
                0x0000000000001f92                tfm_spm_check_client_version
 .text.spm_msg_handle_to_connection
                0x0000000000001fb6       0x28 secure_fw/spm/libtfm_spm.a(spm_ipc.o)
                0x0000000000001fb6                spm_msg_handle_to_connection
 .text.tfm_spm_get_client_id
                0x0000000000001fde       0x20 secure_fw/spm/libtfm_spm.a(spm_ipc.o)
                0x0000000000001fde                tfm_spm_get_client_id
 .text.update_caller_outvec_len
                0x0000000000001ffe       0x1e secure_fw/spm/libtfm_spm.a(spm_ipc.o)
                0x0000000000001ffe                update_caller_outvec_len
 .text.load_irqs_assuredly
                0x000000000000201c        0x2 secure_fw/spm/libtfm_spm.a(rom_loader.o)
                0x000000000000201c                load_irqs_assuredly
 .text.tfm_nspm_get_current_client_id
                0x000000000000201e        0x6 secure_fw/spm/libtfm_spm.a(tfm_spm_ns_ctx.o)
                0x000000000000201e                tfm_nspm_get_current_client_id
 *libplatform_s*:*(.rodata*)
 .rodata.CSWTCH.17
                0x0000000000002024        0x3 platform/libplatform_s.a(system_nrf91.o)
 *libtfm_spm*:*(.rodata*)
 *fill*         0x0000000000002027        0x1 
 .rodata.target_peripherals.0
                0x0000000000002028       0x74 secure_fw/spm/libtfm_spm.a(target_cfg.o)
 .rodata.memory_regions
                0x000000000000209c       0x14 secure_fw/spm/libtfm_spm.a(target_cfg.o)
                0x000000000000209c                memory_regions
 .rodata.serv_pool_ea
                0x00000000000020b0        0x4 secure_fw/spm/libtfm_spm.a(rom_loader.o)
 .rodata.part_pool_ea
                0x00000000000020b4        0x4 secure_fw/spm/libtfm_spm.a(rom_loader.o)
 .rodata.ldinf_ea
                0x00000000000020b8        0x4 secure_fw/spm/libtfm_spm.a(rom_loader.o)

.TFM_UNPRIV_CODE
                0x00000000000020c0     0x2860
 *(SFN)
 SFN            0x00000000000020c0       0x8c secure_fw/CMakeFiles/tfm_s.dir/partitions/ns_agent_tz/psa_api_veneers_v80m.o
                0x00000000000020c0                __acle_se_tfm_psa_framework_version_veneer
                0x00000000000020de                __acle_se_tfm_psa_version_veneer
                0x00000000000020fc                __acle_se_tfm_psa_call_veneer
                0x0000000000002124                __acle_se_tfm_psa_connect_veneer
                0x0000000000002136                __acle_se_tfm_psa_close_veneer
 *(SORT_BY_ALIGNMENT(.text*))
 .text          0x000000000000214c       0x88 /home/jet_mouse/ncs/toolchains/e9dba88316/opt/zephyr-sdk/arm-zephyr-eabi/bin/../lib/gcc/arm-zephyr-eabi/12.2.0/thumb/v8-m.main+fp/hard/crtbegin.o
 .text          0x00000000000021d4       0x7c /home/jet_mouse/ncs/toolchains/e9dba88316/opt/zephyr-sdk/arm-zephyr-eabi/bin/../lib/gcc/arm-zephyr-eabi/12.2.0/../../../../arm-zephyr-eabi/lib/thumb/v8-m.main+fp/hard/crt0.o
                0x00000000000021d4                _stack_init
                0x00000000000021dc                _mainCRTStartup
                0x00000000000021dc                _start
 .text.tfm_psa_call_pack
                0x0000000000002250       0x54 secure_fw/partitions/lib/runtime/libtfm_sprt.a(psa_interface_sfn.o)
                0x0000000000002250                tfm_psa_call_pack
 .text.verify_header
                0x00000000000022a4       0x40 secure_fw/partitions/crypto/mbedcrypto/nrf_security_src/libcrypto_service_mbedcrypto.a(memory_buffer_alloc.o)
 .text.verify_chain
                0x00000000000022e4       0x3c secure_fw/partitions/crypto/mbedcrypto/nrf_security_src/libcrypto_service_mbedcrypto.a(memory_buffer_alloc.o)
 .text.buffer_alloc_calloc
                0x0000000000002320       0xf4 secure_fw/partitions/crypto/mbedcrypto/nrf_security_src/libcrypto_service_mbedcrypto.a(memory_buffer_alloc.o)
 .text.buffer_alloc_free
                0x0000000000002414       0xe8 secure_fw/partitions/crypto/mbedcrypto/nrf_security_src/libcrypto_service_mbedcrypto.a(memory_buffer_alloc.o)
 .text.mbedtls_memory_buffer_alloc_init
                0x00000000000024fc       0x64 secure_fw/partitions/crypto/mbedcrypto/nrf_security_src/libcrypto_service_mbedcrypto.a(memory_buffer_alloc.o)
                0x00000000000024fc                mbedtls_memory_buffer_alloc_init
 .text.mbedtls_free
                0x0000000000002560        0xc secure_fw/partitions/crypto/mbedcrypto/nrf_security_src/libcrypto_service_mbedcrypto.a(platform.o)
                0x0000000000002560                mbedtls_free
 .text.mbedtls_platform_set_calloc_free
                0x000000000000256c       0x14 secure_fw/partitions/crypto/mbedcrypto/nrf_security_src/libcrypto_service_mbedcrypto.a(platform.o)
                0x000000000000256c                mbedtls_platform_set_calloc_free
 .text.mbedtls_platform_zeroize
                0x0000000000002580       0x18 secure_fw/partitions/crypto/mbedcrypto/nrf_security_src/libcrypto_service_mbedcrypto.a(platform_util.o)
                0x0000000000002580                mbedtls_platform_zeroize
 .text.mbedcrypto__psa_generate_random
                0x0000000000002598       0x1c secure_fw/partitions/crypto/mbedcrypto/nrf_security_src/libcrypto_service_mbedcrypto.a(psa_crypto.o)
                0x0000000000002598                mbedcrypto__psa_generate_random
 .text.mbedtls_psa_crypto_free
                0x00000000000025b4       0x24 secure_fw/partitions/crypto/mbedcrypto/nrf_security_src/libcrypto_service_mbedcrypto.a(psa_crypto.o)
                0x00000000000025b4                mbedtls_psa_crypto_free
 .text.mbedcrypto__psa_crypto_init
                0x00000000000025d8       0x38 secure_fw/partitions/crypto/mbedcrypto/nrf_security_src/libcrypto_service_mbedcrypto.a(psa_crypto.o)
                0x00000000000025d8                mbedcrypto__psa_crypto_init
 .text.psa_initialize_key_slots
                0x0000000000002610       0x10 secure_fw/partitions/crypto/mbedcrypto/nrf_security_src/libcrypto_service_mbedcrypto.a(psa_crypto_slot_management.o)
                0x0000000000002610                psa_initialize_key_slots
 .text.psa_wipe_all_key_slots
                0x0000000000002620       0x24 secure_fw/partitions/crypto/mbedcrypto/nrf_security_src/libcrypto_service_mbedcrypto.a(psa_crypto_slot_management.o)
                0x0000000000002620                psa_wipe_all_key_slots
 .text.nrf_cc3xx_platform_init_hmac_drbg
                0x0000000000002644       0x44 /home/jet_mouse/ncs/v2.7.0/nrfxlib/crypto/nrf_cc310_platform/lib/cortex-m33/hard-float/no-interrupts/libnrf_cc310_platform_0.9.19.a(nrf_cc3xx_platform.c.obj)
                0x0000000000002644                nrf_cc3xx_platform_init_hmac_drbg
 .text.nrf_cc3xx_platform_hmac_drbg_init
                0x0000000000002688       0x60 /home/jet_mouse/ncs/v2.7.0/nrfxlib/crypto/nrf_cc310_platform/lib/cortex-m33/hard-float/no-interrupts/libnrf_cc310_platform_0.9.19.a(nrf_cc3xx_platform_hmac_drbg.c.obj)
                0x0000000000002688                nrf_cc3xx_platform_hmac_drbg_init
 .text.nrf_cc3xx_platform_hmac_drbg_get
                0x00000000000026e8       0x44 /home/jet_mouse/ncs/v2.7.0/nrfxlib/crypto/nrf_cc310_platform/lib/cortex-m33/hard-float/no-interrupts/libnrf_cc310_platform_0.9.19.a(nrf_cc3xx_platform_hmac_drbg.c.obj)
                0x00000000000026e8                nrf_cc3xx_platform_hmac_drbg_get
 .text.mbedtls_zeroize_internal
                0x000000000000272c       0x14 /home/jet_mouse/ncs/v2.7.0/nrfxlib/crypto/nrf_cc310_platform/lib/cortex-m33/hard-float/no-interrupts/libnrf_cc310_platform_0.9.19.a(mbedtls_common.c.obj)
                0x000000000000272c                mbedtls_zeroize_internal
 .text.cc_mbedtls_platform_zeroize
                0x0000000000002740       0x14 /home/jet_mouse/ncs/v2.7.0/nrfxlib/crypto/nrf_cc310_platform/lib/cortex-m33/hard-float/no-interrupts/libnrf_cc310_platform_0.9.19.a(mbedtls_common.c.obj)
                0x0000000000002740                cc_mbedtls_platform_zeroize
 .text.entropy_update
                0x0000000000002754       0x7c /home/jet_mouse/ncs/v2.7.0/nrfxlib/crypto/nrf_cc310_platform/lib/cortex-m33/hard-float/no-interrupts/libnrf_cc310_platform_0.9.19.a(custom_entropy.c.obj)
 .text.entropy_gather_internal.part.0
                0x00000000000027d0       0x88 /home/jet_mouse/ncs/v2.7.0/nrfxlib/crypto/nrf_cc310_platform/lib/cortex-m33/hard-float/no-interrupts/libnrf_cc310_platform_0.9.19.a(custom_entropy.c.obj)
 .text.cc_mbedtls_entropy_init
                0x0000000000002858       0x84 /home/jet_mouse/ncs/v2.7.0/nrfxlib/crypto/nrf_cc310_platform/lib/cortex-m33/hard-float/no-interrupts/libnrf_cc310_platform_0.9.19.a(custom_entropy.c.obj)
                0x0000000000002858                cc_mbedtls_entropy_init
 .text.cc_mbedtls_entropy_func
                0x00000000000028dc      0x110 /home/jet_mouse/ncs/v2.7.0/nrfxlib/crypto/nrf_cc310_platform/lib/cortex-m33/hard-float/no-interrupts/libnrf_cc310_platform_0.9.19.a(custom_entropy.c.obj)
                0x00000000000028dc                cc_mbedtls_entropy_func
 .text.cc_hmac_sha256_starts.constprop.0
                0x00000000000029ec      0x108 /home/jet_mouse/ncs/v2.7.0/nrfxlib/crypto/nrf_cc310_platform/lib/cortex-m33/hard-float/no-interrupts/libnrf_cc310_platform_0.9.19.a(hmac_drbg_alt.c.obj)
 .text.cc_mbedtls_hmac_drbg_init
                0x0000000000002af4       0x28 /home/jet_mouse/ncs/v2.7.0/nrfxlib/crypto/nrf_cc310_platform/lib/cortex-m33/hard-float/no-interrupts/libnrf_cc310_platform_0.9.19.a(hmac_drbg_alt.c.obj)
                0x0000000000002af4                cc_mbedtls_hmac_drbg_init
 .text.cc_mbedtls_hmac_drbg_update
                0x0000000000002b1c      0x170 /home/jet_mouse/ncs/v2.7.0/nrfxlib/crypto/nrf_cc310_platform/lib/cortex-m33/hard-float/no-interrupts/libnrf_cc310_platform_0.9.19.a(hmac_drbg_alt.c.obj)
                0x0000000000002b1c                cc_mbedtls_hmac_drbg_update
 .text.cc_hmac_drbg_reseed_core
                0x0000000000002c8c       0xac /home/jet_mouse/ncs/v2.7.0/nrfxlib/crypto/nrf_cc310_platform/lib/cortex-m33/hard-float/no-interrupts/libnrf_cc310_platform_0.9.19.a(hmac_drbg_alt.c.obj)
 .text.cc_mbedtls_hmac_drbg_seed
                0x0000000000002d38       0x54 /home/jet_mouse/ncs/v2.7.0/nrfxlib/crypto/nrf_cc310_platform/lib/cortex-m33/hard-float/no-interrupts/libnrf_cc310_platform_0.9.19.a(hmac_drbg_alt.c.obj)
                0x0000000000002d38                cc_mbedtls_hmac_drbg_seed
 .text.cc_mbedtls_hmac_drbg_random_with_add
                0x0000000000002d8c      0x144 /home/jet_mouse/ncs/v2.7.0/nrfxlib/crypto/nrf_cc310_platform/lib/cortex-m33/hard-float/no-interrupts/libnrf_cc310_platform_0.9.19.a(hmac_drbg_alt.c.obj)
                0x0000000000002d8c                cc_mbedtls_hmac_drbg_random_with_add
 .text.RndStartupTest.constprop.0
                0x0000000000002ed0       0x98 /home/jet_mouse/ncs/v2.7.0/nrfxlib/crypto/nrf_cc310_platform/lib/cortex-m33/hard-float/no-interrupts/libnrf_cc310_platform_0.9.19.a(cc_lib.c.obj)
 .text.CC_LibInit_HMAC_DRBG
                0x0000000000002f68       0xc0 /home/jet_mouse/ncs/v2.7.0/nrfxlib/crypto/nrf_cc310_platform/lib/cortex-m33/hard-float/no-interrupts/libnrf_cc310_platform_0.9.19.a(cc_lib.c.obj)
                0x0000000000002f68                CC_LibInit_HMAC_DRBG
 .text.CC_HalInit
                0x0000000000003028        0x4 /home/jet_mouse/ncs/v2.7.0/nrfxlib/crypto/nrf_cc310_platform/lib/cortex-m33/hard-float/no-interrupts/libnrf_cc310_platform_0.9.19.a(cc_hal.c.obj)
                0x0000000000003028                CC_HalInit
 .text.CC_HalTerminate
                0x000000000000302c        0x4 /home/jet_mouse/ncs/v2.7.0/nrfxlib/crypto/nrf_cc310_platform/lib/cortex-m33/hard-float/no-interrupts/libnrf_cc310_platform_0.9.19.a(cc_hal.c.obj)
                0x000000000000302c                CC_HalTerminate
 .text.CC_HalClearInterruptBit
                0x0000000000003030       0x1c /home/jet_mouse/ncs/v2.7.0/nrfxlib/crypto/nrf_cc310_platform/lib/cortex-m33/hard-float/no-interrupts/libnrf_cc310_platform_0.9.19.a(cc_hal.c.obj)
                0x0000000000003030                CC_HalClearInterruptBit
 .text.CC_HalMaskInterrupt
                0x000000000000304c        0xc /home/jet_mouse/ncs/v2.7.0/nrfxlib/crypto/nrf_cc310_platform/lib/cortex-m33/hard-float/no-interrupts/libnrf_cc310_platform_0.9.19.a(cc_hal.c.obj)
                0x000000000000304c                CC_HalMaskInterrupt
 .text.CC_HalWaitInterrupt
                0x0000000000003058        0xc /home/jet_mouse/ncs/v2.7.0/nrfxlib/crypto/nrf_cc310_platform/lib/cortex-m33/hard-float/no-interrupts/libnrf_cc310_platform_0.9.19.a(cc_hal.c.obj)
                0x0000000000003058                CC_HalWaitInterrupt
 .text.CC_HalWaitInterruptRND
                0x0000000000003064        0xc /home/jet_mouse/ncs/v2.7.0/nrfxlib/crypto/nrf_cc310_platform/lib/cortex-m33/hard-float/no-interrupts/libnrf_cc310_platform_0.9.19.a(cc_hal.c.obj)
                0x0000000000003064                CC_HalWaitInterruptRND
 .text.CC_PalInit
                0x0000000000003070       0x5c /home/jet_mouse/ncs/v2.7.0/nrfxlib/crypto/nrf_cc310_platform/lib/cortex-m33/hard-float/no-interrupts/libnrf_cc310_platform_0.9.19.a(cc_pal.c.obj)
                0x0000000000003070                CC_PalInit
 .text.CC_PalTerminate
                0x00000000000030cc       0x34 /home/jet_mouse/ncs/v2.7.0/nrfxlib/crypto/nrf_cc310_platform/lib/cortex-m33/hard-float/no-interrupts/libnrf_cc310_platform_0.9.19.a(cc_pal.c.obj)
                0x00000000000030cc                CC_PalTerminate
 .text.CC_PalDmaInit
                0x0000000000003100        0x4 /home/jet_mouse/ncs/v2.7.0/nrfxlib/crypto/nrf_cc310_platform/lib/cortex-m33/hard-float/no-interrupts/libnrf_cc310_platform_0.9.19.a(cc_pal_dma.c.obj)
                0x0000000000003100                CC_PalDmaInit
 .text.CC_PalDmaTerminate
                0x0000000000003104        0x4 /home/jet_mouse/ncs/v2.7.0/nrfxlib/crypto/nrf_cc310_platform/lib/cortex-m33/hard-float/no-interrupts/libnrf_cc310_platform_0.9.19.a(cc_pal_dma.c.obj)
                0x0000000000003104                CC_PalDmaTerminate
 .text.CC_PalWaitInterruptRND
                0x0000000000003108       0x2c /home/jet_mouse/ncs/v2.7.0/nrfxlib/crypto/nrf_cc310_platform/lib/cortex-m33/hard-float/no-interrupts/libnrf_cc310_platform_0.9.19.a(cc_pal_interrupt_ctrl.c.obj)
                0x0000000000003108                CC_PalWaitInterruptRND
 .text.CC_PalWaitInterrupt
                0x0000000000003134       0x18 /home/jet_mouse/ncs/v2.7.0/nrfxlib/crypto/nrf_cc310_platform/lib/cortex-m33/hard-float/no-interrupts/libnrf_cc310_platform_0.9.19.a(cc_pal_interrupt_ctrl.c.obj)
                0x0000000000003134                CC_PalWaitInterrupt
 .text.CC_PalMemCopyPlat
                0x000000000000314c        0x4 /home/jet_mouse/ncs/v2.7.0/nrfxlib/crypto/nrf_cc310_platform/lib/cortex-m33/hard-float/no-interrupts/libnrf_cc310_platform_0.9.19.a(cc_pal_mem.c.obj)
                0x000000000000314c                CC_PalMemCopyPlat
 .text.CC_PalMemSetZeroPlat
                0x0000000000003150        0x8 /home/jet_mouse/ncs/v2.7.0/nrfxlib/crypto/nrf_cc310_platform/lib/cortex-m33/hard-float/no-interrupts/libnrf_cc310_platform_0.9.19.a(cc_pal_mem.c.obj)
                0x0000000000003150                CC_PalMemSetZeroPlat
 .text.CC_PalMutexCreate
                0x0000000000003158       0x14 /home/jet_mouse/ncs/v2.7.0/nrfxlib/crypto/nrf_cc310_platform/lib/cortex-m33/hard-float/no-interrupts/libnrf_cc310_platform_0.9.19.a(cc_pal_mutex.c.obj)
                0x0000000000003158                CC_PalMutexCreate
 .text.CC_PalMutexDestroy
                0x000000000000316c       0x14 /home/jet_mouse/ncs/v2.7.0/nrfxlib/crypto/nrf_cc310_platform/lib/cortex-m33/hard-float/no-interrupts/libnrf_cc310_platform_0.9.19.a(cc_pal_mutex.c.obj)
                0x000000000000316c                CC_PalMutexDestroy
 .text.CC_PalMutexLock
                0x0000000000003180       0x10 /home/jet_mouse/ncs/v2.7.0/nrfxlib/crypto/nrf_cc310_platform/lib/cortex-m33/hard-float/no-interrupts/libnrf_cc310_platform_0.9.19.a(cc_pal_mutex.c.obj)
                0x0000000000003180                CC_PalMutexLock
 .text.CC_PalMutexUnlock
                0x0000000000003190       0x14 /home/jet_mouse/ncs/v2.7.0/nrfxlib/crypto/nrf_cc310_platform/lib/cortex-m33/hard-float/no-interrupts/libnrf_cc310_platform_0.9.19.a(cc_pal_mutex.c.obj)
                0x0000000000003190                CC_PalMutexUnlock
 .text.CC_PalPowerSaveModeInit
                0x00000000000031a4       0x3c /home/jet_mouse/ncs/v2.7.0/nrfxlib/crypto/nrf_cc310_platform/lib/cortex-m33/hard-float/no-interrupts/libnrf_cc310_platform_0.9.19.a(cc_pal_pm.c.obj)
                0x00000000000031a4                CC_PalPowerSaveModeInit
 .text.CC_PalPowerSaveModeSelect
                0x00000000000031e0       0x84 /home/jet_mouse/ncs/v2.7.0/nrfxlib/crypto/nrf_cc310_platform/lib/cortex-m33/hard-float/no-interrupts/libnrf_cc310_platform_0.9.19.a(cc_pal_pm.c.obj)
                0x00000000000031e0                CC_PalPowerSaveModeSelect
 .text.mutex_init
                0x0000000000003264        0xc /home/jet_mouse/ncs/v2.7.0/nrfxlib/crypto/nrf_cc310_platform/lib/cortex-m33/hard-float/no-interrupts/libnrf_cc310_platform_0.9.19.a(threading_alt.c.obj)
                0x0000000000003264                mutex_init
 .text.mutex_lock
                0x0000000000003270        0xc /home/jet_mouse/ncs/v2.7.0/nrfxlib/crypto/nrf_cc310_platform/lib/cortex-m33/hard-float/no-interrupts/libnrf_cc310_platform_0.9.19.a(threading_alt.c.obj)
                0x0000000000003270                mutex_lock
 .text.mutex_unlock
                0x000000000000327c        0xc /home/jet_mouse/ncs/v2.7.0/nrfxlib/crypto/nrf_cc310_platform/lib/cortex-m33/hard-float/no-interrupts/libnrf_cc310_platform_0.9.19.a(threading_alt.c.obj)
                0x000000000000327c                mutex_unlock
 .text.nrf_cc3xx_platform_abort
                0x0000000000003288       0x24 /home/jet_mouse/ncs/v2.7.0/nrfxlib/crypto/nrf_cc310_platform/lib/cortex-m33/hard-float/no-interrupts/libnrf_cc310_platform_0.9.19.a(nrf_cc3xx_platform_abort.c.obj)
 .text.CC_PalAbort
                0x00000000000032ac       0x34 /home/jet_mouse/ncs/v2.7.0/nrfxlib/crypto/nrf_cc310_platform/lib/cortex-m33/hard-float/no-interrupts/libnrf_cc310_platform_0.9.19.a(nrf_cc3xx_platform_abort.c.obj)
                0x00000000000032ac                CC_PalAbort
 .text.mutex_free
                0x00000000000032e0       0x34 /home/jet_mouse/ncs/v2.7.0/nrfxlib/crypto/nrf_cc310_platform/lib/cortex-m33/hard-float/no-interrupts/libnrf_cc310_platform_0.9.19.a(nrf_cc3xx_platform_mutex.c.obj)
 .text.mutex_lock
                0x0000000000003314       0x48 /home/jet_mouse/ncs/v2.7.0/nrfxlib/crypto/nrf_cc310_platform/lib/cortex-m33/hard-float/no-interrupts/libnrf_cc310_platform_0.9.19.a(nrf_cc3xx_platform_mutex.c.obj)
 .text.mutex_unlock
                0x000000000000335c       0x38 /home/jet_mouse/ncs/v2.7.0/nrfxlib/crypto/nrf_cc310_platform/lib/cortex-m33/hard-float/no-interrupts/libnrf_cc310_platform_0.9.19.a(nrf_cc3xx_platform_mutex.c.obj)
 .text.mutex_init
                0x0000000000003394       0x20 /home/jet_mouse/ncs/v2.7.0/nrfxlib/crypto/nrf_cc310_platform/lib/cortex-m33/hard-float/no-interrupts/libnrf_cc310_platform_0.9.19.a(nrf_cc3xx_platform_mutex.c.obj)
 .text.startTrngHW
                0x00000000000033b4      0x140 /home/jet_mouse/ncs/v2.7.0/nrfxlib/crypto/nrf_cc310_platform/lib/cortex-m33/hard-float/no-interrupts/libnrf_cc310_platform_0.9.19.a(llf_rnd_trng90b.c.obj)
 .text.LLF_RND_RepetitionCounterTest
                0x00000000000034f4       0x64 /home/jet_mouse/ncs/v2.7.0/nrfxlib/crypto/nrf_cc310_platform/lib/cortex-m33/hard-float/no-interrupts/libnrf_cc310_platform_0.9.19.a(llf_rnd_trng90b.c.obj)
                0x00000000000034f4                LLF_RND_RepetitionCounterTest
 .text.LLF_RND_AdaptiveProportionTest
                0x0000000000003558       0x80 /home/jet_mouse/ncs/v2.7.0/nrfxlib/crypto/nrf_cc310_platform/lib/cortex-m33/hard-float/no-interrupts/libnrf_cc310_platform_0.9.19.a(llf_rnd_trng90b.c.obj)
                0x0000000000003558                LLF_RND_AdaptiveProportionTest
 .text.getTrngSource
                0x00000000000035d8      0x2b4 /home/jet_mouse/ncs/v2.7.0/nrfxlib/crypto/nrf_cc310_platform/lib/cortex-m33/hard-float/no-interrupts/libnrf_cc310_platform_0.9.19.a(llf_rnd_trng90b.c.obj)
 .text.LLF_RND_GetTrngSource
                0x000000000000388c       0x18 /home/jet_mouse/ncs/v2.7.0/nrfxlib/crypto/nrf_cc310_platform/lib/cortex-m33/hard-float/no-interrupts/libnrf_cc310_platform_0.9.19.a(llf_rnd_trng90b.c.obj)
                0x000000000000388c                LLF_RND_GetTrngSource
 .text.LLF_RND_RunTrngStartupTest
                0x00000000000038a4       0x1c /home/jet_mouse/ncs/v2.7.0/nrfxlib/crypto/nrf_cc310_platform/lib/cortex-m33/hard-float/no-interrupts/libnrf_cc310_platform_0.9.19.a(llf_rnd_trng90b.c.obj)
                0x00000000000038a4                LLF_RND_RunTrngStartupTest
 .text.mbedtls_hardware_poll
                0x00000000000038c0       0xfc /home/jet_mouse/ncs/v2.7.0/nrfxlib/crypto/nrf_cc310_platform/lib/cortex-m33/hard-float/no-interrupts/libnrf_cc310_platform_0.9.19.a(trng_api.c.obj)
                0x00000000000038c0                mbedtls_hardware_poll
 .text.cc_mbedtls_sha256_init
                0x00000000000039bc       0x28 /home/jet_mouse/ncs/v2.7.0/nrfxlib/crypto/nrf_cc310_platform/lib/cortex-m33/hard-float/no-interrupts/libnrf_cc310_platform_0.9.19.a(sha256_alt.c.obj)
                0x00000000000039bc                cc_mbedtls_sha256_init
 .text.cc_mbedtls_sha256_free
                0x00000000000039e4        0xc /home/jet_mouse/ncs/v2.7.0/nrfxlib/crypto/nrf_cc310_platform/lib/cortex-m33/hard-float/no-interrupts/libnrf_cc310_platform_0.9.19.a(sha256_alt.c.obj)
                0x00000000000039e4                cc_mbedtls_sha256_free
 .text.cc_mbedtls_sha256_starts
                0x00000000000039f0       0x28 /home/jet_mouse/ncs/v2.7.0/nrfxlib/crypto/nrf_cc310_platform/lib/cortex-m33/hard-float/no-interrupts/libnrf_cc310_platform_0.9.19.a(sha256_alt.c.obj)
                0x00000000000039f0                cc_mbedtls_sha256_starts
 .text.cc_mbedtls_sha256_update
                0x0000000000003a18       0x54 /home/jet_mouse/ncs/v2.7.0/nrfxlib/crypto/nrf_cc310_platform/lib/cortex-m33/hard-float/no-interrupts/libnrf_cc310_platform_0.9.19.a(sha256_alt.c.obj)
                0x0000000000003a18                cc_mbedtls_sha256_update
 .text.cc_mbedtls_sha256_finish
                0x0000000000003a6c       0x48 /home/jet_mouse/ncs/v2.7.0/nrfxlib/crypto/nrf_cc310_platform/lib/cortex-m33/hard-float/no-interrupts/libnrf_cc310_platform_0.9.19.a(sha256_alt.c.obj)
                0x0000000000003a6c                cc_mbedtls_sha256_finish
 .text.mbedtls_sha_starts_internal
                0x0000000000003ab4       0x28 /home/jet_mouse/ncs/v2.7.0/nrfxlib/crypto/nrf_cc310_platform/lib/cortex-m33/hard-float/no-interrupts/libnrf_cc310_platform_0.9.19.a(mbedtls_hash_common.c.obj)
                0x0000000000003ab4                mbedtls_sha_starts_internal
 .text.mbedtls_sha_finish_internal
                0x0000000000003adc       0x5c /home/jet_mouse/ncs/v2.7.0/nrfxlib/crypto/nrf_cc310_platform/lib/cortex-m33/hard-float/no-interrupts/libnrf_cc310_platform_0.9.19.a(mbedtls_hash_common.c.obj)
                0x0000000000003adc                mbedtls_sha_finish_internal
 .text.mbedtls_sha_update_internal
                0x0000000000003b38      0x1ec /home/jet_mouse/ncs/v2.7.0/nrfxlib/crypto/nrf_cc310_platform/lib/cortex-m33/hard-float/no-interrupts/libnrf_cc310_platform_0.9.19.a(mbedtls_hash_common.c.obj)
                0x0000000000003b38                mbedtls_sha_update_internal
 .text.cc_mbedtls_sha256
                0x0000000000003d24       0x50 /home/jet_mouse/ncs/v2.7.0/nrfxlib/crypto/nrf_cc310_platform/lib/cortex-m33/hard-float/no-interrupts/libnrf_cc310_platform_0.9.19.a(sha256.c.obj)
                0x0000000000003d24                cc_mbedtls_sha256
 .text.RNG_PLAT_SetUserRngParameters
                0x0000000000003d74       0x74 /home/jet_mouse/ncs/v2.7.0/nrfxlib/crypto/nrf_cc310_platform/lib/cortex-m33/hard-float/no-interrupts/libnrf_cc310_platform_0.9.19.a(cc_rng_plat.c.obj)
                0x0000000000003d74                RNG_PLAT_SetUserRngParameters
 .text.CC_PalTrngParamGet
                0x0000000000003de8      0x114 /home/jet_mouse/ncs/v2.7.0/nrfxlib/crypto/nrf_cc310_platform/lib/cortex-m33/hard-float/no-interrupts/libnrf_cc310_platform_0.9.19.a(cc_pal_trng.c.obj)
                0x0000000000003de8                CC_PalTrngParamGet
 .text.LLF_RND_WaitRngInterrupt
                0x0000000000003efc       0x20 /home/jet_mouse/ncs/v2.7.0/nrfxlib/crypto/nrf_cc310_platform/lib/cortex-m33/hard-float/no-interrupts/libnrf_cc310_platform_0.9.19.a(llf_rnd.c.obj)
                0x0000000000003efc                LLF_RND_WaitRngInterrupt
 .text.LLF_RND_GetRoscSampleCnt
                0x0000000000003f1c       0x34 /home/jet_mouse/ncs/v2.7.0/nrfxlib/crypto/nrf_cc310_platform/lib/cortex-m33/hard-float/no-interrupts/libnrf_cc310_platform_0.9.19.a(llf_rnd.c.obj)
                0x0000000000003f1c                LLF_RND_GetRoscSampleCnt
 .text.LLF_RND_GetFastestRosc
                0x0000000000003f50       0x20 /home/jet_mouse/ncs/v2.7.0/nrfxlib/crypto/nrf_cc310_platform/lib/cortex-m33/hard-float/no-interrupts/libnrf_cc310_platform_0.9.19.a(llf_rnd.c.obj)
                0x0000000000003f50                LLF_RND_GetFastestRosc
 .text.LLF_RND_TurnOffTrng
                0x0000000000003f70       0x18 /home/jet_mouse/ncs/v2.7.0/nrfxlib/crypto/nrf_cc310_platform/lib/cortex-m33/hard-float/no-interrupts/libnrf_cc310_platform_0.9.19.a(llf_rnd.c.obj)
                0x0000000000003f70                LLF_RND_TurnOffTrng
 .text.SetDataBuffersInfo
                0x0000000000003f88       0x68 /home/jet_mouse/ncs/v2.7.0/nrfxlib/crypto/nrf_cc310_platform/lib/cortex-m33/hard-float/no-interrupts/libnrf_cc310_platform_0.9.19.a(driver_common.c.obj)
                0x0000000000003f88                SetDataBuffersInfo
 .text.InitHashDrv
                0x0000000000003ff0       0x50 /home/jet_mouse/ncs/v2.7.0/nrfxlib/crypto/nrf_cc310_platform/lib/cortex-m33/hard-float/no-interrupts/libnrf_cc310_platform_0.9.19.a(hash_driver.c.obj)
                0x0000000000003ff0                InitHashDrv
 .text.ProcessHashDrv
                0x0000000000004040      0x22c /home/jet_mouse/ncs/v2.7.0/nrfxlib/crypto/nrf_cc310_platform/lib/cortex-m33/hard-float/no-interrupts/libnrf_cc310_platform_0.9.19.a(hash_driver.c.obj)
                0x0000000000004040                ProcessHashDrv
 .text.FinishHashDrv
                0x000000000000426c       0x74 /home/jet_mouse/ncs/v2.7.0/nrfxlib/crypto/nrf_cc310_platform/lib/cortex-m33/hard-float/no-interrupts/libnrf_cc310_platform_0.9.19.a(hash_driver.c.obj)
                0x000000000000426c                FinishHashDrv
 .text.CC_PalDataBufferAttrGet
                0x00000000000042e0        0x8 /home/jet_mouse/ncs/v2.7.0/nrfxlib/crypto/nrf_cc310_platform/lib/cortex-m33/hard-float/no-interrupts/libnrf_cc310_platform_0.9.19.a(cc_pal_buff_attr.c.obj)
                0x00000000000042e0                CC_PalDataBufferAttrGet
 .text.exit     0x00000000000042e8       0x28 /home/jet_mouse/ncs/toolchains/e9dba88316/opt/zephyr-sdk/arm-zephyr-eabi/bin/../lib/gcc/arm-zephyr-eabi/12.2.0/../../../../arm-zephyr-eabi/lib/thumb/v8-m.main+fp/hard/libc_nano.a(lib_a-exit.o)
                0x00000000000042e8                exit
 .text.__libc_init_array
                0x0000000000004310       0x48 /home/jet_mouse/ncs/toolchains/e9dba88316/opt/zephyr-sdk/arm-zephyr-eabi/bin/../lib/gcc/arm-zephyr-eabi/12.2.0/../../../../arm-zephyr-eabi/lib/thumb/v8-m.main+fp/hard/libc_nano.a(lib_a-init.o)
                0x0000000000004310                __libc_init_array
 .text          0x0000000000004358       0xc8 /home/jet_mouse/ncs/toolchains/e9dba88316/opt/zephyr-sdk/arm-zephyr-eabi/bin/../lib/gcc/arm-zephyr-eabi/12.2.0/thumb/v8-m.main+fp/hard/libgcc.a(cmse.o)
                0x0000000000004358                cmse_check_address_range
 .text._exit    0x0000000000004420        0x4 /home/jet_mouse/ncs/toolchains/e9dba88316/opt/zephyr-sdk/arm-zephyr-eabi/bin/../lib/gcc/arm-zephyr-eabi/12.2.0/../../../../arm-zephyr-eabi/lib/thumb/v8-m.main+fp/hard/libnosys.a(_exit.o)
                0x0000000000004420                _exit
 .text.clear_caller_context
                0x0000000000004424       0x5c secure_fw/CMakeFiles/tfm_s.dir/partitions/ns_agent_tz/psa_api_veneers_v80m.o
 .text.C_HardFault_Handler
                0x0000000000004480        0x4 secure_fw/CMakeFiles/tfm_s.dir/__/platform/ext/common/faults.o
                0x0000000000004480                C_HardFault_Handler
 .text.HardFault_Handler
                0x0000000000004484       0x1c secure_fw/CMakeFiles/tfm_s.dir/__/platform/ext/common/faults.o
                0x0000000000004484                HardFault_Handler
 .text.C_MemManage_Handler
                0x00000000000044a0        0x4 secure_fw/CMakeFiles/tfm_s.dir/__/platform/ext/common/faults.o
                0x00000000000044a0                C_MemManage_Handler
 .text.MemManage_Handler
                0x00000000000044a4       0x1c secure_fw/CMakeFiles/tfm_s.dir/__/platform/ext/common/faults.o
                0x00000000000044a4                MemManage_Handler
 .text.C_BusFault_Handler
                0x00000000000044c0        0x4 secure_fw/CMakeFiles/tfm_s.dir/__/platform/ext/common/faults.o
                0x00000000000044c0                C_BusFault_Handler
 .text.BusFault_Handler
                0x00000000000044c4       0x1c secure_fw/CMakeFiles/tfm_s.dir/__/platform/ext/common/faults.o
                0x00000000000044c4                BusFault_Handler
 .text.C_SecureFault_Handler
                0x00000000000044e0        0x4 secure_fw/CMakeFiles/tfm_s.dir/__/platform/ext/common/faults.o
                0x00000000000044e0                C_SecureFault_Handler
 .text.SecureFault_Handler
                0x00000000000044e4       0x1c secure_fw/CMakeFiles/tfm_s.dir/__/platform/ext/common/faults.o
                0x00000000000044e4                SecureFault_Handler
 .text.C_UsageFault_Handler
                0x0000000000004500        0x4 secure_fw/CMakeFiles/tfm_s.dir/__/platform/ext/common/faults.o
                0x0000000000004500                C_UsageFault_Handler
 .text.UsageFault_Handler
                0x0000000000004504       0x1c secure_fw/CMakeFiles/tfm_s.dir/__/platform/ext/common/faults.o
                0x0000000000004504                UsageFault_Handler
 .text.memcpy   0x0000000000004520       0x4a secure_fw/partitions/lib/runtime/libtfm_sprt.a(crt_memcpy.o)
                0x0000000000004520                memcpy
 .text.memset   0x000000000000456a       0x46 secure_fw/partitions/lib/runtime/libtfm_sprt.a(crt_memset.o)
                0x000000000000456a                memset
 .text.psa_framework_version
                0x00000000000045b0       0x18 secure_fw/partitions/lib/runtime/libtfm_sprt.a(psa_interface_sfn.o)
                0x00000000000045b0                psa_framework_version
 .text.psa_version
                0x00000000000045c8       0x1c secure_fw/partitions/lib/runtime/libtfm_sprt.a(psa_interface_sfn.o)
                0x00000000000045c8                psa_version
 .text.psa_read
                0x00000000000045e4       0x2a secure_fw/partitions/lib/runtime/libtfm_sprt.a(psa_interface_sfn.o)
                0x00000000000045e4                psa_read
 .text.psa_write
                0x000000000000460e       0x2a secure_fw/partitions/lib/runtime/libtfm_sprt.a(psa_interface_sfn.o)
                0x000000000000460e                psa_write
 .text.psa_panic
                0x0000000000004638       0x18 secure_fw/partitions/lib/runtime/libtfm_sprt.a(psa_interface_sfn.o)
                0x0000000000004638                psa_panic
 .text.platform_calloc_uninit
                0x0000000000004650        0x4 secure_fw/partitions/crypto/mbedcrypto/nrf_security_src/libcrypto_service_mbedcrypto.a(platform.o)
 .text.platform_free_uninit
                0x0000000000004654        0x2 secure_fw/partitions/crypto/mbedcrypto/nrf_security_src/libcrypto_service_mbedcrypto.a(platform.o)
 .text.mbedtls_zeroize_and_free
                0x0000000000004656       0x14 secure_fw/partitions/crypto/mbedcrypto/nrf_security_src/libcrypto_service_mbedcrypto.a(platform_util.o)
                0x0000000000004656                mbedtls_zeroize_and_free
 .text.psa_remove_key_data_from_memory
                0x000000000000466a       0x16 secure_fw/partitions/crypto/mbedcrypto/nrf_security_src/libcrypto_service_mbedcrypto.a(psa_crypto.o)
                0x000000000000466a                psa_remove_key_data_from_memory
 .text.psa_wipe_key_slot
                0x0000000000004680       0x22 secure_fw/partitions/crypto/mbedcrypto/nrf_security_src/libcrypto_service_mbedcrypto.a(psa_crypto.o)
                0x0000000000004680                psa_wipe_key_slot
 .text.psa_driver_wrapper_init
                0x00000000000046a2        0x4 secure_fw/partitions/crypto/mbedcrypto/nrf_security_src/libcrypto_service_mbedcrypto.a(psa_crypto_driver_wrappers.o)
                0x00000000000046a2                psa_driver_wrapper_init
 .text.psa_driver_wrapper_free
                0x00000000000046a6        0x2 secure_fw/partitions/crypto/mbedcrypto/nrf_security_src/libcrypto_service_mbedcrypto.a(psa_crypto_driver_wrappers.o)
                0x00000000000046a6                psa_driver_wrapper_free
 .text.psa_driver_wrapper_init_random
                0x00000000000046a8        0x4 secure_fw/partitions/crypto/mbedcrypto/nrf_security_src/libcrypto_service_mbedcrypto.a(psa_crypto_driver_wrappers.o)
                0x00000000000046a8                psa_driver_wrapper_init_random
 .text.psa_driver_wrapper_get_random
                0x00000000000046ac       0x22 secure_fw/partitions/crypto/mbedcrypto/nrf_security_src/libcrypto_service_mbedcrypto.a(psa_crypto_driver_wrappers.o)
                0x00000000000046ac                psa_driver_wrapper_get_random
 .text.psa_driver_wrapper_free_random
                0x00000000000046ce        0x4 secure_fw/partitions/crypto/mbedcrypto/nrf_security_src/libcrypto_service_mbedcrypto.a(psa_crypto_driver_wrappers.o)
                0x00000000000046ce                psa_driver_wrapper_free_random
 .text.memmove  0x00000000000046d2       0x34 /home/jet_mouse/ncs/toolchains/e9dba88316/opt/zephyr-sdk/arm-zephyr-eabi/bin/../lib/gcc/arm-zephyr-eabi/12.2.0/../../../../arm-zephyr-eabi/lib/thumb/v8-m.main+fp/hard/libc_nano.a(lib_a-memmove.o)
                0x00000000000046d2                memmove
 .text          0x0000000000004706       0x5c /home/jet_mouse/ncs/toolchains/e9dba88316/opt/zephyr-sdk/arm-zephyr-eabi/bin/../lib/gcc/arm-zephyr-eabi/12.2.0/thumb/v8-m.main+fp/hard/libgcc.a(cmse_nonsecure_call.o)
                0x0000000000004706                __gnu_cmse_nonsecure_call
 *(.init)
 *fill*         0x0000000000004762        0x2 
 .init          0x0000000000004764        0x4 /home/jet_mouse/ncs/toolchains/e9dba88316/opt/zephyr-sdk/arm-zephyr-eabi/bin/../lib/gcc/arm-zephyr-eabi/12.2.0/thumb/v8-m.main+fp/hard/crti.o
                0x0000000000004764                _init
 .init          0x0000000000004768        0x8 /home/jet_mouse/ncs/toolchains/e9dba88316/opt/zephyr-sdk/arm-zephyr-eabi/bin/../lib/gcc/arm-zephyr-eabi/12.2.0/thumb/v8-m.main+fp/hard/crtn.o
 *(.fini)
 .fini          0x0000000000004770        0x4 /home/jet_mouse/ncs/toolchains/e9dba88316/opt/zephyr-sdk/arm-zephyr-eabi/bin/../lib/gcc/arm-zephyr-eabi/12.2.0/thumb/v8-m.main+fp/hard/crti.o
                0x0000000000004770                _fini
 .fini          0x0000000000004774        0x8 /home/jet_mouse/ncs/toolchains/e9dba88316/opt/zephyr-sdk/arm-zephyr-eabi/bin/../lib/gcc/arm-zephyr-eabi/12.2.0/thumb/v8-m.main+fp/hard/crtn.o
 *crtbegin.o(.ctors)
 *crtbegin?.o(.ctors)
 *(EXCLUDE_FILE(*crtend.o *crtend?.o) .ctors)
 *(SORT_BY_NAME(.ctors.*))
 *(.ctors)
 *crtbegin.o(.dtors)
 *crtbegin?.o(.dtors)
 *(EXCLUDE_FILE(*crtend.o *crtend?.o) .dtors)
 *(SORT_BY_NAME(.dtors.*))
 *(.dtors)
 *(SORT_BY_ALIGNMENT(.rodata*))
 .rodata.CSWTCH.10
                0x000000000000477c       0x1c /home/jet_mouse/ncs/v2.7.0/nrfxlib/crypto/nrf_cc310_platform/lib/cortex-m33/hard-float/no-interrupts/libnrf_cc310_platform_0.9.19.a(nrf_cc3xx_platform.c.obj)
 .rodata.RndStartupTest.constprop.0.str1.4
                0x0000000000004798       0x6f /home/jet_mouse/ncs/v2.7.0/nrfxlib/crypto/nrf_cc310_platform/lib/cortex-m33/hard-float/no-interrupts/libnrf_cc310_platform_0.9.19.a(cc_lib.c.obj)
 *fill*         0x0000000000004807        0x1 
 .rodata.CC_PalPowerSaveModeInit.str1.4
                0x0000000000004808       0x20 /home/jet_mouse/ncs/v2.7.0/nrfxlib/crypto/nrf_cc310_platform/lib/cortex-m33/hard-float/no-interrupts/libnrf_cc310_platform_0.9.19.a(cc_pal_pm.c.obj)
 .rodata.mutex_free.str1.4
                0x0000000000004828       0x26 /home/jet_mouse/ncs/v2.7.0/nrfxlib/crypto/nrf_cc310_platform/lib/cortex-m33/hard-float/no-interrupts/libnrf_cc310_platform_0.9.19.a(nrf_cc3xx_platform_mutex.c.obj)
 *fill*         0x000000000000484e        0x2 
 .rodata.mutex_init.str1.4
                0x0000000000004850       0x23 /home/jet_mouse/ncs/v2.7.0/nrfxlib/crypto/nrf_cc310_platform/lib/cortex-m33/hard-float/no-interrupts/libnrf_cc310_platform_0.9.19.a(nrf_cc3xx_platform_mutex.c.obj)
 *fill*         0x0000000000004873        0x1 
 .rodata.mbedtls_hardware_poll.str1.4
                0x0000000000004874       0x16 /home/jet_mouse/ncs/v2.7.0/nrfxlib/crypto/nrf_cc310_platform/lib/cortex-m33/hard-float/no-interrupts/libnrf_cc310_platform_0.9.19.a(trng_api.c.obj)
                                         0x6e (size before relaxing)
 *fill*         0x000000000000488a        0x2 
 .rodata.cc_mbedtls_sha256_init.str1.4
                0x000000000000488c        0xe /home/jet_mouse/ncs/v2.7.0/nrfxlib/crypto/nrf_cc310_platform/lib/cortex-m33/hard-float/no-interrupts/libnrf_cc310_platform_0.9.19.a(sha256_alt.c.obj)
 .rodata.ProcessHashDrv.str1.4
                0x000000000000489a       0x6f /home/jet_mouse/ncs/v2.7.0/nrfxlib/crypto/nrf_cc310_platform/lib/cortex-m33/hard-float/no-interrupts/libnrf_cc310_platform_0.9.19.a(hash_driver.c.obj)
 *fill*         0x000000000000489a        0x2 
 .rodata.HASH_LARVAL_SHA256
                0x000000000000489c       0x20 /home/jet_mouse/ncs/v2.7.0/nrfxlib/crypto/nrf_cc310_platform/lib/cortex-m33/hard-float/no-interrupts/libnrf_cc310_platform_0.9.19.a(hash_driver.c.obj)
 .rodata.HASH_LARVAL_SHA224
                0x00000000000048bc       0x20 /home/jet_mouse/ncs/v2.7.0/nrfxlib/crypto/nrf_cc310_platform/lib/cortex-m33/hard-float/no-interrupts/libnrf_cc310_platform_0.9.19.a(hash_driver.c.obj)
 .rodata.HASH_LARVAL_SHA1
                0x00000000000048dc       0x14 /home/jet_mouse/ncs/v2.7.0/nrfxlib/crypto/nrf_cc310_platform/lib/cortex-m33/hard-float/no-interrupts/libnrf_cc310_platform_0.9.19.a(hash_driver.c.obj)
 .rodata._global_impure_ptr
                0x00000000000048f0        0x4 /home/jet_mouse/ncs/toolchains/e9dba88316/opt/zephyr-sdk/arm-zephyr-eabi/bin/../lib/gcc/arm-zephyr-eabi/12.2.0/../../../../arm-zephyr-eabi/lib/thumb/v8-m.main+fp/hard/libc_nano.a(lib_a-impure.o)
                0x00000000000048f0                _global_impure_ptr
 .rodata.str1.1
                0x00000000000048f4        0xb secure_fw/CMakeFiles/tfm_s.dir/__/generated/secure_fw/partitions/crypto/auto_generated/load_info_tfm_crypto.o
 .rodata.str1.1
                0x00000000000048ff       0x15 secure_fw/CMakeFiles/tfm_s.dir/__/generated/secure_fw/partitions/platform/auto_generated/load_info_tfm_platform.o
 *(.eh_frame*)
 .eh_frame      0x0000000000004914        0x0 /home/jet_mouse/ncs/toolchains/e9dba88316/opt/zephyr-sdk/arm-zephyr-eabi/bin/../lib/gcc/arm-zephyr-eabi/12.2.0/thumb/v8-m.main+fp/hard/crtbegin.o
 .eh_frame      0x0000000000004914        0x4 /home/jet_mouse/ncs/toolchains/e9dba88316/opt/zephyr-sdk/arm-zephyr-eabi/bin/../lib/gcc/arm-zephyr-eabi/12.2.0/thumb/v8-m.main+fp/hard/crtend.o
                0x0000000000004920                . = ALIGN (0x20)
 *fill*         0x0000000000004918        0x8 
                0x00000000000020c0                Image$$TFM_UNPRIV_CODE_START$$RO$$Base = ADDR (.TFM_UNPRIV_CODE)
                0x0000000000004920                Image$$TFM_UNPRIV_CODE_END$$RO$$Limit = (ADDR (.TFM_UNPRIV_CODE) + SIZEOF (.TFM_UNPRIV_CODE))

.glue_7         0x0000000000004920        0x0
 .glue_7        0x0000000000004920        0x0 linker stubs

.glue_7t        0x0000000000004920        0x0
 .glue_7t       0x0000000000004920        0x0 linker stubs

.vfp11_veneer   0x0000000000004920        0x0
 .vfp11_veneer  0x0000000000004920        0x0 linker stubs

.v4_bx          0x0000000000004920        0x0
 .v4_bx         0x0000000000004920        0x0 linker stubs

.iplt           0x0000000000004920        0x0
 .iplt          0x0000000000004920        0x0 /home/jet_mouse/ncs/toolchains/e9dba88316/opt/zephyr-sdk/arm-zephyr-eabi/bin/../lib/gcc/arm-zephyr-eabi/12.2.0/thumb/v8-m.main+fp/hard/crtbegin.o

.rel.dyn        0x0000000000004920        0x0
 .rel.iplt      0x0000000000004920        0x0 /home/jet_mouse/ncs/toolchains/e9dba88316/opt/zephyr-sdk/arm-zephyr-eabi/bin/../lib/gcc/arm-zephyr-eabi/12.2.0/thumb/v8-m.main+fp/hard/crtbegin.o

.gnu.sgstubs    0x0000000000007c00       0x40
 *(.gnu.sgstubs*)
 .gnu.sgstubs.__stub
                0x0000000000007c00       0x28 linker stubs
                0x0000000000007c00                tfm_psa_framework_version_veneer
                0x0000000000007c08                tfm_psa_version_veneer
                0x0000000000007c10                tfm_psa_close_veneer
                0x0000000000007c18                tfm_psa_connect_veneer
                0x0000000000007c20                tfm_psa_call_veneer

.sgstubs_end    0x0000000000008000        0x0

.tfm_secure_data_start
                0x0000000020000000        0x0
                0x0000000020000000                . = ALIGN (0x4)

.tfm_bl2_shared_data
                0x0000000020000000      0x400
                0x0000000020000400                . = (. + 0x400)
 *fill*         0x0000000020000000      0x400 

.msp_stack      0x0000000020000400      0x7f8
                0x0000000020000bf8                . = (. + (__msp_stack_size__ - 0x8))
 *fill*         0x0000000020000400      0x7f8 
                0x0000000020000400                Image$$ARM_LIB_STACK$$ZI$$Base = ADDR (.msp_stack)
                0x0000000020000bf8                Image$$ARM_LIB_STACK$$ZI$$Limit = (ADDR (.msp_stack) + SIZEOF (.msp_stack))

.msp_stack_seal_res
                0x0000000020000bf8        0x8
                0x0000000020000c00                . = (. + 0x8)
 *fill*         0x0000000020000bf8        0x8 
                0x0000000020000bf8                __StackSeal = ADDR (.msp_stack_seal_res)
                0x0000000020000c00                . = ALIGN (0x20)
                0x0000000020000c00                Image$$TFM_APP_RW_STACK_START$$Base = .

.TFM_APP_ROT_LINKER_DATA
                0x0000000020000c00        0x0 load address 0x0000000000007c40
 *tfm_app_rot_partition*:(SORT_BY_ALIGNMENT(.data*))
 *(TFM_*_APP-ROT_ATTR_RW)
                0x0000000020000c00                . = ALIGN (0x4)
                0x0000000020000c00                Image$$TFM_APP_ROT_LINKER_DATA$$RW$$Base = ADDR (.TFM_APP_ROT_LINKER_DATA)
                0x0000000020000c00                Image$$TFM_APP_ROT_LINKER_DATA$$RW$$Limit = (ADDR (.TFM_APP_ROT_LINKER_DATA) + SIZEOF (.TFM_APP_ROT_LINKER_DATA))

.TFM_APP_ROT_LINKER_BSS
                0x0000000020000c00       0x20
                0x0000000020000c00                start_of_TFM_APP_ROT_LINKER = .
 *tfm_app_rot_partition*:(SORT_BY_ALIGNMENT(.bss*))
 *tfm_app_rot_partition*:*(COMMON)
 *(TFM_*_APP-ROT_ATTR_ZI)
                0x0000000020000c04                . = (. + (. - start_of_TFM_APP_ROT_LINKER)?0x0:0x4)
 *fill*         0x0000000020000c00        0x4 
                0x0000000020000c20                . = ALIGN (0x20)
 *fill*         0x0000000020000c04       0x1c 
                0x0000000020000c00                Image$$TFM_APP_ROT_LINKER_DATA$$ZI$$Base = ADDR (.TFM_APP_ROT_LINKER_BSS)
                0x0000000020000c20                Image$$TFM_APP_ROT_LINKER_DATA$$ZI$$Limit = (ADDR (.TFM_APP_ROT_LINKER_BSS) + SIZEOF (.TFM_APP_ROT_LINKER_BSS))
                0x0000000020000c20                Image$$TFM_APP_RW_STACK_END$$Base = .
                0x0000000020000c20                Image$$TFM_PSA_RW_STACK_START$$Base = .

.TFM_PSA_ROT_LINKER_DATA
                0x0000000020000c20        0x0 load address 0x0000000000007c40
 *tfm_psa_rot_partition*:(SORT_BY_ALIGNMENT(.data*))
 *(TFM_*_PSA-ROT_ATTR_RW)
                0x0000000020000c20                . = ALIGN (0x4)
                0x0000000020000c20                Image$$TFM_PSA_ROT_LINKER_DATA$$RW$$Base = ADDR (.TFM_PSA_ROT_LINKER_DATA)
                0x0000000020000c20                Image$$TFM_PSA_ROT_LINKER_DATA$$RW$$Limit = (ADDR (.TFM_PSA_ROT_LINKER_DATA) + SIZEOF (.TFM_PSA_ROT_LINKER_DATA))

.TFM_PSA_ROT_LINKER_BSS
                0x0000000020000c20      0x460
                0x0000000020000c20                start_of_TFM_PSA_ROT_LINKER = .
 *tfm_psa_rot_partition*:(SORT_BY_ALIGNMENT(.bss*))
 .bss.scratch   0x0000000020000c20      0x408 secure_fw/partitions/crypto/libtfm_psa_rot_partition_crypto.a(crypto_init.o)
 .bss.operations
                0x0000000020001028       0x28 secure_fw/partitions/crypto/libtfm_psa_rot_partition_crypto.a(crypto_alloc.o)
 .bss.mbedtls_mem_buf
                0x0000000020001050        0x1 secure_fw/partitions/crypto/libtfm_psa_rot_partition_crypto.a(crypto_library.o)
 .bss.mbedtls_version_full
                0x0000000020001051       0x12 secure_fw/partitions/crypto/libtfm_psa_rot_partition_crypto.a(crypto_library.o)
 *tfm_psa_rot_partition*:*(COMMON)
 *(TFM_*_PSA-ROT_ATTR_ZI)
                0x0000000020001063                . = (. + (. - start_of_TFM_PSA_ROT_LINKER)?0x0:0x4)
                0x0000000020001080                . = ALIGN (0x20)
 *fill*         0x0000000020001063       0x1d 
                0x0000000020000c20                Image$$TFM_PSA_ROT_LINKER_DATA$$ZI$$Base = ADDR (.TFM_PSA_ROT_LINKER_BSS)
                0x0000000020001080                Image$$TFM_PSA_ROT_LINKER_DATA$$ZI$$Limit = (ADDR (.TFM_PSA_ROT_LINKER_BSS) + SIZEOF (.TFM_PSA_ROT_LINKER_BSS))
                0x0000000020001080                Image$$TFM_PSA_RW_STACK_END$$Base = .

.TFM_DATA       0x0000000020001080       0xfc load address 0x0000000000007c40
 *(SORT_BY_ALIGNMENT(.data*))
 .data.ret_err  0x0000000020001080        0x4 secure_fw/CMakeFiles/tfm_s.dir/partitions/ns_agent_tz/psa_api_veneers_v80m.o
                0x0000000020001080                ret_err
 .data.dev_mpu_s
                0x0000000020001084        0x4 secure_fw/spm/libtfm_spm.a(tfm_hal_isolation.o)
                0x0000000020001084                dev_mpu_s
 .data.tfm_peripheral_vmc
                0x0000000020001088        0x8 secure_fw/spm/libtfm_spm.a(target_cfg.o)
                0x0000000020001088                tfm_peripheral_vmc
 .data.serv_pool_sa
                0x0000000020001090        0x4 secure_fw/spm/libtfm_spm.a(rom_loader.o)
 .data.part_pool_sa
                0x0000000020001094        0x4 secure_fw/spm/libtfm_spm.a(rom_loader.o)
 .data.ldinf_sa
                0x0000000020001098        0x4 secure_fw/spm/libtfm_spm.a(rom_loader.o)
 .data.mbedtls_free_func
                0x000000002000109c        0x4 secure_fw/partitions/crypto/mbedcrypto/nrf_security_src/libcrypto_service_mbedcrypto.a(platform.o)
 .data.mbedtls_calloc_func
                0x00000000200010a0        0x4 secure_fw/partitions/crypto/mbedcrypto/nrf_security_src/libcrypto_service_mbedcrypto.a(platform.o)
 .data.memset_func
                0x00000000200010a4        0x4 secure_fw/partitions/crypto/mbedcrypto/nrf_security_src/libcrypto_service_mbedcrypto.a(platform_util.o)
 .data.pCCRndCryptoMutex
                0x00000000200010a8        0x4 /home/jet_mouse/ncs/v2.7.0/nrfxlib/crypto/nrf_cc310_platform/lib/cortex-m33/hard-float/no-interrupts/libnrf_cc310_platform_0.9.19.a(cc_pal.c.obj)
                0x00000000200010a8                pCCRndCryptoMutex
 .data.CCPowerMutex
                0x00000000200010ac        0x4 /home/jet_mouse/ncs/v2.7.0/nrfxlib/crypto/nrf_cc310_platform/lib/cortex-m33/hard-float/no-interrupts/libnrf_cc310_platform_0.9.19.a(cc_pal.c.obj)
                0x00000000200010ac                CCPowerMutex
 .data.CCRndCryptoMutex
                0x00000000200010b0        0x4 /home/jet_mouse/ncs/v2.7.0/nrfxlib/crypto/nrf_cc310_platform/lib/cortex-m33/hard-float/no-interrupts/libnrf_cc310_platform_0.9.19.a(cc_pal.c.obj)
                0x00000000200010b0                CCRndCryptoMutex
 .data.CCAsymCryptoMutex
                0x00000000200010b4        0x4 /home/jet_mouse/ncs/v2.7.0/nrfxlib/crypto/nrf_cc310_platform/lib/cortex-m33/hard-float/no-interrupts/libnrf_cc310_platform_0.9.19.a(cc_pal.c.obj)
                0x00000000200010b4                CCAsymCryptoMutex
 .data.CCSymCryptoMutex
                0x00000000200010b8        0x4 /home/jet_mouse/ncs/v2.7.0/nrfxlib/crypto/nrf_cc310_platform/lib/cortex-m33/hard-float/no-interrupts/libnrf_cc310_platform_0.9.19.a(cc_pal.c.obj)
                0x00000000200010b8                CCSymCryptoMutex
 .data.mbedtls_mutex_unlock
                0x00000000200010bc        0x4 /home/jet_mouse/ncs/v2.7.0/nrfxlib/crypto/nrf_cc310_platform/lib/cortex-m33/hard-float/no-interrupts/libnrf_cc310_platform_0.9.19.a(threading_alt.c.obj)
                0x00000000200010bc                mbedtls_mutex_unlock
 .data.mbedtls_mutex_lock
                0x00000000200010c0        0x4 /home/jet_mouse/ncs/v2.7.0/nrfxlib/crypto/nrf_cc310_platform/lib/cortex-m33/hard-float/no-interrupts/libnrf_cc310_platform_0.9.19.a(threading_alt.c.obj)
                0x00000000200010c0                mbedtls_mutex_lock
 .data.mbedtls_mutex_init
                0x00000000200010c4        0x4 /home/jet_mouse/ncs/v2.7.0/nrfxlib/crypto/nrf_cc310_platform/lib/cortex-m33/hard-float/no-interrupts/libnrf_cc310_platform_0.9.19.a(threading_alt.c.obj)
                0x00000000200010c4                mbedtls_mutex_init
 .data.platform_abort_apis
                0x00000000200010c8        0x8 /home/jet_mouse/ncs/v2.7.0/nrfxlib/crypto/nrf_cc310_platform/lib/cortex-m33/hard-float/no-interrupts/libnrf_cc310_platform_0.9.19.a(nrf_cc3xx_platform_abort.c.obj)
                0x00000000200010c8                platform_abort_apis
 .data.platform_mutexes
                0x00000000200010d0       0x14 /home/jet_mouse/ncs/v2.7.0/nrfxlib/crypto/nrf_cc310_platform/lib/cortex-m33/hard-float/no-interrupts/libnrf_cc310_platform_0.9.19.a(nrf_cc3xx_platform_mutex.c.obj)
                0x00000000200010d0                platform_mutexes
 .data.platform_mutex_apis
                0x00000000200010e4       0x10 /home/jet_mouse/ncs/v2.7.0/nrfxlib/crypto/nrf_cc310_platform/lib/cortex-m33/hard-float/no-interrupts/libnrf_cc310_platform_0.9.19.a(nrf_cc3xx_platform_mutex.c.obj)
                0x00000000200010e4                platform_mutex_apis
 .data.power_mutex
                0x00000000200010f4        0x8 /home/jet_mouse/ncs/v2.7.0/nrfxlib/crypto/nrf_cc310_platform/lib/cortex-m33/hard-float/no-interrupts/libnrf_cc310_platform_0.9.19.a(nrf_cc3xx_platform_mutex.c.obj)
 .data.rng_mutex
                0x00000000200010fc        0x8 /home/jet_mouse/ncs/v2.7.0/nrfxlib/crypto/nrf_cc310_platform/lib/cortex-m33/hard-float/no-interrupts/libnrf_cc310_platform_0.9.19.a(nrf_cc3xx_platform_mutex.c.obj)
 .data.asym_mutex
                0x0000000020001104        0x8 /home/jet_mouse/ncs/v2.7.0/nrfxlib/crypto/nrf_cc310_platform/lib/cortex-m33/hard-float/no-interrupts/libnrf_cc310_platform_0.9.19.a(nrf_cc3xx_platform_mutex.c.obj)
 .data.sym_mutex
                0x000000002000110c        0x8 /home/jet_mouse/ncs/v2.7.0/nrfxlib/crypto/nrf_cc310_platform/lib/cortex-m33/hard-float/no-interrupts/libnrf_cc310_platform_0.9.19.a(nrf_cc3xx_platform_mutex.c.obj)
 .data.impure_data
                0x0000000020001114       0x60 /home/jet_mouse/ncs/toolchains/e9dba88316/opt/zephyr-sdk/arm-zephyr-eabi/bin/../lib/gcc/arm-zephyr-eabi/12.2.0/../../../../arm-zephyr-eabi/lib/thumb/v8-m.main+fp/hard/libc_nano.a(lib_a-impure.o)
                0x0000000020001174                . = ALIGN (0x4)
                0x0000000020001174                PROVIDE (__preinit_array_start = .)
 *(.preinit_array)
                0x0000000020001174                PROVIDE (__preinit_array_end = .)
                0x0000000020001174                . = ALIGN (0x4)
                0x0000000020001174                PROVIDE (__init_array_start = .)
 *(SORT_BY_NAME(.init_array.*))
 *(.init_array)
 .init_array    0x0000000020001174        0x4 /home/jet_mouse/ncs/toolchains/e9dba88316/opt/zephyr-sdk/arm-zephyr-eabi/bin/../lib/gcc/arm-zephyr-eabi/12.2.0/thumb/v8-m.main+fp/hard/crtbegin.o
                0x0000000020001178                PROVIDE (__init_array_end = .)
                0x0000000020001178                . = ALIGN (0x4)
                [!provide]                        PROVIDE (__fini_array_start = .)
 *(SORT_BY_NAME(.fini_array.*))
 *(.fini_array)
 .fini_array    0x0000000020001178        0x4 /home/jet_mouse/ncs/toolchains/e9dba88316/opt/zephyr-sdk/arm-zephyr-eabi/bin/../lib/gcc/arm-zephyr-eabi/12.2.0/thumb/v8-m.main+fp/hard/crtbegin.o
                [!provide]                        PROVIDE (__fini_array_end = .)
 *(.jcr*)
                0x000000002000117c                . = ALIGN (0x4)
                0x0000000020001080                Image$$ER_TFM_DATA$$RW$$Base = ADDR (.TFM_DATA)
                0x000000002000117c                Image$$ER_TFM_DATA$$RW$$Limit = (ADDR (.TFM_DATA) + SIZEOF (.TFM_DATA))

.tm_clone_table
                0x000000002000117c        0x0 load address 0x0000000000007d3c
 .tm_clone_table
                0x000000002000117c        0x0 /home/jet_mouse/ncs/toolchains/e9dba88316/opt/zephyr-sdk/arm-zephyr-eabi/bin/../lib/gcc/arm-zephyr-eabi/12.2.0/thumb/v8-m.main+fp/hard/crtbegin.o
 .tm_clone_table
                0x000000002000117c        0x0 /home/jet_mouse/ncs/toolchains/e9dba88316/opt/zephyr-sdk/arm-zephyr-eabi/bin/../lib/gcc/arm-zephyr-eabi/12.2.0/thumb/v8-m.main+fp/hard/crtend.o

.igot.plt       0x000000002000117c        0x0 load address 0x0000000000007d3c
 .igot.plt      0x000000002000117c        0x0 /home/jet_mouse/ncs/toolchains/e9dba88316/opt/zephyr-sdk/arm-zephyr-eabi/bin/../lib/gcc/arm-zephyr-eabi/12.2.0/thumb/v8-m.main+fp/hard/crtbegin.o

.TFM_BSS        0x000000002000117c     0x16a8
                0x000000002000117c                __bss_start__ = .
                0x000000002000117c                __partition_runtime_start__ = .
 *(.bss.part_runtime_priority_00)
 .bss.part_runtime_priority_00