Archive member included to satisfy reference by file (symbol)

platform/libplatform_s.a(system_nrf91.o)
                              secure_fw/CMakeFiles/tfm_s.dir/__/platform/ext/target/nordic_nrf/common/core/startup.o (SystemInit)
platform/libplatform_s.a(exception_info.o)
                              secure_fw/CMakeFiles/tfm_s.dir/__/platform/ext/target/nordic_nrf/common/core/startup_nrf91.o (store_and_dump_context)
secure_fw/partitions/lib/runtime/libtfm_sprt.a(crt_memcpy.o)
                              platform/libplatform_s.a(exception_info.o) (memcpy)
secure_fw/partitions/lib/runtime/libtfm_sprt.a(crt_memset.o)
                              /home/jet_mouse/ncs/toolchains/e9dba88316/opt/zephyr-sdk/arm-zephyr-eabi/bin/../lib/gcc/arm-zephyr-eabi/12.2.0/../../../../arm-zephyr-eabi/lib/thumb/v8-m.main+fp/hard/crt0.o (memset)
secure_fw/partitions/lib/runtime/libtfm_sprt.a(psa_api_ipc.o)
                              secure_fw/CMakeFiles/tfm_s.dir/partitions/ns_agent_tz/psa_api_veneers_v80m.o (psa_framework_version)
secure_fw/partitions/lib/runtime/libtfm_sprt.a(sprt_partition_metadata_indicator.o)
                              secure_fw/partitions/lib/runtime/libtfm_sprt.a(psa_api_ipc.o) (p_partition_metadata)
secure_fw/spm/libtfm_spm.a(utilities.o)
                              secure_fw/CMakeFiles/tfm_s.dir/__/platform/ext/target/nordic_nrf/common/core/startup.o (tfm_core_panic)
secure_fw/spm/libtfm_spm.a(main.o)
                              /home/jet_mouse/ncs/toolchains/e9dba88316/opt/zephyr-sdk/arm-zephyr-eabi/bin/../lib/gcc/arm-zephyr-eabi/12.2.0/../../../../arm-zephyr-eabi/lib/thumb/v8-m.main+fp/hard/crt0.o (main)
secure_fw/spm/libtfm_spm.a(tfm_svcalls.o)
                              secure_fw/spm/libtfm_spm.a(main.o) (tfm_core_handler_mode)
secure_fw/spm/libtfm_spm.a(tfm_arch_v8m_main.o)
                              secure_fw/spm/libtfm_spm.a(main.o) (tfm_arch_set_secure_exception_priorities)
secure_fw/spm/libtfm_spm.a(ns_agent_tz_v80m.o)
                              secure_fw/CMakeFiles/tfm_s.dir/partitions/ns_agent_tz/load_info_ns_agent_tz.o (ns_agent_tz_main)
secure_fw/spm/libtfm_spm.a(tfm_hal_isolation.o)
                              secure_fw/spm/libtfm_spm.a(main.o) (tfm_hal_set_up_static_boundaries)
secure_fw/spm/libtfm_spm.a(faults.o)
                              secure_fw/CMakeFiles/tfm_s.dir/__/platform/ext/target/nordic_nrf/common/core/startup_nrf91.o (SPU_IRQHandler)
secure_fw/spm/libtfm_spm.a(target_cfg.o)
                              secure_fw/spm/libtfm_spm.a(tfm_hal_isolation.o) (sau_and_idau_cfg)
secure_fw/spm/libtfm_spm.a(tfm_boot_data.o)
                              secure_fw/spm/libtfm_spm.a(main.o) (tfm_core_validate_boot_data)
secure_fw/spm/libtfm_spm.a(tfm_arch.o)
                              secure_fw/spm/libtfm_spm.a(tfm_svcalls.o) (tfm_arch_free_msp_and_exc_ret)
secure_fw/spm/libtfm_spm.a(spm_ipc.o)
                              secure_fw/spm/libtfm_spm.a(tfm_boot_data.o) (tfm_spm_partition_get_running_partition_id)
secure_fw/spm/libtfm_spm.a(rom_loader.o)
                              secure_fw/spm/libtfm_spm.a(spm_ipc.o) (load_a_partition_assuredly)
secure_fw/spm/libtfm_spm.a(backend_ipc.o)
                              secure_fw/spm/libtfm_spm.a(spm_ipc.o) (backend_init_comp_assuredly)
secure_fw/spm/libtfm_spm.a(thread.o)
                              secure_fw/spm/libtfm_spm.a(backend_ipc.o) (thrd_set_query_callback)
secure_fw/spm/libtfm_spm.a(tfm_spm_ns_ctx.o)
                              secure_fw/spm/libtfm_spm.a(spm_ipc.o) (tfm_nspm_get_current_client_id)
secure_fw/spm/libtfm_spm.a(spm_connection_pool.o)
                              secure_fw/spm/libtfm_spm.a(spm_ipc.o) (connection_to_handle)
secure_fw/spm/libtfm_spm.a(tfm_hal_platform_common.o)
                              secure_fw/spm/libtfm_spm.a(tfm_spm_ns_ctx.o) (tfm_hal_get_ns_VTOR)
secure_fw/spm/libtfm_spm.a(psa_api.o)
                              secure_fw/spm/libtfm_spm.a(backend_ipc.o) (spm_handle_programmer_errors)
secure_fw/spm/libtfm_spm.a(tfm_pools.o)
                              secure_fw/spm/libtfm_spm.a(spm_connection_pool.o) (tfm_pool_init)
secure_fw/partitions/crypto/libtfm_psa_rot_partition_crypto.a(crypto_init.o)
                              secure_fw/CMakeFiles/tfm_s.dir/__/generated/secure_fw/partitions/crypto/auto_generated/load_info_tfm_crypto.o (tfm_crypto_init)
secure_fw/partitions/crypto/libtfm_psa_rot_partition_crypto.a(crypto_alloc.o)
                              secure_fw/partitions/crypto/libtfm_psa_rot_partition_crypto.a(crypto_init.o) (tfm_crypto_init_alloc)
secure_fw/partitions/crypto/libtfm_psa_rot_partition_crypto.a(crypto_cipher.o)
                              secure_fw/partitions/crypto/libtfm_psa_rot_partition_crypto.a(crypto_init.o) (tfm_crypto_cipher_interface)
secure_fw/partitions/crypto/libtfm_psa_rot_partition_crypto.a(crypto_hash.o)
[...]
Memory Configuration

Name             Origin             Length             Attributes
FLASH            0x0000000000000000 0x0000000000008000 xr
RAM              0x0000000020000000 0x0000000000008000 xrw
*default*        0x0000000000000000 0xffffffffffffffff

Linker script and memory map

LOAD /home/jet_mouse/ncs/toolchains/e9dba88316/opt/zephyr-sdk/arm-zephyr-eabi/bin/../lib/gcc/arm-zephyr-eabi/12.2.0/thumb/v8-m.main+fp/hard/crti.o
LOAD /home/jet_mouse/ncs/toolchains/e9dba88316/opt/zephyr-sdk/arm-zephyr-eabi/bin/../lib/gcc/arm-zephyr-eabi/12.2.0/thumb/v8-m.main+fp/hard/crtbegin.o
LOAD /home/jet_mouse/ncs/toolchains/e9dba88316/opt/zephyr-sdk/arm-zephyr-eabi/bin/../lib/gcc/arm-zephyr-eabi/12.2.0/../../../../arm-zephyr-eabi/lib/thumb/v8-m.main+fp/hard/crt0.o
LOAD secure_fw/CMakeFiles/tfm_s.dir/partitions/ns_agent_tz/psa_api_veneers_v80m.o
LOAD secure_fw/CMakeFiles/tfm_s.dir/__/platform/ext/target/nordic_nrf/common/core/startup.o
LOAD secure_fw/CMakeFiles/tfm_s.dir/__/platform/ext/target/nordic_nrf/common/core/startup_nrf91.o
LOAD secure_fw/CMakeFiles/tfm_s.dir/__/platform/ext/common/faults.o
LOAD secure_fw/CMakeFiles/tfm_s.dir/__/generated/secure_fw/partitions/crypto/auto_generated/load_info_tfm_crypto.o
LOAD secure_fw/CMakeFiles/tfm_s.dir/__/generated/secure_fw/partitions/platform/auto_generated/load_info_tfm_platform.o
LOAD secure_fw/CMakeFiles/tfm_s.dir/partitions/ns_agent_tz/load_info_ns_agent_tz.o
LOAD secure_fw/CMakeFiles/tfm_s.dir/__/platform/ext/common/syscalls_stub.o
LOAD platform/libplatform_s.a
LOAD secure_fw/partitions/lib/runtime/libtfm_sprt.a
LOAD secure_fw/spm/libtfm_spm.a
LOAD secure_fw/partitions/crypto/libtfm_psa_rot_partition_crypto.a
LOAD platform/libplatform_crypto_keys.a
LOAD secure_fw/partitions/crypto/mbedcrypto/nrf_security_src/libcrypto_service_mbedcrypto.a
LOAD secure_fw/partitions/platform/libtfm_psa_rot_partition_platform.a
LOAD platform/libplatform_s.a
LOAD secure_fw/partitions/lib/runtime/libtfm_sprt.a
LOAD secure_fw/spm/libtfm_spm.a
LOAD secure_fw/partitions/crypto/libtfm_psa_rot_partition_crypto.a
LOAD platform/libplatform_crypto_keys.a
LOAD secure_fw/partitions/crypto/mbedcrypto/nrf_security_src/libcrypto_service_mbedcrypto.a
LOAD secure_fw/partitions/platform/libtfm_psa_rot_partition_platform.a
LOAD platform/libplatform_s.a
LOAD secure_fw/partitions/lib/runtime/libtfm_sprt.a
LOAD secure_fw/spm/libtfm_spm.a
LOAD secure_fw/partitions/crypto/libtfm_psa_rot_partition_crypto.a
LOAD platform/libplatform_crypto_keys.a
LOAD secure_fw/partitions/crypto/mbedcrypto/nrf_security_src/libcrypto_service_mbedcrypto.a
LOAD secure_fw/partitions/platform/libtfm_psa_rot_partition_platform.a
LOAD /home/jet_mouse/ncs/v2.6.1/nrfxlib/crypto/nrf_cc310_platform/lib/cortex-m33/hard-float/no-interrupts/libnrf_cc310_platform_0.9.19.a
LOAD /home/jet_mouse/ncs/v2.6.1/nrfxlib/crypto/nrf_oberon/lib/cortex-m33/hard-float/liboberon_mbedtls_3.0.14.a
LOAD secure_fw/partitions/crypto/mbedcrypto/nrf_security_src/libmbedcrypto_base.a
LOAD /home/jet_mouse/ncs/v2.6.1/nrfxlib/crypto/nrf_oberon/lib/cortex-m33/hard-float/liboberon_3.0.14.a
LOAD /home/jet_mouse/ncs/toolchains/e9dba88316/opt/zephyr-sdk/arm-zephyr-eabi/bin/../lib/gcc/arm-zephyr-eabi/12.2.0/../../../../arm-zephyr-eabi/lib/thumb/v8-m.main+fp/hard/libc_nano.a
START GROUP
LOAD /home/jet_mouse/ncs/toolchains/e9dba88316/opt/zephyr-sdk/arm-zephyr-eabi/bin/../lib/gcc/arm-zephyr-eabi/12.2.0/thumb/v8-m.main+fp/hard/libgcc.a
LOAD /home/jet_mouse/ncs/toolchains/e9dba88316/opt/zephyr-sdk/arm-zephyr-eabi/bin/../lib/gcc/arm-zephyr-eabi/12.2.0/../../../../arm-zephyr-eabi/lib/thumb/v8-m.main+fp/hard/libc_nano.a
END GROUP
START GROUP
LOAD /home/jet_mouse/ncs/toolchains/e9dba88316/opt/zephyr-sdk/arm-zephyr-eabi/bin/../lib/gcc/arm-zephyr-eabi/12.2.0/thumb/v8-m.main+fp/hard/libgcc.a
LOAD /home/jet_mouse/ncs/toolchains/e9dba88316/opt/zephyr-sdk/arm-zephyr-eabi/bin/../lib/gcc/arm-zephyr-eabi/12.2.0/../../../../arm-zephyr-eabi/lib/thumb/v8-m.main+fp/hard/libc_nano.a
END GROUP
LOAD /home/jet_mouse/ncs/toolchains/e9dba88316/opt/zephyr-sdk/arm-zephyr-eabi/bin/../lib/gcc/arm-zephyr-eabi/12.2.0/thumb/v8-m.main+fp/hard/crtend.o
LOAD /home/jet_mouse/ncs/toolchains/e9dba88316/opt/zephyr-sdk/arm-zephyr-eabi/bin/../lib/gcc/arm-zephyr-eabi/12.2.0/thumb/v8-m.main+fp/hard/crtn.o
                0x0000000000000800                __msp_stack_size__ = 0x800
START GROUP
LOAD /home/jet_mouse/ncs/toolchains/e9dba88316/opt/zephyr-sdk/arm-zephyr-eabi/bin/../lib/gcc/arm-zephyr-eabi/12.2.0/thumb/v8-m.main+fp/hard/libgcc.a
LOAD /home/jet_mouse/ncs/toolchains/e9dba88316/opt/zephyr-sdk/arm-zephyr-eabi/bin/../lib/gcc/arm-zephyr-eabi/12.2.0/../../../../arm-zephyr-eabi/lib/thumb/v8-m.main+fp/hard/libc.a
LOAD /home/jet_mouse/ncs/toolchains/e9dba88316/opt/zephyr-sdk/arm-zephyr-eabi/bin/../lib/gcc/arm-zephyr-eabi/12.2.0/../../../../arm-zephyr-eabi/lib/thumb/v8-m.main+fp/hard/libm.a
LOAD /home/jet_mouse/ncs/toolchains/e9dba88316/opt/zephyr-sdk/arm-zephyr-eabi/bin/../lib/gcc/arm-zephyr-eabi/12.2.0/../../../../arm-zephyr-eabi/lib/thumb/v8-m.main+fp/hard/libnosys.a
LOAD /home/jet_mouse/ncs/toolchains/e9dba88316/opt/zephyr-sdk/arm-zephyr-eabi/bin/../lib/gcc/arm-zephyr-eabi/12.2.0/../../../../arm-zephyr-eabi/lib/thumb/v8-m.main+fp/hard/libc_nano.a
END GROUP

.TFM_VECTORS    0x0000000000000000      0x144
                0x0000000000000000                __vectors_start__ = .
 *(.vectors)
 .vectors       0x0000000000000000      0x144 secure_fw/CMakeFiles/tfm_s.dir/__/platform/ext/target/nordic_nrf/common/core/startup_nrf91.o
                0x0000000000000000                __Vectors
                0x0000000000000144                . = ALIGN (0x4)
                0x0000000000000144                __vectors_end__ = .
                0x0000000000000001                ASSERT ((. <= (ADDR (.TFM_VECTORS) + 0x144)), .TFM_VECTORS section size overflow.)
                0x0000000000000144                . = (ADDR (.TFM_VECTORS) + 0x144)

.TFM_SP_LOAD_LIST
                0x0000000000000144       0xc4
 *(.part_load_priority_00)
 .part_load_priority_00
                0x0000000000000144       0x30 secure_fw/CMakeFiles/tfm_s.dir/partitions/ns_agent_tz/load_info_ns_agent_tz.o
                0x0000000000000144                tfm_sp_ns_agent_tz_load
 *(.part_load_priority_01)
 *(.part_load_priority_02)
 .part_load_priority_02
                0x0000000000000174       0x4c secure_fw/CMakeFiles/tfm_s.dir/__/generated/secure_fw/partitions/crypto/auto_generated/load_info_tfm_crypto.o
                0x0000000000000174                tfm_sp_crypto_load
 .part_load_priority_02
                0x00000000000001c0       0x48 secure_fw/CMakeFiles/tfm_s.dir/__/generated/secure_fw/partitions/platform/auto_generated/load_info_tfm_platform.o
                0x00000000000001c0                tfm_sp_platform_load
 *(.part_load_priority_03)
                0x0000000000000144                Image$$TFM_SP_LOAD_LIST$$RO$$Base = ADDR (.TFM_SP_LOAD_LIST)
                0x0000000000000208                Image$$TFM_SP_LOAD_LIST$$RO$$Limit = (ADDR (.TFM_SP_LOAD_LIST) + SIZEOF (.TFM_SP_LOAD_LIST))
                0x0000000000000220                . = ALIGN (0x20)
                0x0000000000000220                Image$$TFM_PSA_CODE_START$$Base = .

.TFM_PSA_ROT_LINKER
                0x0000000000000220      0x400
 *tfm_psa_rot_partition*:(SORT_BY_ALIGNMENT(.text*))
 .text.tfm_crypto_clear_scratch
                0x0000000000000220       0x20 secure_fw/partitions/crypto/libtfm_psa_rot_partition_crypto.a(crypto_init.o)
 .text.tfm_crypto_api_dispatcher
                0x0000000000000240       0xa4 secure_fw/partitions/crypto/libtfm_psa_rot_partition_crypto.a(crypto_init.o)
                0x0000000000000240                tfm_crypto_api_dispatcher
 .text.tfm_crypto_sfn
                0x00000000000002e4      0x170 secure_fw/partitions/crypto/libtfm_psa_rot_partition_crypto.a(crypto_init.o)
                0x00000000000002e4                tfm_crypto_sfn
 .text.tfm_crypto_init_alloc
                0x0000000000000454       0x14 secure_fw/partitions/crypto/libtfm_psa_rot_partition_crypto.a(crypto_alloc.o)
                0x0000000000000454                tfm_crypto_init_alloc
 .text.tfm_crypto_library_get_info
                0x0000000000000468       0x1c secure_fw/partitions/crypto/libtfm_psa_rot_partition_crypto.a(crypto_library.o)
                0x0000000000000468                tfm_crypto_library_get_info
 .text.tfm_crypto_core_library_init
                0x0000000000000484       0x14 secure_fw/partitions/crypto/libtfm_psa_rot_partition_crypto.a(crypto_library.o)
                0x0000000000000484                tfm_crypto_core_library_init
 .text.tfm_crypto_init
                0x0000000000000498       0x1c secure_fw/partitions/crypto/libtfm_psa_rot_partition_crypto.a(crypto_init.o)
                0x0000000000000498                tfm_crypto_init
 .text.tfm_crypto_cipher_interface
                0x00000000000004b4        0x6 secure_fw/partitions/crypto/libtfm_psa_rot_partition_crypto.a(crypto_cipher.o)
                0x00000000000004b4                tfm_crypto_cipher_interface
 .text.tfm_crypto_hash_interface
                0x00000000000004ba        0x6 secure_fw/partitions/crypto/libtfm_psa_rot_partition_crypto.a(crypto_hash.o)
                0x00000000000004ba                tfm_crypto_hash_interface
 .text.tfm_crypto_mac_interface
                0x00000000000004c0        0x6 secure_fw/partitions/crypto/libtfm_psa_rot_partition_crypto.a(crypto_mac.o)
                0x00000000000004c0                tfm_crypto_mac_interface
 .text.tfm_crypto_aead_interface
                0x00000000000004c6        0x6 secure_fw/partitions/crypto/libtfm_psa_rot_partition_crypto.a(crypto_aead.o)
                0x00000000000004c6                tfm_crypto_aead_interface
 .text.tfm_crypto_asymmetric_sign_interface
                0x00000000000004cc        0x6 secure_fw/partitions/crypto/libtfm_psa_rot_partition_crypto.a(crypto_asymmetric.o)
                0x00000000000004cc                tfm_crypto_asymmetric_sign_interface
 .text.tfm_crypto_asymmetric_encrypt_interface
                0x00000000000004d2        0x6 secure_fw/partitions/crypto/libtfm_psa_rot_partition_crypto.a(crypto_asymmetric.o)
                0x00000000000004d2                tfm_crypto_asymmetric_encrypt_interface
 .text.tfm_crypto_key_derivation_interface
                0x00000000000004d8        0x6 secure_fw/partitions/crypto/libtfm_psa_rot_partition_crypto.a(crypto_key_derivation.o)
                0x00000000000004d8                tfm_crypto_key_derivation_interface
 .text.tfm_crypto_key_management_interface
                0x00000000000004de        0x6 secure_fw/partitions/crypto/libtfm_psa_rot_partition_crypto.a(crypto_key_management.o)
                0x00000000000004de                tfm_crypto_key_management_interface
 .text.tfm_crypto_random_interface
                0x00000000000004e4        0x8 secure_fw/partitions/crypto/libtfm_psa_rot_partition_crypto.a(crypto_rng.o)
                0x00000000000004e4                tfm_crypto_random_interface
 .text.tfm_platform_service_sfn
                0x00000000000004ec      0x114 secure_fw/partitions/platform/libtfm_psa_rot_partition_platform.a(platform_sp.o)
                0x00000000000004ec                tfm_platform_service_sfn
 .text.platform_sp_init
                0x0000000000000600        0x4 secure_fw/partitions/platform/libtfm_psa_rot_partition_platform.a(platform_sp.o)
                0x0000000000000600                platform_sp_init
 *tfm_psa_rot_partition*:(SORT_BY_ALIGNMENT(.rodata*))
 .rodata.tfm_crypto_library_get_info.str1.1
                0x0000000000000604        0xf secure_fw/partitions/crypto/libtfm_psa_rot_partition_crypto.a(crypto_library.o)
 *(TFM_*_PSA-ROT_ATTR_FN)
                0x0000000000000620                . = ALIGN (0x20)
 *fill*         0x0000000000000613        0xd 
                0x0000000000000220                Image$$TFM_PSA_ROT_LINKER$$RO$$Base = ADDR (.TFM_PSA_ROT_LINKER)
                0x0000000000000620                Image$$TFM_PSA_ROT_LINKER$$RO$$Limit = (ADDR (.TFM_PSA_ROT_LINKER) + SIZEOF (.TFM_PSA_ROT_LINKER))
                0x0000000000000220                Image$$TFM_PSA_ROT_LINKER$$Base = ADDR (.TFM_PSA_ROT_LINKER)
                0x0000000000000620                Image$$TFM_PSA_ROT_LINKER$$Limit = (ADDR (.TFM_PSA_ROT_LINKER) + SIZEOF (.TFM_PSA_ROT_LINKER))
                0x0000000000000620                Image$$TFM_PSA_CODE_END$$Base = .
                0x0000000000000620                Image$$TFM_APP_CODE_START$$Base = .

.TFM_APP_ROT_LINKER
                0x0000000000000620        0x0
 *tfm_app_rot_partition*:(SORT_BY_ALIGNMENT(.text*))
 *tfm_app_rot_partition*:(SORT_BY_ALIGNMENT(.rodata*))
 *(TFM_*_APP-ROT_ATTR_FN)
                0x0000000000000620                . = ALIGN (0x20)
                0x0000000000000620                Image$$TFM_APP_ROT_LINKER$$RO$$Base = ADDR (.TFM_APP_ROT_LINKER)
                0x0000000000000620                Image$$TFM_APP_ROT_LINKER$$RO$$Limit = (ADDR (.TFM_APP_ROT_LINKER) + SIZEOF (.TFM_APP_ROT_LINKER))
                0x0000000000000620                Image$$TFM_APP_ROT_LINKER$$Base = ADDR (.TFM_APP_ROT_LINKER)
                0x0000000000000620                Image$$TFM_APP_ROT_LINKER$$Limit = (ADDR (.TFM_APP_ROT_LINKER) + SIZEOF (.TFM_APP_ROT_LINKER))
                0x0000000000000620                Image$$TFM_APP_CODE_END$$Base = .

.ARM.extab
 *(.ARM.extab* .gnu.linkonce.armextab.*)
                0x0000000000000620                __exidx_start = .

.ARM.exidx      0x0000000000000620        0x8
 *(.ARM.exidx* .gnu.linkonce.armexidx.*)
 .ARM.exidx     0x0000000000000620        0x8 /home/jet_mouse/ncs/toolchains/e9dba88316/opt/zephyr-sdk/arm-zephyr-eabi/bin/../lib/gcc/arm-zephyr-eabi/12.2.0/../../../../arm-zephyr-eabi/lib/thumb/v8-m.main+fp/hard/crt0.o
                                         0x10 (size before relaxing)
                0x0000000000000628                __exidx_end = .

.ER_TFM_CODE    0x0000000000000628     0x20c8
                0x0000000000000628                . = ALIGN (0x4)
                0x0000000000000628                __copy_table_start__ = .
                0x0000000000000628        0x4 LONG 0x7c40 LOADADDR (.TFM_DATA)
                0x000000000000062c        0x4 LONG 0x20001da0 ADDR (.TFM_DATA)
                0x0000000000000630        0x4 LONG 0x3f (SIZEOF (.TFM_DATA) / 0x4)
                0x0000000000000634        0x4 LONG 0x7c40 LOADADDR (.TFM_PSA_ROT_LINKER_DATA)
                0x0000000000000638        0x4 LONG 0x20000c40 ADDR (.TFM_PSA_ROT_LINKER_DATA)
                0x000000000000063c        0x4 LONG 0x0 (SIZEOF (.TFM_PSA_ROT_LINKER_DATA) / 0x4)
                0x0000000000000640        0x4 LONG 0x7c40 LOADADDR (.TFM_APP_ROT_LINKER_DATA)
                0x0000000000000644        0x4 LONG 0x20000c20 ADDR (.TFM_APP_ROT_LINKER_DATA)
                0x0000000000000648        0x4 LONG 0x0 (SIZEOF (.TFM_APP_ROT_LINKER_DATA) / 0x4)
                0x000000000000064c                __copy_table_end__ = .
                0x000000000000064c                . = ALIGN (0x4)
                0x000000000000064c                __zero_table_start__ = .
                0x000000000000064c        0x4 LONG 0x20001e9c ADDR (.TFM_BSS)
                0x0000000000000650        0x4 LONG 0x642 (SIZEOF (.TFM_BSS) / 0x4)
                0x0000000000000654        0x4 LONG 0x20000c40 ADDR (.TFM_PSA_ROT_LINKER_BSS)
                0x0000000000000658        0x4 LONG 0x458 (SIZEOF (.TFM_PSA_ROT_LINKER_BSS) / 0x4)
                0x000000000000065c        0x4 LONG 0x20000c20 ADDR (.TFM_APP_ROT_LINKER_BSS)
                0x0000000000000660        0x4 LONG 0x8 (SIZEOF (.TFM_APP_ROT_LINKER_BSS) / 0x4)
                0x0000000000000664        0x4 LONG 0x20000c00 ADDR (.TFM_SP_META_PTR)
                0x0000000000000668        0x4 LONG 0x8 (SIZEOF (.TFM_SP_META_PTR) / 0x4)
                0x000000000000066c                __zero_table_end__ = .
 *startup*(.text*)
 .text.default_irq_handler
                0x000000000000066c        0x4 secure_fw/CMakeFiles/tfm_s.dir/__/platform/ext/target/nordic_nrf/common/core/startup.o
                0x000000000000066c                default_irq_handler
 .text.Reset_Handler
                0x0000000000000670       0xa4 secure_fw/CMakeFiles/tfm_s.dir/__/platform/ext/target/nordic_nrf/common/core/startup.o
                0x0000000000000670                Reset_Handler
 .text.default_tfm_IRQHandler
                0x0000000000000714       0x1c secure_fw/CMakeFiles/tfm_s.dir/__/platform/ext/target/nordic_nrf/common/core/startup_nrf91.o
                0x0000000000000714                TIMER2_IRQHandler
                0x0000000000000714                DebugMon_Handler
                0x0000000000000714                RTC0_IRQHandler
                0x0000000000000714                SysTick_Handler
                0x0000000000000714                PWM1_IRQHandler
                0x0000000000000714                NMI_Handler
                0x0000000000000714                PDM_IRQHandler
                0x0000000000000714                default_tfm_IRQHandler
                0x0000000000000714                IPC_IRQHandler
                0x0000000000000714                PWM3_IRQHandler
                0x0000000000000714                FPU_IRQHandler
                0x0000000000000714                EGU3_IRQHandler
                0x0000000000000714                KMU_IRQHandler
                0x0000000000000714                CRYPTOCELL_IRQHandler
                0x0000000000000714                I2S_IRQHandler
                0x0000000000000714                EGU2_IRQHandler
                0x0000000000000714                TIMER0_IRQHandler
                0x0000000000000714                EGU4_IRQHandler
                0x0000000000000714                EGU0_IRQHandler
                0x0000000000000714                GPIOTE1_IRQHandler
                0x0000000000000714                TIMER1_IRQHandler
                0x0000000000000714                PWM2_IRQHandler
                0x0000000000000714                EGU1_IRQHandler
                0x0000000000000714                EGU5_IRQHandler
                0x0000000000000714                UARTE3_SPIM3_SPIS3_TWIM3_TWIS3_IRQHandler
                0x0000000000000714                SAADC_IRQHandler
                0x0000000000000714                GPIOTE0_IRQHandler
                0x0000000000000714                WDT_IRQHandler
                0x0000000000000714                SPIM0_SPIS0_TWIM0_TWIS0_UARTE0_IRQHandler
                0x0000000000000714                SPIM2_SPIS2_TWIM2_TWIS2_UARTE2_IRQHandler
                0x0000000000000714                PWM0_IRQHandler
                0x0000000000000714                RTC1_IRQHandler
                0x0000000000000714                SPIM1_SPIS1_TWIM1_TWIS1_UARTE1_IRQHandler
                0x0000000000000714                CLOCK_POWER_IRQHandler
 *libplatform_s*:(SORT_BY_ALIGNMENT(.text*))
 .text.uicr_HFXOCNT_erased
                0x0000000000000730       0x40 platform/libplatform_s.a(system_nrf91.o)
 .text.uicr_HFXOSRC_erased
                0x0000000000000770       0x3c platform/libplatform_s.a(system_nrf91.o)
 .text.SystemInit
                0x00000000000007ac      0x1e0 platform/libplatform_s.a(system_nrf91.o)
                0x00000000000007ac                SystemInit
 .text.tfm_exception_info_get_context
                0x000000000000098c        0xc platform/libplatform_s.a(exception_info.o)
                0x000000000000098c                tfm_exception_info_get_context
 .text.store_and_dump_context
                0x0000000000000998       0x9c platform/libplatform_s.a(exception_info.o)
                0x0000000000000998                store_and_dump_context
 .text.mpu_armv8m_enable
                0x0000000000000a34       0x34 platform/libplatform_s.a(mpu_armv8m_drv.o)
                0x0000000000000a34                mpu_armv8m_enable
 .text.spu_enable_interrupts
                0x0000000000000a68       0x10 platform/libplatform_s.a(spu.o)
                0x0000000000000a68                spu_enable_interrupts
 .text.spu_events_get
                0x0000000000000a78       0x28 platform/libplatform_s.a(spu.o)
                0x0000000000000a78                spu_events_get
 .text.spu_clear_events
                0x0000000000000aa0       0x24 platform/libplatform_s.a(spu.o)
                0x0000000000000aa0                spu_clear_events
 .text.spu_regions_reset_unlocked_secure
                0x0000000000000ac4       0x30 platform/libplatform_s.a(spu.o)
                0x0000000000000ac4                spu_regions_reset_unlocked_secure
 .text.spu_regions_flash_config
                0x0000000000000af4       0x2c platform/libplatform_s.a(spu.o)
                0x0000000000000af4                spu_regions_flash_config
 .text.spu_regions_sram_config
                0x0000000000000b20       0x34 platform/libplatform_s.a(spu.o)
                0x0000000000000b20                spu_regions_sram_config
 .text.spu_regions_flash_config_non_secure_callable
                0x0000000000000b54       0x30 platform/libplatform_s.a(spu.o)
                0x0000000000000b54                spu_regions_flash_config_non_secure_callable
 .text.spu_regions_sram_get_last_address_in_region
                0x0000000000000b84        0xc platform/libplatform_s.a(spu.o)
                0x0000000000000b84                spu_regions_sram_get_last_address_in_region
 .text.spu_peripheral_config_non_secure
                0x0000000000000b90       0x14 platform/libplatform_s.a(spu.o)
                0x0000000000000b90                spu_peripheral_config_non_secure
 .text.nrf_exception_info_store_context
                0x0000000000000ba4       0x10 platform/libplatform_s.a(nrf_exception_info.o)
                0x0000000000000ba4                nrf_exception_info_store_context
 .text.nrf_exception_info_get_context
                0x0000000000000bb4        0xc platform/libplatform_s.a(nrf_exception_info.o)
                0x0000000000000bb4                nrf_exception_info_get_context
 .text.tfm_hal_platform_init
                0x0000000000000bc0       0x30 platform/libplatform_s.a(tfm_hal_platform.o)
                0x0000000000000bc0                tfm_hal_platform_init
 .text.tfm_hal_system_reset
                0x0000000000000bf0       0x28 platform/libplatform_s.a(tfm_hal_reset_halt.o)
                0x0000000000000bf0                tfm_hal_system_reset
 .text.ns_fault_service_set_handler
                0x0000000000000c18       0x14 platform/libplatform_s.a(ns_fault_service.o)
                0x0000000000000c18                ns_fault_service_set_handler
 .text.call_ns_callback
                0x0000000000000c2c       0xe8 platform/libplatform_s.a(ns_fault_service.o)
                0x0000000000000c2c                call_ns_callback
 .text.ns_fault_service_call_handler
                0x0000000000000d14       0x34 platform/libplatform_s.a(ns_fault_service.o)
                0x0000000000000d14                ns_fault_service_call_handler
 .text.tfm_platform_hal_system_reset
                0x0000000000000d48       0x24 platform/libplatform_s.a(tfm_platform_system.o)
                0x0000000000000d48                tfm_platform_hal_system_reset
 .text.tfm_platform_hal_read_service
                0x0000000000000d6c       0x84 platform/libplatform_s.a(tfm_platform_hal_ioctl.o)
                0x0000000000000d6c                tfm_platform_hal_read_service
 .text.nrf91_errata_6
                0x0000000000000df0       0x1e platform/libplatform_s.a(system_nrf91.o)
 .text.nrf91_errata_14
                0x0000000000000e0e       0x24 platform/libplatform_s.a(system_nrf91.o)
 .text.mpu_armv8m_region_enable
                0x0000000000000e32       0x6a platform/libplatform_s.a(mpu_armv8m_drv.o)
                0x0000000000000e32                mpu_armv8m_region_enable
 .text.mpu_armv8m_region_disable
                0x0000000000000e9c       0x14 platform/libplatform_s.a(mpu_armv8m_drv.o)
                0x0000000000000e9c                mpu_armv8m_region_disable
 .text.mpu_armv8m_clean
                0x0000000000000eb0       0x22 platform/libplatform_s.a(mpu_armv8m_drv.o)
                0x0000000000000eb0                mpu_armv8m_clean
 .text.spu_regions_flash_get_base_address_in_region
                0x0000000000000ed2        0x4 platform/libplatform_s.a(spu.o)
                0x0000000000000ed2                spu_regions_flash_get_base_address_in_region
 .text.spu_regions_flash_get_last_address_in_region
                0x0000000000000ed6        0xa platform/libplatform_s.a(spu.o)
                0x0000000000000ed6                spu_regions_flash_get_last_address_in_region
 .text.spu_regions_flash_get_start_id
                0x0000000000000ee0        0x4 platform/libplatform_s.a(spu.o)
                0x0000000000000ee0                spu_regions_flash_get_start_id
 .text.spu_regions_flash_get_last_id
                0x0000000000000ee4        0x4 platform/libplatform_s.a(spu.o)
                0x0000000000000ee4                spu_regions_flash_get_last_id
 .text.spu_regions_flash_get_region_size
                0x0000000000000ee8        0x6 platform/libplatform_s.a(spu.o)
                0x0000000000000ee8                spu_regions_flash_get_region_size
 .text.spu_regions_sram_get_base_address_in_region
                0x0000000000000eee        0xa platform/libplatform_s.a(spu.o)
                0x0000000000000eee                spu_regions_sram_get_base_address_in_region
 .text.spu_regions_sram_get_start_id
                0x0000000000000ef8        0x4 platform/libplatform_s.a(spu.o)
                0x0000000000000ef8                spu_regions_sram_get_start_id
 .text.spu_regions_sram_get_last_id
                0x0000000000000efc        0x4 platform/libplatform_s.a(spu.o)
                0x0000000000000efc                spu_regions_sram_get_last_id
 .text.spu_regions_sram_get_region_size
                0x0000000000000f00        0x6 platform/libplatform_s.a(spu.o)
                0x0000000000000f00                spu_regions_sram_get_region_size
 .text.tfm_plat_otp_init
                0x0000000000000f06        0x4 platform/libplatform_s.a(dummy_otp.o)
                0x0000000000000f06                tfm_plat_otp_init
 .text.tfm_plat_provisioning_is_required
                0x0000000000000f0a        0x4 platform/libplatform_s.a(dummy_provisioning.o)
                0x0000000000000f0a                tfm_plat_provisioning_is_required
 .text.tfm_plat_provisioning_perform
                0x0000000000000f0e        0x4 platform/libplatform_s.a(dummy_provisioning.o)
                0x0000000000000f0e                tfm_plat_provisioning_perform
 .text.tfm_plat_provisioning_check_for_dummy_keys
                0x0000000000000f12        0x2 platform/libplatform_s.a(dummy_provisioning.o)
                0x0000000000000f12                tfm_plat_provisioning_check_for_dummy_keys
 .text.tfm_platform_hal_ioctl
                0x0000000000000f14       0x6e platform/libplatform_s.a(tfm_platform_system.o)
                0x0000000000000f14                tfm_platform_hal_ioctl
 *libtfm_spm*:(SORT_BY_ALIGNMENT(.text*))
 *fill*         0x0000000000000f82        0x2 
 .text.startup.main
                0x0000000000000f84       0x50 secure_fw/spm/libtfm_spm.a(main.o)
                0x0000000000000f84                main
 .text.spm_svc_handler
                0x0000000000000fd4       0x70 secure_fw/spm/libtfm_spm.a(tfm_svcalls.o)
                0x0000000000000fd4                spm_svc_handler
 .text.SVC_Handler
                0x0000000000001044       0x68 secure_fw/spm/libtfm_spm.a(tfm_arch_v8m_main.o)
                0x0000000000001044                SVC_Handler
 .text.tfm_arch_set_secure_exception_priorities
                0x00000000000010ac       0x28 secure_fw/spm/libtfm_spm.a(tfm_arch_v8m_main.o)
                0x00000000000010ac                tfm_arch_set_secure_exception_priorities
 .text.tfm_arch_config_extensions
                0x00000000000010d4       0x4c secure_fw/spm/libtfm_spm.a(tfm_arch_v8m_main.o)
                0x00000000000010d4                tfm_arch_config_extensions
 .text.ns_agent_tz_main
                0x0000000000001120       0x60 secure_fw/spm/libtfm_spm.a(ns_agent_tz_v80m.o)
                0x0000000000001120                ns_agent_tz_main
 .text.mpu_init_cfg
                0x0000000000001180      0x11c secure_fw/spm/libtfm_spm.a(tfm_hal_isolation.o)
                0x0000000000001180                mpu_init_cfg
 .text.enable_fault_handlers
                0x000000000000129c       0x14 secure_fw/spm/libtfm_spm.a(target_cfg.o)
                0x000000000000129c                enable_fault_handlers
 .text.system_reset_cfg
                0x00000000000012b0       0x18 secure_fw/spm/libtfm_spm.a(target_cfg.o)
                0x00000000000012b0                system_reset_cfg
 .text.nvic_interrupt_target_state_cfg
                0x00000000000012c8       0x30 secure_fw/spm/libtfm_spm.a(target_cfg.o)
                0x00000000000012c8                nvic_interrupt_target_state_cfg
 .text.nvic_interrupt_enable
                0x00000000000012f8       0x18 secure_fw/spm/libtfm_spm.a(target_cfg.o)
                0x00000000000012f8                nvic_interrupt_enable
 .text.sau_and_idau_cfg
                0x0000000000001310       0x20 secure_fw/spm/libtfm_spm.a(target_cfg.o)
                0x0000000000001310                sau_and_idau_cfg
 .text.spu_init_cfg
                0x0000000000001330       0x68 secure_fw/spm/libtfm_spm.a(target_cfg.o)
                0x0000000000001330                spu_init_cfg
 .text.spu_periph_init_cfg
                0x0000000000001398       0x4c secure_fw/spm/libtfm_spm.a(target_cfg.o)
                0x0000000000001398                spu_periph_init_cfg
 .text.tfm_core_validate_boot_data
                0x00000000000013e4        0xc secure_fw/spm/libtfm_spm.a(tfm_boot_data.o)
                0x00000000000013e4                tfm_core_validate_boot_data
 .text.tfm_core_get_boot_data_handler
                0x00000000000013f0       0x38 secure_fw/spm/libtfm_spm.a(tfm_boot_data.o)
                0x00000000000013f0                tfm_core_get_boot_data_handler
 .text.arch_acquire_sched_lock
                0x0000000000001428       0x10 secure_fw/spm/libtfm_spm.a(tfm_arch.o)
                0x0000000000001428                arch_acquire_sched_lock
 .text.arch_release_sched_lock
                0x0000000000001438       0x14 secure_fw/spm/libtfm_spm.a(tfm_arch.o)
                0x0000000000001438                arch_release_sched_lock
 .text.arch_attempt_schedule
                0x000000000000144c       0x2c secure_fw/spm/libtfm_spm.a(tfm_arch.o)
                0x000000000000144c                arch_attempt_schedule
 .text.tfm_arch_init_context
                0x0000000000001478       0x5c secure_fw/spm/libtfm_spm.a(tfm_arch.o)
                0x0000000000001478                tfm_arch_init_context
 .text.tfm_spm_get_service_by_sid
                0x00000000000014d4       0x2c secure_fw/spm/libtfm_spm.a(spm_ipc.o)
                0x00000000000014d4                tfm_spm_get_service_by_sid
 .text.tfm_spm_check_authorization
                0x0000000000001500       0x48 secure_fw/spm/libtfm_spm.a(spm_ipc.o)
                0x0000000000001500                tfm_spm_check_authorization
 .text.spm_init_connection
                0x0000000000001548       0x34 secure_fw/spm/libtfm_spm.a(spm_ipc.o)
                0x0000000000001548                spm_init_connection
 .text.tfm_spm_partition_get_running_partition_id
                0x000000000000157c       0x20 secure_fw/spm/libtfm_spm.a(spm_ipc.o)
                0x000000000000157c                tfm_spm_partition_get_running_partition_id
 .text.tfm_spm_is_ns_caller
                0x000000000000159c       0x28 secure_fw/spm/libtfm_spm.a(spm_ipc.o)
                0x000000000000159c                tfm_spm_is_ns_caller
 .text.spm_get_connection
                0x00000000000015c4       0x78 secure_fw/spm/libtfm_spm.a(spm_ipc.o)
                0x00000000000015c4                spm_get_connection
 .text.tfm_spm_init
                0x000000000000163c       0x64 secure_fw/spm/libtfm_spm.a(spm_ipc.o)
                0x000000000000163c                tfm_spm_init
 .text.load_a_partition_assuredly
                0x00000000000016a0       0xd0 secure_fw/spm/libtfm_spm.a(rom_loader.o)
                0x00000000000016a0                load_a_partition_assuredly
 .text.load_services_assuredly
                0x0000000000001770       0xc4 secure_fw/spm/libtfm_spm.a(rom_loader.o)
                0x0000000000001770                load_services_assuredly
 .text.partition_init
                0x0000000000001834       0x1c secure_fw/spm/libtfm_spm.a(backend_ipc.o)
 .text.ns_agent_tz_init
                0x0000000000001850       0x20 secure_fw/spm/libtfm_spm.a(backend_ipc.o)
 .text.backend_init_comp_assuredly
                0x0000000000001870       0xb4 secure_fw/spm/libtfm_spm.a(backend_ipc.o)
                0x0000000000001870                backend_init_comp_assuredly
 .text.backend_system_run
                0x0000000000001924       0x44 secure_fw/spm/libtfm_spm.a(backend_ipc.o)
                0x0000000000001924                backend_system_run
 .text.backend_abi_entering_spm
                0x0000000000001968       0x44 secure_fw/spm/libtfm_spm.a(backend_ipc.o)
                0x0000000000001968                backend_abi_entering_spm
 .text.ipc_schedule
                0x00000000000019ac       0x80 secure_fw/spm/libtfm_spm.a(backend_ipc.o)
                0x00000000000019ac                ipc_schedule
 .text.thrd_set_query_callback
                0x0000000000001a2c        0xc secure_fw/spm/libtfm_spm.a(thread.o)
                0x0000000000001a2c                thrd_set_query_callback
 .text.thrd_next
                0x0000000000001a38       0x4c secure_fw/spm/libtfm_spm.a(thread.o)
                0x0000000000001a38                thrd_next
 .text.thrd_set_state
                0x0000000000001a84       0x28 secure_fw/spm/libtfm_spm.a(thread.o)
                0x0000000000001a84                thrd_set_state
 .text.thrd_start
                0x0000000000001aac       0x44 secure_fw/spm/libtfm_spm.a(thread.o)
                0x0000000000001aac                thrd_start
 .text.tfm_nspm_ctx_init
                0x0000000000001af0       0x18 secure_fw/spm/libtfm_spm.a(tfm_spm_ns_ctx.o)
                0x0000000000001af0                tfm_nspm_ctx_init
 .text.connection_to_handle
                0x0000000000001b08       0x20 secure_fw/spm/libtfm_spm.a(spm_connection_pool.o)
                0x0000000000001b08                connection_to_handle
 .text.handle_to_connection
                0x0000000000001b28       0x10 secure_fw/spm/libtfm_spm.a(spm_connection_pool.o)
                0x0000000000001b28                handle_to_connection
 .text.spm_init_connection_space
                0x0000000000001b38       0x20 secure_fw/spm/libtfm_spm.a(spm_connection_pool.o)
                0x0000000000001b38                spm_init_connection_space
 .text.spm_allocate_connection
                0x0000000000001b58        0xc secure_fw/spm/libtfm_spm.a(spm_connection_pool.o)
                0x0000000000001b58                spm_allocate_connection
 .text.spm_validate_connection
                0x0000000000001b64       0x1c secure_fw/spm/libtfm_spm.a(spm_connection_pool.o)
                0x0000000000001b64                spm_validate_connection
 .text.spm_free_connection
                0x0000000000001b80       0x1c secure_fw/spm/libtfm_spm.a(spm_connection_pool.o)
                0x0000000000001b80                spm_free_connection
 .text.tfm_hal_get_ns_VTOR
                0x0000000000001b9c        0xc secure_fw/spm/libtfm_spm.a(tfm_hal_platform_common.o)
                0x0000000000001b9c                tfm_hal_get_ns_VTOR
 .text.tfm_hal_get_ns_MSP
                0x0000000000001ba8        0xc secure_fw/spm/libtfm_spm.a(tfm_hal_platform_common.o)
                0x0000000000001ba8                tfm_hal_get_ns_MSP
 .text.tfm_hal_get_ns_entry_point
                0x0000000000001bb4        0xc secure_fw/spm/libtfm_spm.a(tfm_hal_platform_common.o)
                0x0000000000001bb4                tfm_hal_get_ns_entry_point
 .text.tfm_spm_partition_psa_wait
                0x0000000000001bc0       0x3c secure_fw/spm/libtfm_spm.a(psa_api.o)
                0x0000000000001bc0                tfm_spm_partition_psa_wait
 .text.tfm_spm_partition_psa_get
                0x0000000000001bfc       0xb0 secure_fw/spm/libtfm_spm.a(psa_api.o)
                0x0000000000001bfc                tfm_spm_partition_psa_get
 .text.spm_associate_call_params
                0x0000000000001cac      0x170 secure_fw/spm/libtfm_spm.a(psa_call_api.o)
                0x0000000000001cac                spm_associate_call_params
 .text.tfm_spm_partition_psa_read
                0x0000000000001e1c       0x74 secure_fw/spm/libtfm_spm.a(psa_read_write_skip_api.o)
                0x0000000000001e1c                tfm_spm_partition_psa_read
 .text.tfm_spm_partition_psa_write
                0x0000000000001e90       0x78 secure_fw/spm/libtfm_spm.a(psa_read_write_skip_api.o)
                0x0000000000001e90                tfm_spm_partition_psa_write
 .text.tfm_core_panic
                0x0000000000001f08        0x4 secure_fw/spm/libtfm_spm.a(utilities.o)
                0x0000000000001f08                tfm_core_panic
 .text.tfm_core_handler_mode
                0x0000000000001f0c        0x4 secure_fw/spm/libtfm_spm.a(tfm_svcalls.o)
                0x0000000000001f0c                tfm_core_handler_mode
 .text.tfm_arch_thread_fn_call
                0x0000000000001f10       0x52 secure_fw/spm/libtfm_spm.a(tfm_arch_v8m_main.o)
                0x0000000000001f10                tfm_arch_thread_fn_call
 .text.PendSV_Handler
                0x0000000000001f62       0x52 secure_fw/spm/libtfm_spm.a(tfm_arch_v8m_main.o)
                0x0000000000001f62                PendSV_Handler
 .text.tfm_arch_clear_fp_data
                0x0000000000001fb4       0x8a secure_fw/spm/libtfm_spm.a(tfm_arch_v8m_main.o)
                0x0000000000001fb4                tfm_arch_clear_fp_data
 .text.tfm_hal_bind_boundary
                0x000000000000203e       0x4c secure_fw/spm/libtfm_spm.a(tfm_hal_isolation.o)
                0x000000000000203e                tfm_hal_bind_boundary
 .text.tfm_hal_activate_boundary
                0x000000000000208a       0x1c secure_fw/spm/libtfm_spm.a(tfm_hal_isolation.o)
                0x000000000000208a                tfm_hal_activate_boundary
 .text.tfm_hal_memory_check
                0x00000000000020a6      0x126 secure_fw/spm/libtfm_spm.a(tfm_hal_isolation.o)
                0x00000000000020a6                tfm_hal_memory_check
 .text.tfm_hal_set_up_static_boundaries
                0x00000000000021cc       0x2a secure_fw/spm/libtfm_spm.a(tfm_hal_isolation.o)
                0x00000000000021cc                tfm_hal_set_up_static_boundaries
 .text.tfm_hal_boundary_need_switch
                0x00000000000021f6       0x1a secure_fw/spm/libtfm_spm.a(tfm_hal_isolation.o)
                0x00000000000021f6                tfm_hal_boundary_need_switch
 .text.SPU_Handler
                0x0000000000002210       0x12 secure_fw/spm/libtfm_spm.a(faults.o)
                0x0000000000002210                SPU_Handler
 .text.SPU_IRQHandler
                0x0000000000002222       0x1c secure_fw/spm/libtfm_spm.a(faults.o)
                0x0000000000002222                SPU_IRQHandler
 .text.init_debug
                0x000000000000223e        0x4 secure_fw/spm/libtfm_spm.a(target_cfg.o)
                0x000000000000223e                init_debug
 .text.tfm_arch_free_msp_and_exc_ret
                0x0000000000002242        0xc secure_fw/spm/libtfm_spm.a(tfm_arch.o)
                0x0000000000002242                tfm_arch_free_msp_and_exc_ret
 .text.tfm_arch_set_context_ret_code
                0x000000000000224e        0x6 secure_fw/spm/libtfm_spm.a(tfm_arch.o)
                0x000000000000224e                tfm_arch_set_context_ret_code
 .text.tfm_arch_refresh_hardware_context
                0x0000000000002254       0x16 secure_fw/spm/libtfm_spm.a(tfm_arch.o)
                0x0000000000002254                tfm_arch_refresh_hardware_context
 .text.spm_get_handle_by_signal
                0x000000000000226a       0x4a secure_fw/spm/libtfm_spm.a(spm_ipc.o)
                0x000000000000226a                spm_get_handle_by_signal
 .text.tfm_spm_check_client_version
                0x00000000000022b4       0x24 secure_fw/spm/libtfm_spm.a(spm_ipc.o)
                0x00000000000022b4                tfm_spm_check_client_version
 .text.spm_msg_handle_to_connection
                0x00000000000022d8       0x28 secure_fw/spm/libtfm_spm.a(spm_ipc.o)
                0x00000000000022d8                spm_msg_handle_to_connection
 .text.tfm_spm_get_client_id
                0x0000000000002300       0x20 secure_fw/spm/libtfm_spm.a(spm_ipc.o)
                0x0000000000002300                tfm_spm_get_client_id
 .text.update_caller_outvec_len
                0x0000000000002320       0x1e secure_fw/spm/libtfm_spm.a(spm_ipc.o)
                0x0000000000002320                update_caller_outvec_len
 .text.load_irqs_assuredly
                0x000000000000233e        0x2 secure_fw/spm/libtfm_spm.a(rom_loader.o)
                0x000000000000233e                load_irqs_assuredly
 .text.query_state
                0x0000000000002340       0x42 secure_fw/spm/libtfm_spm.a(backend_ipc.o)
 .text.backend_wait_signals
                0x0000000000002382       0x20 secure_fw/spm/libtfm_spm.a(backend_ipc.o)
                0x0000000000002382                backend_wait_signals
 .text.backend_assert_signal
                0x00000000000023a2       0x2c secure_fw/spm/libtfm_spm.a(backend_ipc.o)
                0x00000000000023a2                backend_assert_signal
 .text.backend_messaging
                0x00000000000023ce       0x40 secure_fw/spm/libtfm_spm.a(backend_ipc.o)
                0x00000000000023ce                backend_messaging
 .text.backend_replying
                0x000000000000240e        0xa secure_fw/spm/libtfm_spm.a(backend_ipc.o)
                0x000000000000240e                backend_replying
 .text.backend_abi_leaving_spm
                0x0000000000002418       0x1e secure_fw/spm/libtfm_spm.a(backend_ipc.o)
                0x0000000000002418                backend_abi_leaving_spm
 .text.thrd_start_scheduler
                0x0000000000002436       0x1c secure_fw/spm/libtfm_spm.a(thread.o)
                0x0000000000002436                thrd_start_scheduler
 .text.tfm_nspm_get_current_client_id
                0x0000000000002452        0x6 secure_fw/spm/libtfm_spm.a(tfm_spm_ns_ctx.o)
                0x0000000000002452                tfm_nspm_get_current_client_id
 .text.tfm_hal_platform_common_init
                0x0000000000002458       0x32 secure_fw/spm/libtfm_spm.a(tfm_hal_platform_common.o)
                0x0000000000002458                tfm_hal_platform_common_init
 .text.spm_handle_programmer_errors
                0x000000000000248a       0x18 secure_fw/spm/libtfm_spm.a(psa_api.o)
                0x000000000000248a                spm_handle_programmer_errors
 .text.tfm_spm_get_lifecycle_state
                0x00000000000024a2        0x4 secure_fw/spm/libtfm_spm.a(psa_api.o)
                0x00000000000024a2                tfm_spm_get_lifecycle_state
 .text.tfm_spm_partition_psa_reply
                0x00000000000024a6       0x9a secure_fw/spm/libtfm_spm.a(psa_api.o)
                0x00000000000024a6                tfm_spm_partition_psa_reply
 .text.tfm_spm_partition_psa_panic
                0x0000000000002540        0xc secure_fw/spm/libtfm_spm.a(psa_api.o)
                0x0000000000002540                tfm_spm_partition_psa_panic
 .text.tfm_pool_init
                0x000000000000254c       0x5c secure_fw/spm/libtfm_spm.a(tfm_pools.o)
                0x000000000000254c                tfm_pool_init
 .text.tfm_pool_alloc
                0x00000000000025a8       0x16 secure_fw/spm/libtfm_spm.a(tfm_pools.o)
                0x00000000000025a8                tfm_pool_alloc
 .text.tfm_pool_free
                0x00000000000025be        0xc secure_fw/spm/libtfm_spm.a(tfm_pools.o)
                0x00000000000025be                tfm_pool_free
 .text.is_valid_chunk_data_in_pool
                0x00000000000025ca       0x28 secure_fw/spm/libtfm_spm.a(tfm_pools.o)
                0x00000000000025ca                is_valid_chunk_data_in_pool
 .text.tfm_spm_client_psa_call
                0x00000000000025f2       0x4e secure_fw/spm/libtfm_spm.a(psa_call_api.o)
                0x00000000000025f2                tfm_spm_client_psa_call
 .text.tfm_spm_client_psa_framework_version
                0x0000000000002640        0x6 secure_fw/spm/libtfm_spm.a(psa_version_api.o)
                0x0000000000002640                tfm_spm_client_psa_framework_version
 .text.tfm_spm_client_psa_version
                0x0000000000002646       0x2c secure_fw/spm/libtfm_spm.a(psa_version_api.o)
                0x0000000000002646                tfm_spm_client_psa_version
 .text.tfm_spm_partition_psa_skip
                0x0000000000002672       0x3c secure_fw/spm/libtfm_spm.a(psa_read_write_skip_api.o)
                0x0000000000002672                tfm_spm_partition_psa_skip
 *libplatform_s*:*(.rodata*)
 .rodata.CSWTCH.17
                0x00000000000026ae        0x3 platform/libplatform_s.a(system_nrf91.o)
 *libtfm_spm*:*(.rodata*)
 .rodata.target_peripherals.0
                0x00000000000026b1       0x1e secure_fw/spm/libtfm_spm.a(target_cfg.o)
 *fill*         0x00000000000026cf        0x1 
 .rodata.memory_regions
                0x00000000000026d0       0x14 secure_fw/spm/libtfm_spm.a(target_cfg.o)
                0x00000000000026d0                memory_regions
 .rodata.serv_pool_ea
                0x00000000000026e4        0x4 secure_fw/spm/libtfm_spm.a(rom_loader.o)
 .rodata.part_pool_ea
                0x00000000000026e8        0x4 secure_fw/spm/libtfm_spm.a(rom_loader.o)
 .rodata.ldinf_ea
                0x00000000000026ec        0x4 secure_fw/spm/libtfm_spm.a(rom_loader.o)

.TFM_UNPRIV_CODE
                0x0000000000002700     0x28c0
 *(SFN)
 SFN            0x0000000000002700       0x8c secure_fw/CMakeFiles/tfm_s.dir/partitions/ns_agent_tz/psa_api_veneers_v80m.o
                0x0000000000002700                __acle_se_tfm_psa_framework_version_veneer
                0x000000000000271e                __acle_se_tfm_psa_version_veneer
                0x000000000000273c                __acle_se_tfm_psa_call_veneer
                0x0000000000002764                __acle_se_tfm_psa_connect_veneer
                0x0000000000002776                __acle_se_tfm_psa_close_veneer
 *(SORT_BY_ALIGNMENT(.text*))
 .text          0x000000000000278c       0x88 /home/jet_mouse/ncs/toolchains/e9dba88316/opt/zephyr-sdk/arm-zephyr-eabi/bin/../lib/gcc/arm-zephyr-eabi/12.2.0/thumb/v8-m.main+fp/hard/crtbegin.o
 .text          0x0000000000002814       0x7c /home/jet_mouse/ncs/toolchains/e9dba88316/opt/zephyr-sdk/arm-zephyr-eabi/bin/../lib/gcc/arm-zephyr-eabi/12.2.0/../../../../arm-zephyr-eabi/lib/thumb/v8-m.main+fp/hard/crt0.o
                0x0000000000002814                _stack_init
                0x000000000000281c                _mainCRTStartup
                0x000000000000281c                _start
 .text.psa_framework_version
                0x0000000000002890       0x10 secure_fw/partitions/lib/runtime/libtfm_sprt.a(psa_api_ipc.o)
                0x0000000000002890                psa_framework_version
 .text.psa_version
                0x00000000000028a0       0x10 secure_fw/partitions/lib/runtime/libtfm_sprt.a(psa_api_ipc.o)
                0x00000000000028a0                psa_version
 .text.tfm_psa_call_pack
                0x00000000000028b0       0x18 secure_fw/partitions/lib/runtime/libtfm_sprt.a(psa_api_ipc.o)
                0x00000000000028b0                tfm_psa_call_pack
 .text.psa_wait
                0x00000000000028c8       0x10 secure_fw/partitions/lib/runtime/libtfm_sprt.a(psa_api_ipc.o)
                0x00000000000028c8                psa_wait
 .text.psa_get  0x00000000000028d8       0x10 secure_fw/partitions/lib/runtime/libtfm_sprt.a(psa_api_ipc.o)
                0x00000000000028d8                psa_get
 .text.psa_read
                0x00000000000028e8       0x18 secure_fw/partitions/lib/runtime/libtfm_sprt.a(psa_api_ipc.o)
                0x00000000000028e8                psa_read
 .text.psa_write
                0x0000000000002900       0x18 secure_fw/partitions/lib/runtime/libtfm_sprt.a(psa_api_ipc.o)
                0x0000000000002900                psa_write
 .text.psa_reply
                0x0000000000002918       0x10 secure_fw/partitions/lib/runtime/libtfm_sprt.a(psa_api_ipc.o)
                0x0000000000002918                psa_reply
 .text.psa_panic
                0x0000000000002928       0x10 secure_fw/partitions/lib/runtime/libtfm_sprt.a(psa_api_ipc.o)
                0x0000000000002928                psa_panic
 .text.verify_header
                0x0000000000002938       0x40 secure_fw/partitions/crypto/mbedcrypto/nrf_security_src/libcrypto_service_mbedcrypto.a(memory_buffer_alloc.o)
 .text.verify_chain
                0x0000000000002978       0x3c secure_fw/partitions/crypto/mbedcrypto/nrf_security_src/libcrypto_service_mbedcrypto.a(memory_buffer_alloc.o)
 .text.buffer_alloc_calloc
                0x00000000000029b4       0xf4 secure_fw/partitions/crypto/mbedcrypto/nrf_security_src/libcrypto_service_mbedcrypto.a(memory_buffer_alloc.o)
 .text.buffer_alloc_free
                0x0000000000002aa8       0xe8 secure_fw/partitions/crypto/mbedcrypto/nrf_security_src/libcrypto_service_mbedcrypto.a(memory_buffer_alloc.o)
 .text.mbedtls_memory_buffer_alloc_init
                0x0000000000002b90       0x64 secure_fw/partitions/crypto/mbedcrypto/nrf_security_src/libcrypto_service_mbedcrypto.a(memory_buffer_alloc.o)
                0x0000000000002b90                mbedtls_memory_buffer_alloc_init
 .text.mbedtls_free
                0x0000000000002bf4        0xc secure_fw/partitions/crypto/mbedcrypto/nrf_security_src/libcrypto_service_mbedcrypto.a(platform.o)
                0x0000000000002bf4                mbedtls_free
 .text.mbedtls_platform_set_calloc_free
                0x0000000000002c00       0x14 secure_fw/partitions/crypto/mbedcrypto/nrf_security_src/libcrypto_service_mbedcrypto.a(platform.o)
                0x0000000000002c00                mbedtls_platform_set_calloc_free
 .text.mbedtls_platform_zeroize
                0x0000000000002c14       0x18 secure_fw/partitions/crypto/mbedcrypto/nrf_security_src/libcrypto_service_mbedcrypto.a(platform_util.o)
                0x0000000000002c14                mbedtls_platform_zeroize
 .text.mbedcrypto__psa_generate_random
                0x0000000000002c2c       0x1c secure_fw/partitions/crypto/mbedcrypto/nrf_security_src/libcrypto_service_mbedcrypto.a(psa_crypto.o)
                0x0000000000002c2c                mbedcrypto__psa_generate_random
 .text.mbedtls_psa_crypto_free
                0x0000000000002c48       0x24 secure_fw/partitions/crypto/mbedcrypto/nrf_security_src/libcrypto_service_mbedcrypto.a(psa_crypto.o)
                0x0000000000002c48                mbedtls_psa_crypto_free
 .text.mbedcrypto__psa_crypto_init
                0x0000000000002c6c       0x38 secure_fw/partitions/crypto/mbedcrypto/nrf_security_src/libcrypto_service_mbedcrypto.a(psa_crypto.o)
                0x0000000000002c6c                mbedcrypto__psa_crypto_init
 .text.psa_initialize_key_slots
                0x0000000000002ca4       0x10 secure_fw/partitions/crypto/mbedcrypto/nrf_security_src/libcrypto_service_mbedcrypto.a(psa_crypto_slot_management.o)
                0x0000000000002ca4                psa_initialize_key_slots
 .text.psa_wipe_all_key_slots
                0x0000000000002cb4       0x24 secure_fw/partitions/crypto/mbedcrypto/nrf_security_src/libcrypto_service_mbedcrypto.a(psa_crypto_slot_management.o)
                0x0000000000002cb4                psa_wipe_all_key_slots
 .text.common_sfn_thread
                0x0000000000002cd8       0x88 secure_fw/partitions/lib/runtime/libtfm_sprt.a(sfn_common_thread.o)
                0x0000000000002cd8                common_sfn_thread
 .text.nrf_cc3xx_platform_init_hmac_drbg
                0x0000000000002d60       0x44 /home/jet_mouse/ncs/v2.6.1/nrfxlib/crypto/nrf_cc310_platform/lib/cortex-m33/hard-float/no-interrupts/libnrf_cc310_platform_0.9.19.a(nrf_cc3xx_platform.c.obj)
                0x0000000000002d60                nrf_cc3xx_platform_init_hmac_drbg
 .text.nrf_cc3xx_platform_hmac_drbg_init
                0x0000000000002da4       0x60 /home/jet_mouse/ncs/v2.6.1/nrfxlib/crypto/nrf_cc310_platform/lib/cortex-m33/hard-float/no-interrupts/libnrf_cc310_platform_0.9.19.a(nrf_cc3xx_platform_hmac_drbg.c.obj)
                0x0000000000002da4                nrf_cc3xx_platform_hmac_drbg_init
 .text.nrf_cc3xx_platform_hmac_drbg_get
                0x0000000000002e04       0x44 /home/jet_mouse/ncs/v2.6.1/nrfxlib/crypto/nrf_cc310_platform/lib/cortex-m33/hard-float/no-interrupts/libnrf_cc310_platform_0.9.19.a(nrf_cc3xx_platform_hmac_drbg.c.obj)
                0x0000000000002e04                nrf_cc3xx_platform_hmac_drbg_get
 .text.mbedtls_zeroize_internal
                0x0000000000002e48       0x14 /home/jet_mouse/ncs/v2.6.1/nrfxlib/crypto/nrf_cc310_platform/lib/cortex-m33/hard-float/no-interrupts/libnrf_cc310_platform_0.9.19.a(mbedtls_common.c.obj)
                0x0000000000002e48                mbedtls_zeroize_internal
 .text.cc_mbedtls_platform_zeroize
                0x0000000000002e5c       0x14 /home/jet_mouse/ncs/v2.6.1/nrfxlib/crypto/nrf_cc310_platform/lib/cortex-m33/hard-float/no-interrupts/libnrf_cc310_platform_0.9.19.a(mbedtls_common.c.obj)
                0x0000000000002e5c                cc_mbedtls_platform_zeroize
 .text.entropy_update
                0x0000000000002e70       0x7c /home/jet_mouse/ncs/v2.6.1/nrfxlib/crypto/nrf_cc310_platform/lib/cortex-m33/hard-float/no-interrupts/libnrf_cc310_platform_0.9.19.a(custom_entropy.c.obj)
 .text.entropy_gather_internal.part.0
                0x0000000000002eec       0x88 /home/jet_mouse/ncs/v2.6.1/nrfxlib/crypto/nrf_cc310_platform/lib/cortex-m33/hard-float/no-interrupts/libnrf_cc310_platform_0.9.19.a(custom_entropy.c.obj)
 .text.cc_mbedtls_entropy_init
                0x0000000000002f74       0x84 /home/jet_mouse/ncs/v2.6.1/nrfxlib/crypto/nrf_cc310_platform/lib/cortex-m33/hard-float/no-interrupts/libnrf_cc310_platform_0.9.19.a(custom_entropy.c.obj)
                0x0000000000002f74                cc_mbedtls_entropy_init
 .text.cc_mbedtls_entropy_func
                0x0000000000002ff8      0x110 /home/jet_mouse/ncs/v2.6.1/nrfxlib/crypto/nrf_cc310_platform/lib/cortex-m33/hard-float/no-interrupts/libnrf_cc310_platform_0.9.19.a(custom_entropy.c.obj)
                0x0000000000002ff8                cc_mbedtls_entropy_func
 .text.cc_hmac_sha256_starts.constprop.0
                0x0000000000003108      0x108 /home/jet_mouse/ncs/v2.6.1/nrfxlib/crypto/nrf_cc310_platform/lib/cortex-m33/hard-float/no-interrupts/libnrf_cc310_platform_0.9.19.a(hmac_drbg_alt.c.obj)
 .text.cc_mbedtls_hmac_drbg_init
                0x0000000000003210       0x28 /home/jet_mouse/ncs/v2.6.1/nrfxlib/crypto/nrf_cc310_platform/lib/cortex-m33/hard-float/no-interrupts/libnrf_cc310_platform_0.9.19.a(hmac_drbg_alt.c.obj)
                0x0000000000003210                cc_mbedtls_hmac_drbg_init
 .text.cc_mbedtls_hmac_drbg_update
                0x0000000000003238      0x170 /home/jet_mouse/ncs/v2.6.1/nrfxlib/crypto/nrf_cc310_platform/lib/cortex-m33/hard-float/no-interrupts/libnrf_cc310_platform_0.9.19.a(hmac_drbg_alt.c.obj)
                0x0000000000003238                cc_mbedtls_hmac_drbg_update
 .text.cc_hmac_drbg_reseed_core
                0x00000000000033a8       0xac /home/jet_mouse/ncs/v2.6.1/nrfxlib/crypto/nrf_cc310_platform/lib/cortex-m33/hard-float/no-interrupts/libnrf_cc310_platform_0.9.19.a(hmac_drbg_alt.c.obj)
 .text.cc_mbedtls_hmac_drbg_seed
                0x0000000000003454       0x54 /home/jet_mouse/ncs/v2.6.1/nrfxlib/crypto/nrf_cc310_platform/lib/cortex-m33/hard-float/no-interrupts/libnrf_cc310_platform_0.9.19.a(hmac_drbg_alt.c.obj)
                0x0000000000003454                cc_mbedtls_hmac_drbg_seed
 .text.cc_mbedtls_hmac_drbg_random_with_add
                0x00000000000034a8      0x144 /home/jet_mouse/ncs/v2.6.1/nrfxlib/crypto/nrf_cc310_platform/lib/cortex-m33/hard-float/no-interrupts/libnrf_cc310_platform_0.9.19.a(hmac_drbg_alt.c.obj)
                0x00000000000034a8                cc_mbedtls_hmac_drbg_random_with_add
 .text.RndStartupTest.constprop.0
                0x00000000000035ec       0x98 /home/jet_mouse/ncs/v2.6.1/nrfxlib/crypto/nrf_cc310_platform/lib/cortex-m33/hard-float/no-interrupts/libnrf_cc310_platform_0.9.19.a(cc_lib.c.obj)
 .text.CC_LibInit_HMAC_DRBG
                0x0000000000003684       0xc0 /home/jet_mouse/ncs/v2.6.1/nrfxlib/crypto/nrf_cc310_platform/lib/cortex-m33/hard-float/no-interrupts/libnrf_cc310_platform_0.9.19.a(cc_lib.c.obj)
                0x0000000000003684                CC_LibInit_HMAC_DRBG
 .text.CC_HalInit
                0x0000000000003744        0x4 /home/jet_mouse/ncs/v2.6.1/nrfxlib/crypto/nrf_cc310_platform/lib/cortex-m33/hard-float/no-interrupts/libnrf_cc310_platform_0.9.19.a(cc_hal.c.obj)
                0x0000000000003744                CC_HalInit
 .text.CC_HalTerminate
                0x0000000000003748        0x4 /home/jet_mouse/ncs/v2.6.1/nrfxlib/crypto/nrf_cc310_platform/lib/cortex-m33/hard-float/no-interrupts/libnrf_cc310_platform_0.9.19.a(cc_hal.c.obj)
                0x0000000000003748                CC_HalTerminate
 .text.CC_HalClearInterruptBit
                0x000000000000374c       0x1c /home/jet_mouse/ncs/v2.6.1/nrfxlib/crypto/nrf_cc310_platform/lib/cortex-m33/hard-float/no-interrupts/libnrf_cc310_platform_0.9.19.a(cc_hal.c.obj)
                0x000000000000374c                CC_HalClearInterruptBit
 .text.CC_HalMaskInterrupt
                0x0000000000003768        0xc /home/jet_mouse/ncs/v2.6.1/nrfxlib/crypto/nrf_cc310_platform/lib/cortex-m33/hard-float/no-interrupts/libnrf_cc310_platform_0.9.19.a(cc_hal.c.obj)
                0x0000000000003768                CC_HalMaskInterrupt
 .text.CC_HalWaitInterrupt
                0x0000000000003774        0xc /home/jet_mouse/ncs/v2.6.1/nrfxlib/crypto/nrf_cc310_platform/lib/cortex-m33/hard-float/no-interrupts/libnrf_cc310_platform_0.9.19.a(cc_hal.c.obj)
                0x0000000000003774                CC_HalWaitInterrupt
 .text.CC_HalWaitInterruptRND
                0x0000000000003780        0xc /home/jet_mouse/ncs/v2.6.1/nrfxlib/crypto/nrf_cc310_platform/lib/cortex-m33/hard-float/no-interrupts/libnrf_cc310_platform_0.9.19.a(cc_hal.c.obj)
                0x0000000000003780                CC_HalWaitInterruptRND
 .text.CC_PalInit
                0x000000000000378c       0x5c /home/jet_mouse/ncs/v2.6.1/nrfxlib/crypto/nrf_cc310_platform/lib/cortex-m33/hard-float/no-interrupts/libnrf_cc310_platform_0.9.19.a(cc_pal.c.obj)
                0x000000000000378c                CC_PalInit
 .text.CC_PalTerminate
                0x00000000000037e8       0x34 /home/jet_mouse/ncs/v2.6.1/nrfxlib/crypto/nrf_cc310_platform/lib/cortex-m33/hard-float/no-interrupts/libnrf_cc310_platform_0.9.19.a(cc_pal.c.obj)
                0x00000000000037e8                CC_PalTerminate
 .text.CC_PalDmaInit
                0x000000000000381c        0x4 /home/jet_mouse/ncs/v2.6.1/nrfxlib/crypto/nrf_cc310_platform/lib/cortex-m33/hard-float/no-interrupts/libnrf_cc310_platform_0.9.19.a(cc_pal_dma.c.obj)
                0x000000000000381c                CC_PalDmaInit
 .text.CC_PalDmaTerminate
                0x0000000000003820        0x4 /home/jet_mouse/ncs/v2.6.1/nrfxlib/crypto/nrf_cc310_platform/lib/cortex-m33/hard-float/no-interrupts/libnrf_cc310_platform_0.9.19.a(cc_pal_dma.c.obj)
                0x0000000000003820                CC_PalDmaTerminate
 .text.CC_PalWaitInterruptRND
                0x0000000000003824       0x2c /home/jet_mouse/ncs/v2.6.1/nrfxlib/crypto/nrf_cc310_platform/lib/cortex-m33/hard-float/no-interrupts/libnrf_cc310_platform_0.9.19.a(cc_pal_interrupt_ctrl.c.obj)
                0x0000000000003824                CC_PalWaitInterruptRND
 .text.CC_PalWaitInterrupt
                0x0000000000003850       0x18 /home/jet_mouse/ncs/v2.6.1/nrfxlib/crypto/nrf_cc310_platform/lib/cortex-m33/hard-float/no-interrupts/libnrf_cc310_platform_0.9.19.a(cc_pal_interrupt_ctrl.c.obj)
                0x0000000000003850                CC_PalWaitInterrupt
 .text.CC_PalMemCopyPlat
                0x0000000000003868        0x4 /home/jet_mouse/ncs/v2.6.1/nrfxlib/crypto/nrf_cc310_platform/lib/cortex-m33/hard-float/no-interrupts/libnrf_cc310_platform_0.9.19.a(cc_pal_mem.c.obj)
                0x0000000000003868                CC_PalMemCopyPlat
 .text.CC_PalMemSetZeroPlat
                0x000000000000386c        0x8 /home/jet_mouse/ncs/v2.6.1/nrfxlib/crypto/nrf_cc310_platform/lib/cortex-m33/hard-float/no-interrupts/libnrf_cc310_platform_0.9.19.a(cc_pal_mem.c.obj)
                0x000000000000386c                CC_PalMemSetZeroPlat
 .text.CC_PalMutexCreate
                0x0000000000003874       0x14 /home/jet_mouse/ncs/v2.6.1/nrfxlib/crypto/nrf_cc310_platform/lib/cortex-m33/hard-float/no-interrupts/libnrf_cc310_platform_0.9.19.a(cc_pal_mutex.c.obj)
                0x0000000000003874                CC_PalMutexCreate
 .text.CC_PalMutexDestroy
                0x0000000000003888       0x14 /home/jet_mouse/ncs/v2.6.1/nrfxlib/crypto/nrf_cc310_platform/lib/cortex-m33/hard-float/no-interrupts/libnrf_cc310_platform_0.9.19.a(cc_pal_mutex.c.obj)
                0x0000000000003888                CC_PalMutexDestroy
 .text.CC_PalMutexLock
                0x000000000000389c       0x10 /home/jet_mouse/ncs/v2.6.1/nrfxlib/crypto/nrf_cc310_platform/lib/cortex-m33/hard-float/no-interrupts/libnrf_cc310_platform_0.9.19.a(cc_pal_mutex.c.obj)
                0x000000000000389c                CC_PalMutexLock
 .text.CC_PalMutexUnlock
                0x00000000000038ac       0x14 /home/jet_mouse/ncs/v2.6.1/nrfxlib/crypto/nrf_cc310_platform/lib/cortex-m33/hard-float/no-interrupts/libnrf_cc310_platform_0.9.19.a(cc_pal_mutex.c.obj)
                0x00000000000038ac                CC_PalMutexUnlock
 .text.CC_PalPowerSaveModeInit
                0x00000000000038c0       0x3c /home/jet_mouse/ncs/v2.6.1/nrfxlib/crypto/nrf_cc310_platform/lib/cortex-m33/hard-float/no-interrupts/libnrf_cc310_platform_0.9.19.a(cc_pal_pm.c.obj)
                0x00000000000038c0                CC_PalPowerSaveModeInit
 .text.CC_PalPowerSaveModeSelect
                0x00000000000038fc       0x84 /home/jet_mouse/ncs/v2.6.1/nrfxlib/crypto/nrf_cc310_platform/lib/cortex-m33/hard-float/no-interrupts/libnrf_cc310_platform_0.9.19.a(cc_pal_pm.c.obj)
                0x00000000000038fc                CC_PalPowerSaveModeSelect
 .text.mutex_init
                0x0000000000003980        0xc /home/jet_mouse/ncs/v2.6.1/nrfxlib/crypto/nrf_cc310_platform/lib/cortex-m33/hard-float/no-interrupts/libnrf_cc310_platform_0.9.19.a(threading_alt.c.obj)
                0x0000000000003980                mutex_init
 .text.mutex_lock
                0x000000000000398c        0xc /home/jet_mouse/ncs/v2.6.1/nrfxlib/crypto/nrf_cc310_platform/lib/cortex-m33/hard-float/no-interrupts/libnrf_cc310_platform_0.9.19.a(threading_alt.c.obj)
                0x000000000000398c                mutex_lock
 .text.mutex_unlock
                0x0000000000003998        0xc /home/jet_mouse/ncs/v2.6.1/nrfxlib/crypto/nrf_cc310_platform/lib/cortex-m33/hard-float/no-interrupts/libnrf_cc310_platform_0.9.19.a(threading_alt.c.obj)
                0x0000000000003998                mutex_unlock
 .text.nrf_cc3xx_platform_abort
                0x00000000000039a4       0x24 /home/jet_mouse/ncs/v2.6.1/nrfxlib/crypto/nrf_cc310_platform/lib/cortex-m33/hard-float/no-interrupts/libnrf_cc310_platform_0.9.19.a(nrf_cc3xx_platform_abort.c.obj)
 .text.CC_PalAbort
                0x00000000000039c8       0x34 /home/jet_mouse/ncs/v2.6.1/nrfxlib/crypto/nrf_cc310_platform/lib/cortex-m33/hard-float/no-interrupts/libnrf_cc310_platform_0.9.19.a(nrf_cc3xx_platform_abort.c.obj)
                0x00000000000039c8                CC_PalAbort
 .text.mutex_free
                0x00000000000039fc       0x34 /home/jet_mouse/ncs/v2.6.1/nrfxlib/crypto/nrf_cc310_platform/lib/cortex-m33/hard-float/no-interrupts/libnrf_cc310_platform_0.9.19.a(nrf_cc3xx_platform_mutex.c.obj)
 .text.mutex_lock
                0x0000000000003a30       0x48 /home/jet_mouse/ncs/v2.6.1/nrfxlib/crypto/nrf_cc310_platform/lib/cortex-m33/hard-float/no-interrupts/libnrf_cc310_platform_0.9.19.a(nrf_cc3xx_platform_mutex.c.obj)
 .text.mutex_unlock
                0x0000000000003a78       0x38 /home/jet_mouse/ncs/v2.6.1/nrfxlib/crypto/nrf_cc310_platform/lib/cortex-m33/hard-float/no-interrupts/libnrf_cc310_platform_0.9.19.a(nrf_cc3xx_platform_mutex.c.obj)
 .text.mutex_init
                0x0000000000003ab0       0x20 /home/jet_mouse/ncs/v2.6.1/nrfxlib/crypto/nrf_cc310_platform/lib/cortex-m33/hard-float/no-interrupts/libnrf_cc310_platform_0.9.19.a(nrf_cc3xx_platform_mutex.c.obj)
 .text.startTrngHW
                0x0000000000003ad0      0x140 /home/jet_mouse/ncs/v2.6.1/nrfxlib/crypto/nrf_cc310_platform/lib/cortex-m33/hard-float/no-interrupts/libnrf_cc310_platform_0.9.19.a(llf_rnd_trng90b.c.obj)
 .text.LLF_RND_RepetitionCounterTest
                0x0000000000003c10       0x64 /home/jet_mouse/ncs/v2.6.1/nrfxlib/crypto/nrf_cc310_platform/lib/cortex-m33/hard-float/no-interrupts/libnrf_cc310_platform_0.9.19.a(llf_rnd_trng90b.c.obj)
                0x0000000000003c10                LLF_RND_RepetitionCounterTest
 .text.LLF_RND_AdaptiveProportionTest
                0x0000000000003c74       0x80 /home/jet_mouse/ncs/v2.6.1/nrfxlib/crypto/nrf_cc310_platform/lib/cortex-m33/hard-float/no-interrupts/libnrf_cc310_platform_0.9.19.a(llf_rnd_trng90b.c.obj)
                0x0000000000003c74                LLF_RND_AdaptiveProportionTest
 .text.getTrngSource
                0x0000000000003cf4      0x2b4 /home/jet_mouse/ncs/v2.6.1/nrfxlib/crypto/nrf_cc310_platform/lib/cortex-m33/hard-float/no-interrupts/libnrf_cc310_platform_0.9.19.a(llf_rnd_trng90b.c.obj)
 .text.LLF_RND_GetTrngSource
                0x0000000000003fa8       0x18 /home/jet_mouse/ncs/v2.6.1/nrfxlib/crypto/nrf_cc310_platform/lib/cortex-m33/hard-float/no-interrupts/libnrf_cc310_platform_0.9.19.a(llf_rnd_trng90b.c.obj)
                0x0000000000003fa8                LLF_RND_GetTrngSource
 .text.LLF_RND_RunTrngStartupTest
                0x0000000000003fc0       0x1c /home/jet_mouse/ncs/v2.6.1/nrfxlib/crypto/nrf_cc310_platform/lib/cortex-m33/hard-float/no-interrupts/libnrf_cc310_platform_0.9.19.a(llf_rnd_trng90b.c.obj)
                0x0000000000003fc0                LLF_RND_RunTrngStartupTest
 .text.mbedtls_hardware_poll
                0x0000000000003fdc       0xfc /home/jet_mouse/ncs/v2.6.1/nrfxlib/crypto/nrf_cc310_platform/lib/cortex-m33/hard-float/no-interrupts/libnrf_cc310_platform_0.9.19.a(trng_api.c.obj)
                0x0000000000003fdc                mbedtls_hardware_poll
 .text.cc_mbedtls_sha256_init
                0x00000000000040d8       0x28 /home/jet_mouse/ncs/v2.6.1/nrfxlib/crypto/nrf_cc310_platform/lib/cortex-m33/hard-float/no-interrupts/libnrf_cc310_platform_0.9.19.a(sha256_alt.c.obj)
                0x00000000000040d8                cc_mbedtls_sha256_init
 .text.cc_mbedtls_sha256_free
                0x0000000000004100        0xc /home/jet_mouse/ncs/v2.6.1/nrfxlib/crypto/nrf_cc310_platform/lib/cortex-m33/hard-float/no-interrupts/libnrf_cc310_platform_0.9.19.a(sha256_alt.c.obj)
                0x0000000000004100                cc_mbedtls_sha256_free
 .text.cc_mbedtls_sha256_starts
                0x000000000000410c       0x28 /home/jet_mouse/ncs/v2.6.1/nrfxlib/crypto/nrf_cc310_platform/lib/cortex-m33/hard-float/no-interrupts/libnrf_cc310_platform_0.9.19.a(sha256_alt.c.obj)
                0x000000000000410c                cc_mbedtls_sha256_starts
 .text.cc_mbedtls_sha256_update
                0x0000000000004134       0x54 /home/jet_mouse/ncs/v2.6.1/nrfxlib/crypto/nrf_cc310_platform/lib/cortex-m33/hard-float/no-interrupts/libnrf_cc310_platform_0.9.19.a(sha256_alt.c.obj)
                0x0000000000004134                cc_mbedtls_sha256_update
 .text.cc_mbedtls_sha256_finish
                0x0000000000004188       0x48 /home/jet_mouse/ncs/v2.6.1/nrfxlib/crypto/nrf_cc310_platform/lib/cortex-m33/hard-float/no-interrupts/libnrf_cc310_platform_0.9.19.a(sha256_alt.c.obj)
                0x0000000000004188                cc_mbedtls_sha256_finish
 .text.mbedtls_sha_starts_internal
                0x00000000000041d0       0x28 /home/jet_mouse/ncs/v2.6.1/nrfxlib/crypto/nrf_cc310_platform/lib/cortex-m33/hard-float/no-interrupts/libnrf_cc310_platform_0.9.19.a(mbedtls_hash_common.c.obj)
                0x00000000000041d0                mbedtls_sha_starts_internal
 .text.mbedtls_sha_finish_internal
                0x00000000000041f8       0x5c /home/jet_mouse/ncs/v2.6.1/nrfxlib/crypto/nrf_cc310_platform/lib/cortex-m33/hard-float/no-interrupts/libnrf_cc310_platform_0.9.19.a(mbedtls_hash_common.c.obj)
                0x00000000000041f8                mbedtls_sha_finish_internal
 .text.mbedtls_sha_update_internal
                0x0000000000004254      0x1ec /home/jet_mouse/ncs/v2.6.1/nrfxlib/crypto/nrf_cc310_platform/lib/cortex-m33/hard-float/no-interrupts/libnrf_cc310_platform_0.9.19.a(mbedtls_hash_common.c.obj)
                0x0000000000004254                mbedtls_sha_update_internal
 .text.cc_mbedtls_sha256
                0x0000000000004440       0x50 /home/jet_mouse/ncs/v2.6.1/nrfxlib/crypto/nrf_cc310_platform/lib/cortex-m33/hard-float/no-interrupts/libnrf_cc310_platform_0.9.19.a(sha256.c.obj)
                0x0000000000004440                cc_mbedtls_sha256
 .text.RNG_PLAT_SetUserRngParameters
                0x0000000000004490       0x74 /home/jet_mouse/ncs/v2.6.1/nrfxlib/crypto/nrf_cc310_platform/lib/cortex-m33/hard-float/no-interrupts/libnrf_cc310_platform_0.9.19.a(cc_rng_plat.c.obj)
                0x0000000000004490                RNG_PLAT_SetUserRngParameters
 .text.CC_PalTrngParamGet
                0x0000000000004504      0x114 /home/jet_mouse/ncs/v2.6.1/nrfxlib/crypto/nrf_cc310_platform/lib/cortex-m33/hard-float/no-interrupts/libnrf_cc310_platform_0.9.19.a(cc_pal_trng.c.obj)
                0x0000000000004504                CC_PalTrngParamGet
 .text.LLF_RND_WaitRngInterrupt
                0x0000000000004618       0x20 /home/jet_mouse/ncs/v2.6.1/nrfxlib/crypto/nrf_cc310_platform/lib/cortex-m33/hard-float/no-interrupts/libnrf_cc310_platform_0.9.19.a(llf_rnd.c.obj)
                0x0000000000004618                LLF_RND_WaitRngInterrupt
 .text.LLF_RND_GetRoscSampleCnt
                0x0000000000004638       0x34 /home/jet_mouse/ncs/v2.6.1/nrfxlib/crypto/nrf_cc310_platform/lib/cortex-m33/hard-float/no-interrupts/libnrf_cc310_platform_0.9.19.a(llf_rnd.c.obj)
                0x0000000000004638                LLF_RND_GetRoscSampleCnt
 .text.LLF_RND_GetFastestRosc
                0x000000000000466c       0x20 /home/jet_mouse/ncs/v2.6.1/nrfxlib/crypto/nrf_cc310_platform/lib/cortex-m33/hard-float/no-interrupts/libnrf_cc310_platform_0.9.19.a(llf_rnd.c.obj)
                0x000000000000466c                LLF_RND_GetFastestRosc
 .text.LLF_RND_TurnOffTrng
                0x000000000000468c       0x18 /home/jet_mouse/ncs/v2.6.1/nrfxlib/crypto/nrf_cc310_platform/lib/cortex-m33/hard-float/no-interrupts/libnrf_cc310_platform_0.9.19.a(llf_rnd.c.obj)
                0x000000000000468c                LLF_RND_TurnOffTrng
 .text.SetDataBuffersInfo
                0x00000000000046a4       0x68 /home/jet_mouse/ncs/v2.6.1/nrfxlib/crypto/nrf_cc310_platform/lib/cortex-m33/hard-float/no-interrupts/libnrf_cc310_platform_0.9.19.a(driver_common.c.obj)
                0x00000000000046a4                SetDataBuffersInfo
 .text.InitHashDrv
                0x000000000000470c       0x50 /home/jet_mouse/ncs/v2.6.1/nrfxlib/crypto/nrf_cc310_platform/lib/cortex-m33/hard-float/no-interrupts/libnrf_cc310_platform_0.9.19.a(hash_driver.c.obj)
                0x000000000000470c                InitHashDrv
 .text.ProcessHashDrv
                0x000000000000475c      0x22c /home/jet_mouse/ncs/v2.6.1/nrfxlib/crypto/nrf_cc310_platform/lib/cortex-m33/hard-float/no-interrupts/libnrf_cc310_platform_0.9.19.a(hash_driver.c.obj)
                0x000000000000475c                ProcessHashDrv
 .text.FinishHashDrv
                0x0000000000004988       0x74 /home/jet_mouse/ncs/v2.6.1/nrfxlib/crypto/nrf_cc310_platform/lib/cortex-m33/hard-float/no-interrupts/libnrf_cc310_platform_0.9.19.a(hash_driver.c.obj)
                0x0000000000004988                FinishHashDrv
 .text.CC_PalDataBufferAttrGet
                0x00000000000049fc        0x8 /home/jet_mouse/ncs/v2.6.1/nrfxlib/crypto/nrf_cc310_platform/lib/cortex-m33/hard-float/no-interrupts/libnrf_cc310_platform_0.9.19.a(cc_pal_buff_attr.c.obj)
                0x00000000000049fc                CC_PalDataBufferAttrGet
 .text.exit     0x0000000000004a04       0x28 /home/jet_mouse/ncs/toolchains/e9dba88316/opt/zephyr-sdk/arm-zephyr-eabi/bin/../lib/gcc/arm-zephyr-eabi/12.2.0/../../../../arm-zephyr-eabi/lib/thumb/v8-m.main+fp/hard/libc_nano.a(lib_a-exit.o)
                0x0000000000004a04                exit
 .text.__libc_init_array
                0x0000000000004a2c       0x48 /home/jet_mouse/ncs/toolchains/e9dba88316/opt/zephyr-sdk/arm-zephyr-eabi/bin/../lib/gcc/arm-zephyr-eabi/12.2.0/../../../../arm-zephyr-eabi/lib/thumb/v8-m.main+fp/hard/libc_nano.a(lib_a-init.o)
                0x0000000000004a2c                __libc_init_array
 .text          0x0000000000004a74       0xc8 /home/jet_mouse/ncs/toolchains/e9dba88316/opt/zephyr-sdk/arm-zephyr-eabi/bin/../lib/gcc/arm-zephyr-eabi/12.2.0/thumb/v8-m.main+fp/hard/libgcc.a(cmse.o)
                0x0000000000004a74                cmse_check_address_range
 .text._exit    0x0000000000004b3c        0x4 /home/jet_mouse/ncs/toolchains/e9dba88316/opt/zephyr-sdk/arm-zephyr-eabi/bin/../lib/gcc/arm-zephyr-eabi/12.2.0/../../../../arm-zephyr-eabi/lib/thumb/v8-m.main+fp/hard/libnosys.a(_exit.o)
                0x0000000000004b3c                _exit
 .text.clear_caller_context
                0x0000000000004b40       0x5c secure_fw/CMakeFiles/tfm_s.dir/partitions/ns_agent_tz/psa_api_veneers_v80m.o
 .text.C_HardFault_Handler
                0x0000000000004b9c        0x4 secure_fw/CMakeFiles/tfm_s.dir/__/platform/ext/common/faults.o
                0x0000000000004b9c                C_HardFault_Handler
 .text.HardFault_Handler
                0x0000000000004ba0       0x1c secure_fw/CMakeFiles/tfm_s.dir/__/platform/ext/common/faults.o
                0x0000000000004ba0                HardFault_Handler
 .text.C_MemManage_Handler
                0x0000000000004bbc        0x4 secure_fw/CMakeFiles/tfm_s.dir/__/platform/ext/common/faults.o
                0x0000000000004bbc                C_MemManage_Handler
 .text.MemManage_Handler
                0x0000000000004bc0       0x1c secure_fw/CMakeFiles/tfm_s.dir/__/platform/ext/common/faults.o
                0x0000000000004bc0                MemManage_Handler
 .text.C_BusFault_Handler
                0x0000000000004bdc        0x4 secure_fw/CMakeFiles/tfm_s.dir/__/platform/ext/common/faults.o
                0x0000000000004bdc                C_BusFault_Handler
 .text.BusFault_Handler
                0x0000000000004be0       0x1c secure_fw/CMakeFiles/tfm_s.dir/__/platform/ext/common/faults.o
                0x0000000000004be0                BusFault_Handler
 .text.C_SecureFault_Handler
                0x0000000000004bfc        0x4 secure_fw/CMakeFiles/tfm_s.dir/__/platform/ext/common/faults.o
                0x0000000000004bfc                C_SecureFault_Handler
 .text.SecureFault_Handler
                0x0000000000004c00       0x1c secure_fw/CMakeFiles/tfm_s.dir/__/platform/ext/common/faults.o
                0x0000000000004c00                SecureFault_Handler
 .text.C_UsageFault_Handler
                0x0000000000004c1c        0x4 secure_fw/CMakeFiles/tfm_s.dir/__/platform/ext/common/faults.o
                0x0000000000004c1c                C_UsageFault_Handler
 .text.UsageFault_Handler
                0x0000000000004c20       0x1c secure_fw/CMakeFiles/tfm_s.dir/__/platform/ext/common/faults.o
                0x0000000000004c20                UsageFault_Handler
 .text.memcpy   0x0000000000004c3c       0x4a secure_fw/partitions/lib/runtime/libtfm_sprt.a(crt_memcpy.o)
                0x0000000000004c3c                memcpy
 .text.memset   0x0000000000004c86       0x46 secure_fw/partitions/lib/runtime/libtfm_sprt.a(crt_memset.o)
                0x0000000000004c86                memset
 .text.platform_calloc_uninit
                0x0000000000004ccc        0x4 secure_fw/partitions/crypto/mbedcrypto/nrf_security_src/libcrypto_service_mbedcrypto.a(platform.o)
 .text.platform_free_uninit
                0x0000000000004cd0        0x2 secure_fw/partitions/crypto/mbedcrypto/nrf_security_src/libcrypto_service_mbedcrypto.a(platform.o)
 .text.mbedtls_zeroize_and_free
                0x0000000000004cd2       0x14 secure_fw/partitions/crypto/mbedcrypto/nrf_security_src/libcrypto_service_mbedcrypto.a(platform_util.o)
                0x0000000000004cd2                mbedtls_zeroize_and_free
 .text.psa_remove_key_data_from_memory
                0x0000000000004ce6       0x16 secure_fw/partitions/crypto/mbedcrypto/nrf_security_src/libcrypto_service_mbedcrypto.a(psa_crypto.o)
                0x0000000000004ce6                psa_remove_key_data_from_memory
 .text.psa_wipe_key_slot
                0x0000000000004cfc       0x22 secure_fw/partitions/crypto/mbedcrypto/nrf_security_src/libcrypto_service_mbedcrypto.a(psa_crypto.o)
                0x0000000000004cfc                psa_wipe_key_slot
 .text.psa_driver_wrapper_init
                0x0000000000004d1e        0x4 secure_fw/partitions/crypto/mbedcrypto/nrf_security_src/libcrypto_service_mbedcrypto.a(psa_crypto_driver_wrappers.o)
                0x0000000000004d1e                psa_driver_wrapper_init
 .text.psa_driver_wrapper_free
                0x0000000000004d22        0x2 secure_fw/partitions/crypto/mbedcrypto/nrf_security_src/libcrypto_service_mbedcrypto.a(psa_crypto_driver_wrappers.o)
                0x0000000000004d22                psa_driver_wrapper_free
 .text.psa_driver_wrapper_init_random
                0x0000000000004d24        0x4 secure_fw/partitions/crypto/mbedcrypto/nrf_security_src/libcrypto_service_mbedcrypto.a(psa_crypto_driver_wrappers.o)
                0x0000000000004d24                psa_driver_wrapper_init_random
 .text.psa_driver_wrapper_get_random
                0x0000000000004d28       0x22 secure_fw/partitions/crypto/mbedcrypto/nrf_security_src/libcrypto_service_mbedcrypto.a(psa_crypto_driver_wrappers.o)
                0x0000000000004d28                psa_driver_wrapper_get_random
 .text.psa_driver_wrapper_free_random
                0x0000000000004d4a        0x4 secure_fw/partitions/crypto/mbedcrypto/nrf_security_src/libcrypto_service_mbedcrypto.a(psa_crypto_driver_wrappers.o)
                0x0000000000004d4a                psa_driver_wrapper_free_random
 .text.memmove  0x0000000000004d4e       0x34 /home/jet_mouse/ncs/toolchains/e9dba88316/opt/zephyr-sdk/arm-zephyr-eabi/bin/../lib/gcc/arm-zephyr-eabi/12.2.0/../../../../arm-zephyr-eabi/lib/thumb/v8-m.main+fp/hard/libc_nano.a(lib_a-memmove.o)
                0x0000000000004d4e                memmove
 .text          0x0000000000004d82       0x5c /home/jet_mouse/ncs/toolchains/e9dba88316/opt/zephyr-sdk/arm-zephyr-eabi/bin/../lib/gcc/arm-zephyr-eabi/12.2.0/thumb/v8-m.main+fp/hard/libgcc.a(cmse_nonsecure_call.o)
                0x0000000000004d82                __gnu_cmse_nonsecure_call
 *(.init)
 *fill*         0x0000000000004dde        0x2 
 .init          0x0000000000004de0        0x4 /home/jet_mouse/ncs/toolchains/e9dba88316/opt/zephyr-sdk/arm-zephyr-eabi/bin/../lib/gcc/arm-zephyr-eabi/12.2.0/thumb/v8-m.main+fp/hard/crti.o
                0x0000000000004de0                _init
 .init          0x0000000000004de4        0x8 /home/jet_mouse/ncs/toolchains/e9dba88316/opt/zephyr-sdk/arm-zephyr-eabi/bin/../lib/gcc/arm-zephyr-eabi/12.2.0/thumb/v8-m.main+fp/hard/crtn.o
 *(.fini)
 .fini          0x0000000000004dec        0x4 /home/jet_mouse/ncs/toolchains/e9dba88316/opt/zephyr-sdk/arm-zephyr-eabi/bin/../lib/gcc/arm-zephyr-eabi/12.2.0/thumb/v8-m.main+fp/hard/crti.o
                0x0000000000004dec                _fini
 .fini          0x0000000000004df0        0x8 /home/jet_mouse/ncs/toolchains/e9dba88316/opt/zephyr-sdk/arm-zephyr-eabi/bin/../lib/gcc/arm-zephyr-eabi/12.2.0/thumb/v8-m.main+fp/hard/crtn.o
 *crtbegin.o(.ctors)
 *crtbegin?.o(.ctors)
 *(EXCLUDE_FILE(*crtend.o *crtend?.o) .ctors)
 *(SORT_BY_NAME(.ctors.*))
 *(.ctors)
 *crtbegin.o(.dtors)
 *crtbegin?.o(.dtors)
 *(EXCLUDE_FILE(*crtend.o *crtend?.o) .dtors)
 *(SORT_BY_NAME(.dtors.*))
 *(.dtors)
 *(SORT_BY_ALIGNMENT(.rodata*))
 .rodata.psa_api_thread_fn_call
                0x0000000000004df8       0x2c secure_fw/partitions/lib/runtime/libtfm_sprt.a(psa_interface_thread_fn_call.o)
                0x0000000000004df8                psa_api_thread_fn_call
 .rodata.CSWTCH.10
                0x0000000000004e24       0x1c /home/jet_mouse/ncs/v2.6.1/nrfxlib/crypto/nrf_cc310_platform/lib/cortex-m33/hard-float/no-interrupts/libnrf_cc310_platform_0.9.19.a(nrf_cc3xx_platform.c.obj)
 .rodata.RndStartupTest.constprop.0.str1.4
                0x0000000000004e40       0x6f /home/jet_mouse/ncs/v2.6.1/nrfxlib/crypto/nrf_cc310_platform/lib/cortex-m33/hard-float/no-interrupts/libnrf_cc310_platform_0.9.19.a(cc_lib.c.obj)
 *fill*         0x0000000000004eaf        0x1 
 .rodata.CC_PalPowerSaveModeInit.str1.4
                0x0000000000004eb0       0x20 /home/jet_mouse/ncs/v2.6.1/nrfxlib/crypto/nrf_cc310_platform/lib/cortex-m33/hard-float/no-interrupts/libnrf_cc310_platform_0.9.19.a(cc_pal_pm.c.obj)
 .rodata.mutex_free.str1.4
                0x0000000000004ed0       0x26 /home/jet_mouse/ncs/v2.6.1/nrfxlib/crypto/nrf_cc310_platform/lib/cortex-m33/hard-float/no-interrupts/libnrf_cc310_platform_0.9.19.a(nrf_cc3xx_platform_mutex.c.obj)
 *fill*         0x0000000000004ef6        0x2 
 .rodata.mutex_init.str1.4
                0x0000000000004ef8       0x23 /home/jet_mouse/ncs/v2.6.1/nrfxlib/crypto/nrf_cc310_platform/lib/cortex-m33/hard-float/no-interrupts/libnrf_cc310_platform_0.9.19.a(nrf_cc3xx_platform_mutex.c.obj)
 *fill*         0x0000000000004f1b        0x1 
 .rodata.mbedtls_hardware_poll.str1.4
                0x0000000000004f1c       0x16 /home/jet_mouse/ncs/v2.6.1/nrfxlib/crypto/nrf_cc310_platform/lib/cortex-m33/hard-float/no-interrupts/libnrf_cc310_platform_0.9.19.a(trng_api.c.obj)
                                         0x6e (size before relaxing)
 *fill*         0x0000000000004f32        0x2 
 .rodata.cc_mbedtls_sha256_init.str1.4
                0x0000000000004f34        0xe /home/jet_mouse/ncs/v2.6.1/nrfxlib/crypto/nrf_cc310_platform/lib/cortex-m33/hard-float/no-interrupts/libnrf_cc310_platform_0.9.19.a(sha256_alt.c.obj)
 .rodata.ProcessHashDrv.str1.4
                0x0000000000004f42       0x6f /home/jet_mouse/ncs/v2.6.1/nrfxlib/crypto/nrf_cc310_platform/lib/cortex-m33/hard-float/no-interrupts/libnrf_cc310_platform_0.9.19.a(hash_driver.c.obj)
 *fill*         0x0000000000004f42        0x2 
 .rodata.HASH_LARVAL_SHA256
                0x0000000000004f44       0x20 /home/jet_mouse/ncs/v2.6.1/nrfxlib/crypto/nrf_cc310_platform/lib/cortex-m33/hard-float/no-interrupts/libnrf_cc310_platform_0.9.19.a(hash_driver.c.obj)
 .rodata.HASH_LARVAL_SHA224
                0x0000000000004f64       0x20 /home/jet_mouse/ncs/v2.6.1/nrfxlib/crypto/nrf_cc310_platform/lib/cortex-m33/hard-float/no-interrupts/libnrf_cc310_platform_0.9.19.a(hash_driver.c.obj)
 .rodata.HASH_LARVAL_SHA1
                0x0000000000004f84       0x14 /home/jet_mouse/ncs/v2.6.1/nrfxlib/crypto/nrf_cc310_platform/lib/cortex-m33/hard-float/no-interrupts/libnrf_cc310_platform_0.9.19.a(hash_driver.c.obj)
 .rodata._global_impure_ptr
                0x0000000000004f98        0x4 /home/jet_mouse/ncs/toolchains/e9dba88316/opt/zephyr-sdk/arm-zephyr-eabi/bin/../lib/gcc/arm-zephyr-eabi/12.2.0/../../../../arm-zephyr-eabi/lib/thumb/v8-m.main+fp/hard/libc_nano.a(lib_a-impure.o)
                0x0000000000004f98                _global_impure_ptr
 .rodata.str1.1
                0x0000000000004f9c        0xb secure_fw/CMakeFiles/tfm_s.dir/__/generated/secure_fw/partitions/crypto/auto_generated/load_info_tfm_crypto.o
 .rodata.str1.1
                0x0000000000004fa7       0x15 secure_fw/CMakeFiles/tfm_s.dir/__/generated/secure_fw/partitions/platform/auto_generated/load_info_tfm_platform.o
 *(.eh_frame*)
 .eh_frame      0x0000000000004fbc        0x0 /home/jet_mouse/ncs/toolchains/e9dba88316/opt/zephyr-sdk/arm-zephyr-eabi/bin/../lib/gcc/arm-zephyr-eabi/12.2.0/thumb/v8-m.main+fp/hard/crtbegin.o
 .eh_frame      0x0000000000004fbc        0x4 /home/jet_mouse/ncs/toolchains/e9dba88316/opt/zephyr-sdk/arm-zephyr-eabi/bin/../lib/gcc/arm-zephyr-eabi/12.2.0/thumb/v8-m.main+fp/hard/crtend.o
                0x0000000000004fc0                . = ALIGN (0x20)
                0x0000000000002700                Image$$TFM_UNPRIV_CODE_START$$RO$$Base = ADDR (.TFM_UNPRIV_CODE)
                0x0000000000004fc0                Image$$TFM_UNPRIV_CODE_END$$RO$$Limit = (ADDR (.TFM_UNPRIV_CODE) + SIZEOF (.TFM_UNPRIV_CODE))

.glue_7         0x0000000000004fc0        0x0
 .glue_7        0x0000000000004fc0        0x0 linker stubs

.glue_7t        0x0000000000004fc0        0x0
 .glue_7t       0x0000000000004fc0        0x0 linker stubs

.vfp11_veneer   0x0000000000004fc0        0x0
 .vfp11_veneer  0x0000000000004fc0        0x0 linker stubs

.v4_bx          0x0000000000004fc0        0x0
 .v4_bx         0x0000000000004fc0        0x0 linker stubs

.iplt           0x0000000000004fc0        0x0
 .iplt          0x0000000000004fc0        0x0 /home/jet_mouse/ncs/toolchains/e9dba88316/opt/zephyr-sdk/arm-zephyr-eabi/bin/../lib/gcc/arm-zephyr-eabi/12.2.0/thumb/v8-m.main+fp/hard/crtbegin.o

.psa_interface_thread_fn_call
                0x0000000000004fc0       0xb0
 .psa_interface_thread_fn_call
                0x0000000000004fc0       0xb0 secure_fw/partitions/lib/runtime/libtfm_sprt.a(psa_interface_thread_fn_call.o)
                0x0000000000004fc0                psa_framework_version_thread_fn_call
                0x0000000000004fcc                psa_version_thread_fn_call
                0x0000000000004fd8                tfm_psa_call_pack_thread_fn_call
                0x0000000000004fe4                psa_wait_thread_fn_call
                0x0000000000004ff0                psa_get_thread_fn_call
                0x0000000000004ffc                psa_read_thread_fn_call
                0x0000000000005008                psa_skip_thread_fn_call
                0x0000000000005014                psa_write_thread_fn_call
                0x0000000000005020                psa_reply_thread_fn_call
                0x000000000000502c                psa_panic_thread_fn_call
                0x0000000000005038                psa_rot_lifecycle_state_thread_fn_call

.rel.dyn        0x0000000000005070        0x0
 .rel.iplt      0x0000000000005070        0x0 /home/jet_mouse/ncs/toolchains/e9dba88316/opt/zephyr-sdk/arm-zephyr-eabi/bin/../lib/gcc/arm-zephyr-eabi/12.2.0/thumb/v8-m.main+fp/hard/crtbegin.o

.gnu.sgstubs    0x0000000000007c00       0x40
 *(.gnu.sgstubs*)
 .gnu.sgstubs.__stub
                0x0000000000007c00       0x28 linker stubs
                0x0000000000007c00                tfm_psa_framework_version_veneer
                0x0000000000007c08                tfm_psa_version_veneer
                0x0000000000007c10                tfm_psa_close_veneer
                0x0000000000007c18                tfm_psa_connect_veneer
                0x0000000000007c20                tfm_psa_call_veneer

.sgstubs_end    0x0000000000008000        0x0

.tfm_secure_data_start
                0x0000000020000000        0x0
                0x0000000020000000                . = ALIGN (0x4)

.tfm_bl2_shared_data
                0x0000000020000000      0x400
                0x0000000020000400                . = (. + 0x400)
 *fill*         0x0000000020000000      0x400 

.msp_stack      0x0000000020000400      0x7f8
                0x0000000020000bf8                . = (. + (__msp_stack_size__ - 0x8))
 *fill*         0x0000000020000400      0x7f8 
                0x0000000020000400                Image$$ARM_LIB_STACK$$ZI$$Base = ADDR (.msp_stack)
                0x0000000020000bf8                Image$$ARM_LIB_STACK$$ZI$$Limit = (ADDR (.msp_stack) + SIZEOF (.msp_stack))

.msp_stack_seal_res
                0x0000000020000bf8        0x8
                0x0000000020000c00                . = (. + 0x8)
 *fill*         0x0000000020000bf8        0x8 
                0x0000000020000bf8                __StackSeal = ADDR (.msp_stack_seal_res)

.TFM_SP_META_PTR
                0x0000000020000c00       0x20
 *(.bss.SP_META_PTR_SPRTL_INST)
 .bss.SP_META_PTR_SPRTL_INST
                0x0000000020000c00        0x4 secure_fw/partitions/lib/runtime/libtfm_sprt.a(sprt_partition_metadata_indicator.o)
                0x0000000020000c00                p_partition_metadata
                0x0000000020000c20                . = ALIGN (0x20)
 *fill*         0x0000000020000c04       0x1c 
                0x0000000020000c00                Image$$TFM_SP_META_PTR$$ZI$$Base = ADDR (.TFM_SP_META_PTR)
                0x0000000020000c20                Image$$TFM_SP_META_PTR$$ZI$$Limit = (ADDR (.TFM_SP_META_PTR) + SIZEOF (.TFM_SP_META_PTR))
                0x0000000020000c20                Image$$TFM_SP_META_PTR_END$$ZI$$Limit = Image$$TFM_SP_META_PTR$$ZI$$Limit
                0x0000000020000c20                . = ALIGN (0x20)
                0x0000000020000c20                Image$$TFM_APP_RW_STACK_START$$Base = .

.TFM_APP_ROT_LINKER_DATA
                0x0000000020000c20        0x0 load address 0x0000000000007c40
 *tfm_app_rot_partition*:(SORT_BY_ALIGNMENT(.data*))
 *(TFM_*_APP-ROT_ATTR_RW)
                0x0000000020000c20                . = ALIGN (0x4)
                0x0000000020000c20                Image$$TFM_APP_ROT_LINKER_DATA$$RW$$Base = ADDR (.TFM_APP_ROT_LINKER_DATA)
                0x0000000020000c20                Image$$TFM_APP_ROT_LINKER_DATA$$RW$$Limit = (ADDR (.TFM_APP_ROT_LINKER_DATA) + SIZEOF (.TFM_APP_ROT_LINKER_DATA))

.TFM_APP_ROT_LINKER_BSS
                0x0000000020000c20       0x20
                0x0000000020000c20                start_of_TFM_APP_ROT_LINKER = .
 *tfm_app_rot_partition*:(SORT_BY_ALIGNMENT(.bss*))
 *tfm_app_rot_partition*:*(COMMON)
 *(TFM_*_APP-ROT_ATTR_ZI)
                0x0000000020000c24                . = (. + (. - start_of_TFM_APP_ROT_LINKER)?0x0:0x4)
 *fill*         0x0000000020000c20        0x4 
                0x0000000020000c40                . = ALIGN (0x20)
 *fill*         0x0000000020000c24       0x1c 
                0x0000000020000c20                Image$$TFM_APP_ROT_LINKER_DATA$$ZI$$Base = ADDR (.TFM_APP_ROT_LINKER_BSS)
                0x0000000020000c40                Image$$TFM_APP_ROT_LINKER_DATA$$ZI$$Limit = (ADDR (.TFM_APP_ROT_LINKER_BSS) + SIZEOF (.TFM_APP_ROT_LINKER_BSS))
                0x0000000020000c40                Image$$TFM_APP_RW_STACK_END$$Base = .
                0x0000000020000c40                Image$$TFM_PSA_RW_STACK_START$$Base = .

.TFM_PSA_ROT_LINKER_DATA
                0x0000000020000c40        0x0 load address 0x0000000000007c40
 *tfm_psa_rot_partition*:(SORT_BY_ALIGNMENT(.data*))
 *(TFM_*_PSA-ROT_ATTR_RW)
                0x0000000020000c40                . = ALIGN (0x4)
                0x0000000020000c40                Image$$TFM_PSA_ROT_LINKER_DATA$$RW$$Base = ADDR (.TFM_PSA_ROT_LINKER_DATA)
                0x0000000020000c40                Image$$TFM_PSA_ROT_LINKER_DATA$$RW$$Limit = (ADDR (.TFM_PSA_ROT_LINKER_DATA) + SIZEOF (.TFM_PSA_ROT_LINKER_DATA))

.TFM_PSA_ROT_LINKER_BSS
                0x0000000020000c40     0x1160
                0x0000000020000c40                start_of_TFM_PSA_ROT_LINKER = .
 *tfm_psa_rot_partition*:(SORT_BY_ALIGNMENT(.bss*))
 .bss.tfm_sp_crypto_stack
                0x0000000020000c40      0x800 secure_fw/partitions/crypto/libtfm_psa_rot_partition_crypto.a(intermedia_tfm_crypto.o)
                0x0000000020000c40                tfm_sp_crypto_stack
 .bss.tfm_sp_platform_stack
                0x0000000020001440      0x500 secure_fw/partitions/platform/libtfm_psa_rot_partition_platform.a(intermedia_tfm_platform.o)
                0x0000000020001440                tfm_sp_platform_stack
 .bss.scratch   0x0000000020001940      0x408 secure_fw/partitions/crypto/libtfm_psa_rot_partition_crypto.a(crypto_init.o)
 .bss.operations
                0x0000000020001d48       0x28 secure_fw/partitions/crypto/libtfm_psa_rot_partition_crypto.a(crypto_alloc.o)
 .bss.mbedtls_mem_buf
                0x0000000020001d70        0x1 secure_fw/partitions/crypto/libtfm_psa_rot_partition_crypto.a(crypto_library.o)
 .bss.mbedtls_version_full
                0x0000000020001d71       0x12 secure_fw/partitions/crypto/libtfm_psa_rot_partition_crypto.a(crypto_library.o)
 *tfm_psa_rot_partition*:*(COMMON)
 *(TFM_*_PSA-ROT_ATTR_ZI)
                0x0000000020001d83                . = (. + (. - start_of_TFM_PSA_ROT_LINKER)?0x0:0x4)
                0x0000000020001da0                . = ALIGN (0x20)
 *fill*         0x0000000020001d83       0x1d 
                0x0000000020000c40                Image$$TFM_PSA_ROT_LINKER_DATA$$ZI$$Base = ADDR (.TFM_PSA_ROT_LINKER_BSS)
                0x0000000020001da0                Image$$TFM_PSA_ROT_LINKER_DATA$$ZI$$Limit = (ADDR (.TFM_PSA_ROT_LINKER_BSS) + SIZEOF (.TFM_PSA_ROT_LINKER_BSS))
                0x0000000020001da0                Image$$TFM_PSA_RW_STACK_END$$Base = .

.TFM_DATA       0x0000000020001da0       0xfc load address 0x0000000000007c40
 *(SORT_BY_ALIGNMENT(.data*))
 .data.ret_err  0x0000000020001da0        0x4 secure_fw/CMakeFiles/tfm_s.dir/partitions/ns_agent_tz/psa_api_veneers_v80m.o